Archive member included to satisfy reference by file (symbol)

c:/program files (x86)/atmel/studio/7.0/toolchain/arm/arm-gnu-toolchain/bin/../lib/gcc/arm-none-eabi/5.3.1/armv6-m\libgcc.a(_udivsi3.o)
                              src/ASF/common2/services/delay/sam0/systick_counter.o (__aeabi_uidiv)
c:/program files (x86)/atmel/studio/7.0/toolchain/arm/arm-gnu-toolchain/bin/../lib/gcc/arm-none-eabi/5.3.1/armv6-m\libgcc.a(_divsi3.o)
                              src/OCTO_DAC.o (__aeabi_idiv)
c:/program files (x86)/atmel/studio/7.0/toolchain/arm/arm-gnu-toolchain/bin/../lib/gcc/arm-none-eabi/5.3.1/armv6-m\libgcc.a(_dvmd_tls.o)
                              c:/program files (x86)/atmel/studio/7.0/toolchain/arm/arm-gnu-toolchain/bin/../lib/gcc/arm-none-eabi/5.3.1/armv6-m\libgcc.a(_udivsi3.o) (__aeabi_idiv0)
c:/program files (x86)/atmel/studio/7.0/toolchain/arm/arm-gnu-toolchain/bin/../lib/gcc/arm-none-eabi/5.3.1/armv6-m\libgcc.a(_muldi3.o)
                              src/ASF/sam0/drivers/sercom/sercom.o (__aeabi_lmul)
c:/program files (x86)/atmel/studio/7.0/toolchain/arm/arm-gnu-toolchain/bin/../lib/gcc/arm-none-eabi/5.3.1/armv6-m\libgcc.a(adddf3.o)
                              src/ASF/sam0/drivers/sercom/i2c/i2c_sam0/i2c_master.o (__aeabi_dadd)
c:/program files (x86)/atmel/studio/7.0/toolchain/arm/arm-gnu-toolchain/bin/../lib/gcc/arm-none-eabi/5.3.1/armv6-m\libgcc.a(divdf3.o)
                              src/ASF/sam0/drivers/sercom/i2c/i2c_sam0/i2c_master.o (__aeabi_ddiv)
c:/program files (x86)/atmel/studio/7.0/toolchain/arm/arm-gnu-toolchain/bin/../lib/gcc/arm-none-eabi/5.3.1/armv6-m\libgcc.a(muldf3.o)
                              src/ASF/sam0/drivers/sercom/i2c/i2c_sam0/i2c_master.o (__aeabi_dmul)
c:/program files (x86)/atmel/studio/7.0/toolchain/arm/arm-gnu-toolchain/bin/../lib/gcc/arm-none-eabi/5.3.1/armv6-m\libgcc.a(subdf3.o)
                              src/ASF/sam0/drivers/sercom/i2c/i2c_sam0/i2c_master.o (__aeabi_dsub)
c:/program files (x86)/atmel/studio/7.0/toolchain/arm/arm-gnu-toolchain/bin/../lib/gcc/arm-none-eabi/5.3.1/armv6-m\libgcc.a(fixdfsi.o)
                              src/ASF/sam0/drivers/sercom/i2c/i2c_sam0/i2c_master.o (__aeabi_d2iz)
c:/program files (x86)/atmel/studio/7.0/toolchain/arm/arm-gnu-toolchain/bin/../lib/gcc/arm-none-eabi/5.3.1/armv6-m\libgcc.a(floatunsidf.o)
                              src/ASF/sam0/drivers/sercom/i2c/i2c_sam0/i2c_master.o (__aeabi_ui2d)
c:/program files (x86)/atmel/studio/7.0/toolchain/arm/arm-gnu-toolchain/bin/../lib/gcc/arm-none-eabi/5.3.1/armv6-m\libgcc.a(_clzsi2.o)
                              c:/program files (x86)/atmel/studio/7.0/toolchain/arm/arm-gnu-toolchain/bin/../lib/gcc/arm-none-eabi/5.3.1/armv6-m\libgcc.a(adddf3.o) (__clzsi2)
c:/program files (x86)/atmel/studio/7.0/toolchain/arm/arm-gnu-toolchain/bin/../lib/gcc/arm-none-eabi/5.3.1/../../../../arm-none-eabi/lib/armv6-m\libc_nano.a(lib_a-exit.o)
                              c:/program files (x86)/atmel/studio/7.0/toolchain/arm/arm-gnu-toolchain/bin/../lib/gcc/arm-none-eabi/5.3.1/../../../../arm-none-eabi/lib/armv6-m/crt0.o (exit)
c:/program files (x86)/atmel/studio/7.0/toolchain/arm/arm-gnu-toolchain/bin/../lib/gcc/arm-none-eabi/5.3.1/../../../../arm-none-eabi/lib/armv6-m\libc_nano.a(lib_a-impure.o)
                              c:/program files (x86)/atmel/studio/7.0/toolchain/arm/arm-gnu-toolchain/bin/../lib/gcc/arm-none-eabi/5.3.1/../../../../arm-none-eabi/lib/armv6-m\libc_nano.a(lib_a-exit.o) (_global_impure_ptr)
c:/program files (x86)/atmel/studio/7.0/toolchain/arm/arm-gnu-toolchain/bin/../lib/gcc/arm-none-eabi/5.3.1/../../../../arm-none-eabi/lib/armv6-m\libc_nano.a(lib_a-init.o)
                              c:/program files (x86)/atmel/studio/7.0/toolchain/arm/arm-gnu-toolchain/bin/../lib/gcc/arm-none-eabi/5.3.1/../../../../arm-none-eabi/lib/armv6-m/crt0.o (__libc_init_array)
c:/program files (x86)/atmel/studio/7.0/toolchain/arm/arm-gnu-toolchain/bin/../lib/gcc/arm-none-eabi/5.3.1/../../../../arm-none-eabi/lib/armv6-m\libc_nano.a(lib_a-memcpy-stub.o)
                              src/ASF/sam0/drivers/adc/adc_sam_d_r/adc.o (memcpy)
c:/program files (x86)/atmel/studio/7.0/toolchain/arm/arm-gnu-toolchain/bin/../lib/gcc/arm-none-eabi/5.3.1/../../../../arm-none-eabi/lib/armv6-m\libc_nano.a(lib_a-memset.o)
                              c:/program files (x86)/atmel/studio/7.0/toolchain/arm/arm-gnu-toolchain/bin/../lib/gcc/arm-none-eabi/5.3.1/../../../../arm-none-eabi/lib/armv6-m/crt0.o (memset)
c:/program files (x86)/atmel/studio/7.0/toolchain/arm/arm-gnu-toolchain/bin/../lib/gcc/arm-none-eabi/5.3.1/../../../../arm-none-eabi/lib/armv6-m\libc_nano.a(lib_a-printf.o)
                              src/ASF/sam0/utils/syscalls/gcc/syscalls.o (printf)
c:/program files (x86)/atmel/studio/7.0/toolchain/arm/arm-gnu-toolchain/bin/../lib/gcc/arm-none-eabi/5.3.1/../../../../arm-none-eabi/lib/armv6-m\libc_nano.a(lib_a-setbuf.o)
[...]
Memory Configuration

Name             Origin             Length             Attributes
rom              0x00000000         0x00040000         xr
ram              0x20000000         0x00008000         xrw
*default*        0x00000000         0xffffffff

Linker script and memory map

LOAD c:/program files (x86)/atmel/studio/7.0/toolchain/arm/arm-gnu-toolchain/bin/../lib/gcc/arm-none-eabi/5.3.1/armv6-m/crti.o
LOAD c:/program files (x86)/atmel/studio/7.0/toolchain/arm/arm-gnu-toolchain/bin/../lib/gcc/arm-none-eabi/5.3.1/armv6-m/crtbegin.o
LOAD c:/program files (x86)/atmel/studio/7.0/toolchain/arm/arm-gnu-toolchain/bin/../lib/gcc/arm-none-eabi/5.3.1/../../../../arm-none-eabi/lib/armv6-m/crt0.o
LOAD src/OCTO_USART.o
LOAD src/ASF/common2/services/delay/sam0/systick_counter.o
LOAD src/ASF/sam0/drivers/rtc/rtc_sam_d_r/rtc_count.o
LOAD src/ASF/sam0/drivers/rtc/rtc_sam_d_r/rtc_count_interrupt.o
LOAD src/ASF/sam0/utils/stdio/read.o
LOAD src/ASF/sam0/utils/stdio/write.o
LOAD src/OCTO_ADC.o
LOAD src/OCTO_DAC.o
LOAD src/OCTO_I2C.o
LOAD src/OCTO_RTC.o
LOAD src/ASF/sam0/drivers/adc/adc_sam_d_r/adc.o
LOAD src/ASF/sam0/drivers/adc/adc_sam_d_r/adc_callback.o
LOAD src/ASF/sam0/drivers/dac/dac_sam_d_c/dac.o
LOAD src/ASF/sam0/drivers/dac/dac_sam_d_c/dac_callback.o
LOAD src/ASF/sam0/drivers/port/port.o
LOAD src/ASF/sam0/drivers/sercom/i2c/i2c_sam0/i2c_master.o
LOAD src/ASF/sam0/drivers/sercom/i2c/i2c_sam0/i2c_master_interrupt.o
LOAD src/ASF/sam0/drivers/sercom/sercom.o
LOAD src/ASF/sam0/drivers/sercom/usart/usart.o
LOAD src/ASF/sam0/drivers/sercom/usart/usart_interrupt.o
LOAD src/ASF/sam0/drivers/sercom/sercom_interrupt.o
LOAD src/ASF/common2/boards/user_board/init.o
LOAD src/ASF/common/utils/interrupt/interrupt_sam_nvic.o
LOAD src/ASF/sam0/drivers/system/clock/clock_samd21_r21_da/clock.o
LOAD src/ASF/sam0/drivers/system/clock/clock_samd21_r21_da/gclk.o
LOAD src/ASF/sam0/drivers/system/interrupt/system_interrupt.o
LOAD src/ASF/sam0/drivers/system/pinmux/pinmux.o
LOAD src/ASF/sam0/drivers/system/system.o
LOAD src/ASF/sam0/utils/cmsis/samd21/source/gcc/startup_samd21.o
LOAD src/ASF/sam0/utils/cmsis/samd21/source/system_samd21.o
LOAD src/ASF/sam0/utils/syscalls/gcc/syscalls.o
LOAD src/main.o
START GROUP
LOAD ../src/ASF/thirdparty/CMSIS/Lib/GCC\libarm_cortexM0l_math.a
LOAD c:/program files (x86)/atmel/studio/7.0/toolchain/arm/arm-gnu-toolchain/bin/../lib/gcc/arm-none-eabi/5.3.1/../../../../arm-none-eabi/lib/armv6-m\libm.a
END GROUP
START GROUP
LOAD c:/program files (x86)/atmel/studio/7.0/toolchain/arm/arm-gnu-toolchain/bin/../lib/gcc/arm-none-eabi/5.3.1/armv6-m\libgcc.a
LOAD c:/program files (x86)/atmel/studio/7.0/toolchain/arm/arm-gnu-toolchain/bin/../lib/gcc/arm-none-eabi/5.3.1/../../../../arm-none-eabi/lib/armv6-m\libc_nano.a
END GROUP
START GROUP
LOAD c:/program files (x86)/atmel/studio/7.0/toolchain/arm/arm-gnu-toolchain/bin/../lib/gcc/arm-none-eabi/5.3.1/armv6-m\libgcc.a
LOAD c:/program files (x86)/atmel/studio/7.0/toolchain/arm/arm-gnu-toolchain/bin/../lib/gcc/arm-none-eabi/5.3.1/../../../../arm-none-eabi/lib/armv6-m\libc_nano.a
END GROUP
LOAD c:/program files (x86)/atmel/studio/7.0/toolchain/arm/arm-gnu-toolchain/bin/../lib/gcc/arm-none-eabi/5.3.1/armv6-m/crtend.o
LOAD c:/program files (x86)/atmel/studio/7.0/toolchain/arm/arm-gnu-toolchain/bin/../lib/gcc/arm-none-eabi/5.3.1/armv6-m/crtn.o
                0x00002000                STACK_SIZE = DEFINED (STACK_SIZE)?STACK_SIZE:DEFINED (__stack_size__)?__stack_size__:0x2000

.text           0x00000000     0x5328
                0x00000000                . = ALIGN (0x4)
                0x00000000                _sfixed = .
 *(.vectors .vectors.*)
 .vectors       0x00000000       0xb4 src/ASF/sam0/utils/cmsis/samd21/source/gcc/startup_samd21.o
                0x00000000                exception_table
 *(.text .text.* .gnu.linkonce.t.*)
 .text          0x000000b4       0x60 c:/program files (x86)/atmel/studio/7.0/toolchain/arm/arm-gnu-toolchain/bin/../lib/gcc/arm-none-eabi/5.3.1/armv6-m/crtbegin.o
 .text.usart_write_callback
                0x00000114       0x10 src/OCTO_USART.o
                0x00000114                usart_write_callback
 .text.usart_read_callback
                0x00000124       0x38 src/OCTO_USART.o
                0x00000124                usart_read_callback
 .text.usart_serial_getchar
                0x0000015c       0x2c src/OCTO_USART.o
 .text.usart_serial_putchar
                0x00000188       0x18 src/OCTO_USART.o
 .text.configure_usart
                0x000001a0      0x174 src/OCTO_USART.o
                0x000001a0                configure_usart
 .text.configure_usart_callbacks
                0x00000314       0x34 src/OCTO_USART.o
                0x00000314                configure_usart_callbacks
 .text.bt_usart_receive_job
                0x00000348       0x1c src/OCTO_USART.o
                0x00000348                bt_usart_receive_job
 .text.delay_init
                0x00000364       0x40 src/ASF/common2/services/delay/sam0/systick_counter.o
                0x00000364                delay_init
 .text.rtc_count_is_syncing
                0x000003a4        0x8 src/ASF/sam0/drivers/rtc/rtc_sam_d_r/rtc_count.o
 .text.rtc_count_enable
                0x000003ac       0x28 src/ASF/sam0/drivers/rtc/rtc_sam_d_r/rtc_count.o
                0x000003ac                rtc_count_enable
 .text.rtc_count_disable
                0x000003d4       0x2c src/ASF/sam0/drivers/rtc/rtc_sam_d_r/rtc_count.o
                0x000003d4                rtc_count_disable
 .text.rtc_count_reset
                0x00000400       0x2c src/ASF/sam0/drivers/rtc/rtc_sam_d_r/rtc_count.o
                0x00000400                rtc_count_reset
 .text.rtc_count_get_count
                0x0000042c       0x3c src/ASF/sam0/drivers/rtc/rtc_sam_d_r/rtc_count.o
                0x0000042c                rtc_count_get_count
 .text.rtc_count_set_compare
                0x00000468       0x5c src/ASF/sam0/drivers/rtc/rtc_sam_d_r/rtc_count.o
                0x00000468                rtc_count_set_compare
 .text.rtc_count_init
                0x000004c4       0xe0 src/ASF/sam0/drivers/rtc/rtc_sam_d_r/rtc_count.o
                0x000004c4                rtc_count_init
 .text.RTC_Handler
                0x000005a4       0x50 src/ASF/sam0/drivers/rtc/rtc_sam_d_r/rtc_count_interrupt.o
                0x000005a4                RTC_Handler
 .text._read    0x000005f4       0x40 src/ASF/sam0/utils/stdio/read.o
                0x000005f4                _read
 .text._write   0x00000634       0x50 src/ASF/sam0/utils/stdio/write.o
                0x00000634                _write
 .text.configure_dac
                0x00000684       0x38 src/OCTO_DAC.o
                0x00000684                configure_dac
 .text.set_led_bright_percent
                0x000006bc       0x28 src/OCTO_DAC.o
                0x000006bc                set_led_bright_percent
 .text.configure_gas_gauge
                0x000006e4       0xb0 src/OCTO_I2C.o
                0x000006e4                configure_gas_gauge
 .text.configure_rtc_count
                0x00000794       0x40 src/OCTO_RTC.o
                0x00000794                configure_rtc_count
 .text.get_tick
                0x000007d4       0x14 src/OCTO_RTC.o
                0x000007d4                get_tick
 .text.tick_elapsed
                0x000007e8       0x18 src/OCTO_RTC.o
                0x000007e8                tick_elapsed
 .text.ADC_Handler
                0x00000800       0xbc src/ASF/sam0/drivers/adc/adc_sam_d_r/adc_callback.o
                0x00000800                ADC_Handler
 .text.dac_is_syncing
                0x000008bc        0x8 src/ASF/sam0/drivers/dac/dac_sam_d_c/dac.o
                0x000008bc                dac_is_syncing
 .text.dac_get_config_defaults
                0x000008c4       0x14 src/ASF/sam0/drivers/dac/dac_sam_d_c/dac.o
                0x000008c4                dac_get_config_defaults
 .text.dac_init
                0x000008d8       0xd8 src/ASF/sam0/drivers/dac/dac_sam_d_c/dac.o
                0x000008d8                dac_init
 .text.dac_enable
                0x000009b0       0x3c src/ASF/sam0/drivers/dac/dac_sam_d_c/dac.o
                0x000009b0                dac_enable
 .text.dac_chan_write
                0x000009ec       0x28 src/ASF/sam0/drivers/dac/dac_sam_d_c/dac.o
                0x000009ec                dac_chan_write
 .text.DAC_Handler
                0x00000a14       0xa4 src/ASF/sam0/drivers/dac/dac_sam_d_c/dac_callback.o
                0x00000a14                DAC_Handler
 .text.port_pin_set_config
                0x00000ab8       0x24 src/ASF/sam0/drivers/port/port.o
                0x00000ab8                port_pin_set_config
 .text.i2c_master_init
                0x00000adc      0x2e0 src/ASF/sam0/drivers/sercom/i2c/i2c_sam0/i2c_master.o
                0x00000adc                i2c_master_init
 .text._i2c_master_wait_for_sync
                0x00000dbc        0xc src/ASF/sam0/drivers/sercom/i2c/i2c_sam0/i2c_master_interrupt.o
 .text._i2c_master_read
                0x00000dc8       0x84 src/ASF/sam0/drivers/sercom/i2c/i2c_sam0/i2c_master_interrupt.o
 .text._i2c_master_write
                0x00000e4c       0x3c src/ASF/sam0/drivers/sercom/i2c/i2c_sam0/i2c_master_interrupt.o
 .text._i2c_master_interrupt_handler
                0x00000e88      0x1d4 src/ASF/sam0/drivers/sercom/i2c/i2c_sam0/i2c_master_interrupt.o
                0x00000e88                _i2c_master_interrupt_handler
 .text._sercom_get_sync_baud_val
                0x0000105c       0x28 src/ASF/sam0/drivers/sercom/sercom.o
                0x0000105c                _sercom_get_sync_baud_val
 .text._sercom_get_async_baud_val
                0x00001084      0x1c8 src/ASF/sam0/drivers/sercom/sercom.o
                0x00001084                _sercom_get_async_baud_val
 .text.sercom_set_gclk_generator
                0x0000124c       0x4c src/ASF/sam0/drivers/sercom/sercom.o
                0x0000124c                sercom_set_gclk_generator
 .text._sercom_get_default_pad
                0x00001298      0x108 src/ASF/sam0/drivers/sercom/sercom.o
                0x00001298                _sercom_get_default_pad
 .text._sercom_get_sercom_inst_index
                0x000013a0       0x44 src/ASF/sam0/drivers/sercom/sercom.o
                0x000013a0                _sercom_get_sercom_inst_index
 .text.usart_init
                0x000013e4      0x338 src/ASF/sam0/drivers/sercom/usart/usart.o
                0x000013e4                usart_init
 .text.usart_write_wait
                0x0000171c       0x2c src/ASF/sam0/drivers/sercom/usart/usart.o
                0x0000171c                usart_write_wait
 .text.usart_read_wait
                0x00001748       0x70 src/ASF/sam0/drivers/sercom/usart/usart.o
                0x00001748                usart_read_wait
 .text.usart_write_buffer_wait
                0x000017b8       0xb8 src/ASF/sam0/drivers/sercom/usart/usart.o
                0x000017b8                usart_write_buffer_wait
 .text._usart_write_buffer
                0x00001870       0x3c src/ASF/sam0/drivers/sercom/usart/usart_interrupt.o
                0x00001870                _usart_write_buffer
 .text._usart_read_buffer
                0x000018ac       0x50 src/ASF/sam0/drivers/sercom/usart/usart_interrupt.o
                0x000018ac                _usart_read_buffer
 .text.usart_register_callback
                0x000018fc       0x18 src/ASF/sam0/drivers/sercom/usart/usart_interrupt.o
                0x000018fc                usart_register_callback
 .text.usart_write_buffer_job
                0x00001914       0x20 src/ASF/sam0/drivers/sercom/usart/usart_interrupt.o
                0x00001914                usart_write_buffer_job
 .text.usart_read_buffer_job
                0x00001934       0x20 src/ASF/sam0/drivers/sercom/usart/usart_interrupt.o
                0x00001934                usart_read_buffer_job
 .text._usart_interrupt_handler
                0x00001954      0x18c src/ASF/sam0/drivers/sercom/usart/usart_interrupt.o
                0x00001954                _usart_interrupt_handler
 .text._sercom_default_handler
                0x00001ae0        0x4 src/ASF/sam0/drivers/sercom/sercom_interrupt.o
 .text._sercom_set_handler
                0x00001ae4       0x40 src/ASF/sam0/drivers/sercom/sercom_interrupt.o
                0x00001ae4                _sercom_set_handler
 .text._sercom_get_interrupt_vector
                0x00001b24       0x2c src/ASF/sam0/drivers/sercom/sercom_interrupt.o
                0x00001b24                _sercom_get_interrupt_vector
 .text.SERCOM0_Handler
                0x00001b50       0x10 src/ASF/sam0/drivers/sercom/sercom_interrupt.o
                0x00001b50                SERCOM0_Handler
 .text.SERCOM1_Handler
                0x00001b60       0x10 src/ASF/sam0/drivers/sercom/sercom_interrupt.o
                0x00001b60                SERCOM1_Handler
 .text.SERCOM2_Handler
                0x00001b70       0x10 src/ASF/sam0/drivers/sercom/sercom_interrupt.o
                0x00001b70                SERCOM2_Handler
 .text.SERCOM3_Handler
                0x00001b80       0x10 src/ASF/sam0/drivers/sercom/sercom_interrupt.o
                0x00001b80                SERCOM3_Handler
 .text.system_board_init
                0x00001b90       0x44 src/ASF/common2/boards/user_board/init.o
                0x00001b90                board_init
                0x00001b90                system_board_init
 .text.cpu_irq_enter_critical
                0x00001bd4       0x40 src/ASF/common/utils/interrupt/interrupt_sam_nvic.o
                0x00001bd4                cpu_irq_enter_critical
 .text.cpu_irq_leave_critical
                0x00001c14       0x30 src/ASF/common/utils/interrupt/interrupt_sam_nvic.o
                0x00001c14                cpu_irq_leave_critical
 .text.system_clock_source_get_hz
                0x00001c44       0x90 src/ASF/sam0/drivers/system/clock/clock_samd21_r21_da/clock.o
                0x00001c44                system_clock_source_get_hz
 .text.system_clock_source_osc8m_set_config
                0x00001cd4       0x3c src/ASF/sam0/drivers/system/clock/clock_samd21_r21_da/clock.o
                0x00001cd4                system_clock_source_osc8m_set_config
 .text.system_clock_source_osc32k_set_config
                0x00001d10       0x88 src/ASF/sam0/drivers/system/clock/clock_samd21_r21_da/clock.o
                0x00001d10                system_clock_source_osc32k_set_config
 .text.system_clock_source_enable
                0x00001d98       0xa8 src/ASF/sam0/drivers/system/clock/clock_samd21_r21_da/clock.o
                0x00001d98                system_clock_source_enable
 .text.system_clock_init
                0x00001e40       0xec src/ASF/sam0/drivers/system/clock/clock_samd21_r21_da/clock.o
                0x00001e40                system_clock_init
 .text.system_gclk_init
                0x00001f2c       0x24 src/ASF/sam0/drivers/system/clock/clock_samd21_r21_da/gclk.o
                0x00001f2c                system_gclk_init
 .text.system_gclk_gen_set_config
                0x00001f50       0xb8 src/ASF/sam0/drivers/system/clock/clock_samd21_r21_da/gclk.o
                0x00001f50                system_gclk_gen_set_config
 .text.system_gclk_gen_enable
                0x00002008       0x44 src/ASF/sam0/drivers/system/clock/clock_samd21_r21_da/gclk.o
                0x00002008                system_gclk_gen_enable
 .text.system_gclk_gen_get_hz
                0x0000204c       0x8c src/ASF/sam0/drivers/system/clock/clock_samd21_r21_da/gclk.o
                0x0000204c                system_gclk_gen_get_hz
 .text.system_gclk_chan_enable
                0x000020d8       0x30 src/ASF/sam0/drivers/system/clock/clock_samd21_r21_da/gclk.o
                0x000020d8                system_gclk_chan_enable
 .text.system_gclk_chan_disable
                0x00002108       0x5c src/ASF/sam0/drivers/system/clock/clock_samd21_r21_da/gclk.o
                0x00002108                system_gclk_chan_disable
 .text.system_gclk_chan_set_config
                0x00002164       0x1c src/ASF/sam0/drivers/system/clock/clock_samd21_r21_da/gclk.o
                0x00002164                system_gclk_chan_set_config
 .text.system_gclk_chan_get_hz
                0x00002180       0x34 src/ASF/sam0/drivers/system/clock/clock_samd21_r21_da/gclk.o
                0x00002180                system_gclk_chan_get_hz
 .text._system_pinmux_config
                0x000021b4       0xa8 src/ASF/sam0/drivers/system/pinmux/pinmux.o
 .text.system_pinmux_pin_set_config
                0x0000225c       0x30 src/ASF/sam0/drivers/system/pinmux/pinmux.o
                0x0000225c                system_pinmux_pin_set_config
 .text._system_dummy_init
                0x0000228c        0x4 src/ASF/sam0/drivers/system/system.o
                0x0000228c                _system_extint_init
                0x0000228c                _system_events_init
                0x0000228c                _system_dummy_init
                0x0000228c                _system_divas_init
 .text.system_init
                0x00002290       0x2c src/ASF/sam0/drivers/system/system.o
                0x00002290                system_init
 .text.Dummy_Handler
                0x000022bc        0x4 src/ASF/sam0/utils/cmsis/samd21/source/gcc/startup_samd21.o
                0x000022bc                DMAC_Handler
                0x000022bc                HardFault_Handler
                0x000022bc                AC_Handler
                0x000022bc                SysTick_Handler
                0x000022bc                PendSV_Handler
                0x000022bc                NMI_Handler
                0x000022bc                TCC1_Handler
                0x000022bc                TCC0_Handler
                0x000022bc                EIC_Handler
                0x000022bc                WDT_Handler
                0x000022bc                TC4_Handler
                0x000022bc                USB_Handler
                0x000022bc                TC3_Handler
                0x000022bc                Dummy_Handler
                0x000022bc                PM_Handler
                0x000022bc                SVC_Handler
                0x000022bc                TCC2_Handler
                0x000022bc                EVSYS_Handler
                0x000022bc                I2S_Handler
                0x000022bc                NVMCTRL_Handler
                0x000022bc                PTC_Handler
                0x000022bc                TC5_Handler
                0x000022bc                SYSCTRL_Handler
 .text.Reset_Handler
                0x000022c0       0xf8 src/ASF/sam0/utils/cmsis/samd21/source/gcc/startup_samd21.o
                0x000022c0                Reset_Handler
 .text._sbrk    0x000023b8       0x24 src/ASF/sam0/utils/syscalls/gcc/syscalls.o
                0x000023b8                _sbrk
 .text._close   0x000023dc        0x8 src/ASF/sam0/utils/syscalls/gcc/syscalls.o
                0x000023dc                _close
 .text._fstat   0x000023e4        0xc src/ASF/sam0/utils/syscalls/gcc/syscalls.o
                0x000023e4                _fstat
 .text._isatty  0x000023f0        0x4 src/ASF/sam0/utils/syscalls/gcc/syscalls.o
                0x000023f0                _isatty
 .text._lseek   0x000023f4        0x4 src/ASF/sam0/utils/syscalls/gcc/syscalls.o
                0x000023f4                _lseek
 .text.configure_OCTO_peripheral
                0x000023f8       0x6c src/main.o
                0x000023f8                configure_OCTO_peripheral
 .text.main     0x00002464       0x48 src/main.o
                0x00002464                main
 .text          0x000024ac      0x114 c:/program files (x86)/atmel/studio/7.0/toolchain/arm/arm-gnu-toolchain/bin/../lib/gcc/arm-none-eabi/5.3.1/armv6-m\libgcc.a(_udivsi3.o)
                0x000024ac                __aeabi_uidiv
                0x000024ac                __udivsi3
                0x000025b8                __aeabi_uidivmod
 .text          0x000025c0      0x1d4 c:/program files (x86)/atmel/studio/7.0/toolchain/arm/arm-gnu-toolchain/bin/../lib/gcc/arm-none-eabi/5.3.1/armv6-m\libgcc.a(_divsi3.o)
                0x000025c0                __divsi3
                0x000025c0                __aeabi_idiv
                0x0000278c                __aeabi_idivmod
 .text          0x00002794        0x4 c:/program files (x86)/atmel/studio/7.0/toolchain/arm/arm-gnu-toolchain/bin/../lib/gcc/arm-none-eabi/5.3.1/armv6-m\libgcc.a(_dvmd_tls.o)
                0x00002794                __aeabi_idiv0
                0x00002794                __aeabi_ldiv0
 .text          0x00002798       0x58 c:/program files (x86)/atmel/studio/7.0/toolchain/arm/arm-gnu-toolchain/bin/../lib/gcc/arm-none-eabi/5.3.1/armv6-m\libgcc.a(_muldi3.o)
                0x00002798                __muldi3
                0x00002798                __aeabi_lmul
 .text          0x000027f0      0x658 c:/program files (x86)/atmel/studio/7.0/toolchain/arm/arm-gnu-toolchain/bin/../lib/gcc/arm-none-eabi/5.3.1/armv6-m\libgcc.a(adddf3.o)
                0x000027f0                __aeabi_dadd
 .text          0x00002e48      0x62c c:/program files (x86)/atmel/studio/7.0/toolchain/arm/arm-gnu-toolchain/bin/../lib/gcc/arm-none-eabi/5.3.1/armv6-m\libgcc.a(divdf3.o)
                0x00002e48                __aeabi_ddiv
 .text          0x00003474      0x4f4 c:/program files (x86)/atmel/studio/7.0/toolchain/arm/arm-gnu-toolchain/bin/../lib/gcc/arm-none-eabi/5.3.1/armv6-m\libgcc.a(muldf3.o)
                0x00003474                __aeabi_dmul
 .text          0x00003968      0x6a8 c:/program files (x86)/atmel/studio/7.0/toolchain/arm/arm-gnu-toolchain/bin/../lib/gcc/arm-none-eabi/5.3.1/armv6-m\libgcc.a(subdf3.o)
                0x00003968                __aeabi_dsub
 .text          0x00004010       0x6c c:/program files (x86)/atmel/studio/7.0/toolchain/arm/arm-gnu-toolchain/bin/../lib/gcc/arm-none-eabi/5.3.1/armv6-m\libgcc.a(fixdfsi.o)
                0x00004010                __aeabi_d2iz
 .text          0x0000407c       0x70 c:/program files (x86)/atmel/studio/7.0/toolchain/arm/arm-gnu-toolchain/bin/../lib/gcc/arm-none-eabi/5.3.1/armv6-m\libgcc.a(floatunsidf.o)
                0x0000407c                __aeabi_ui2d
 .text          0x000040ec       0x3c c:/program files (x86)/atmel/studio/7.0/toolchain/arm/arm-gnu-toolchain/bin/../lib/gcc/arm-none-eabi/5.3.1/armv6-m\libgcc.a(_clzsi2.o)
                0x000040ec                __clzsi2
 .text.__libc_init_array
                0x00004128       0x4c c:/program files (x86)/atmel/studio/7.0/toolchain/arm/arm-gnu-toolchain/bin/../lib/gcc/arm-none-eabi/5.3.1/../../../../arm-none-eabi/lib/armv6-m\libc_nano.a(lib_a-init.o)
                0x00004128                __libc_init_array
 .text.memcpy   0x00004174       0x12 c:/program files (x86)/atmel/studio/7.0/toolchain/arm/arm-gnu-toolchain/bin/../lib/gcc/arm-none-eabi/5.3.1/../../../../arm-none-eabi/lib/armv6-m\libc_nano.a(lib_a-memcpy-stub.o)
                0x00004174                memcpy
 .text.memset   0x00004186       0x10 c:/program files (x86)/atmel/studio/7.0/toolchain/arm/arm-gnu-toolchain/bin/../lib/gcc/arm-none-eabi/5.3.1/../../../../arm-none-eabi/lib/armv6-m\libc_nano.a(lib_a-memset.o)
                0x00004186                memset
 *fill*         0x00004196        0x2 
 .text.printf   0x00004198       0x34 c:/program files (x86)/atmel/studio/7.0/toolchain/arm/arm-gnu-toolchain/bin/../lib/gcc/arm-none-eabi/5.3.1/../../../../arm-none-eabi/lib/armv6-m\libc_nano.a(lib_a-printf.o)
                0x00004198                iprintf
                0x00004198                printf
 .text.setbuf   0x000041cc       0x12 c:/program files (x86)/atmel/studio/7.0/toolchain/arm/arm-gnu-toolchain/bin/../lib/gcc/arm-none-eabi/5.3.1/../../../../arm-none-eabi/lib/armv6-m\libc_nano.a(lib_a-setbuf.o)
                0x000041cc                setbuf
 *fill*         0x000041de        0x2 
 .text.setvbuf  0x000041e0      0x160 c:/program files (x86)/atmel/studio/7.0/toolchain/arm/arm-gnu-toolchain/bin/../lib/gcc/arm-none-eabi/5.3.1/../../../../arm-none-eabi/lib/armv6-m\libc_nano.a(lib_a-setvbuf.o)
                0x000041e0                setvbuf
 .text.__sflush_r
                0x00004340      0x10c c:/program files (x86)/atmel/studio/7.0/toolchain/arm/arm-gnu-toolchain/bin/../lib/gcc/arm-none-eabi/5.3.1/../../../../arm-none-eabi/lib/armv6-m\libc_nano.a(lib_a-fflush.o)
                0x00004340                __sflush_r
 .text._fflush_r
                0x0000444c       0x58 c:/program files (x86)/atmel/studio/7.0/toolchain/arm/arm-gnu-toolchain/bin/../lib/gcc/arm-none-eabi/5.3.1/../../../../arm-none-eabi/lib/armv6-m\libc_nano.a(lib_a-fflush.o)
                0x0000444c                _fflush_r
 .text._cleanup_r
                0x000044a4       0x10 c:/program files (x86)/atmel/studio/7.0/toolchain/arm/arm-gnu-toolchain/bin/../lib/gcc/arm-none-eabi/5.3.1/../../../../arm-none-eabi/lib/armv6-m\libc_nano.a(lib_a-findfp.o)
                0x000044a4                _cleanup_r
 .text.std.isra.0
                0x000044b4       0x48 c:/program files (x86)/atmel/studio/7.0/toolchain/arm/arm-gnu-toolchain/bin/../lib/gcc/arm-none-eabi/5.3.1/../../../../arm-none-eabi/lib/armv6-m\libc_nano.a(lib_a-findfp.o)
 .text.__sfmoreglue
                0x000044fc       0x2c c:/program files (x86)/atmel/studio/7.0/toolchain/arm/arm-gnu-toolchain/bin/../lib/gcc/arm-none-eabi/5.3.1/../../../../arm-none-eabi/lib/armv6-m\libc_nano.a(lib_a-findfp.o)
                0x000044fc                __sfmoreglue
 .text.__sinit  0x00004528       0x68 c:/program files (x86)/atmel/studio/7.0/toolchain/arm/arm-gnu-toolchain/bin/../lib/gcc/arm-none-eabi/5.3.1/../../../../arm-none-eabi/lib/armv6-m\libc_nano.a(lib_a-findfp.o)
                0x00004528                __sinit
 .text.__sfp    0x00004590       0x7c c:/program files (x86)/atmel/studio/7.0/toolchain/arm/arm-gnu-toolchain/bin/../lib/gcc/arm-none-eabi/5.3.1/../../../../arm-none-eabi/lib/armv6-m\libc_nano.a(lib_a-findfp.o)
                0x00004590                __sfp
 .text._fwalk_reent
                0x0000460c       0x42 c:/program files (x86)/atmel/studio/7.0/toolchain/arm/arm-gnu-toolchain/bin/../lib/gcc/arm-none-eabi/5.3.1/../../../../arm-none-eabi/lib/armv6-m\libc_nano.a(lib_a-fwalk.o)
                0x0000460c                _fwalk_reent
 *fill*         0x0000464e        0x2 
 .text.__swhatbuf_r
                0x00004650       0x4c c:/program files (x86)/atmel/studio/7.0/toolchain/arm/arm-gnu-toolchain/bin/../lib/gcc/arm-none-eabi/5.3.1/../../../../arm-none-eabi/lib/armv6-m\libc_nano.a(lib_a-makebuf.o)
                0x00004650                __swhatbuf_r
 .text.__smakebuf_r
                0x0000469c       0x7c c:/program files (x86)/atmel/studio/7.0/toolchain/arm/arm-gnu-toolchain/bin/../lib/gcc/arm-none-eabi/5.3.1/../../../../arm-none-eabi/lib/armv6-m\libc_nano.a(lib_a-makebuf.o)
                0x0000469c                __smakebuf_r
 .text.malloc   0x00004718       0x14 c:/program files (x86)/atmel/studio/7.0/toolchain/arm/arm-gnu-toolchain/bin/../lib/gcc/arm-none-eabi/5.3.1/../../../../arm-none-eabi/lib/armv6-m\libc_nano.a(lib_a-malloc.o)
                0x00004718                malloc
 .text._free_r  0x0000472c       0x8c c:/program files (x86)/atmel/studio/7.0/toolchain/arm/arm-gnu-toolchain/bin/../lib/gcc/arm-none-eabi/5.3.1/../../../../arm-none-eabi/lib/armv6-m\libc_nano.a(lib_a-nano-freer.o)
                0x0000472c                _free_r
 .text._malloc_r
                0x000047b8       0xac c:/program files (x86)/atmel/studio/7.0/toolchain/arm/arm-gnu-toolchain/bin/../lib/gcc/arm-none-eabi/5.3.1/../../../../arm-none-eabi/lib/armv6-m\libc_nano.a(lib_a-nano-mallocr.o)
                0x000047b8                _malloc_r
 .text.__sfputc_r
                0x00004864       0x2a c:/program files (x86)/atmel/studio/7.0/toolchain/arm/arm-gnu-toolchain/bin/../lib/gcc/arm-none-eabi/5.3.1/../../../../arm-none-eabi/lib/armv6-m\libc_nano.a(lib_a-nano-vfprintf.o)
 .text.__sfputs_r
                0x0000488e       0x24 c:/program files (x86)/atmel/studio/7.0/toolchain/arm/arm-gnu-toolchain/bin/../lib/gcc/arm-none-eabi/5.3.1/../../../../arm-none-eabi/lib/armv6-m\libc_nano.a(lib_a-nano-vfprintf.o)
                0x0000488e                __sfputs_r
 *fill*         0x000048b2        0x2 
 .text._vfprintf_r
                0x000048b4      0x238 c:/program files (x86)/atmel/studio/7.0/toolchain/arm/arm-gnu-toolchain/bin/../lib/gcc/arm-none-eabi/5.3.1/../../../../arm-none-eabi/lib/armv6-m\libc_nano.a(lib_a-nano-vfprintf.o)
                0x000048b4                _vfprintf_r
                0x000048b4                _vfiprintf_r
 .text._printf_common
                0x00004aec       0xdc c:/program files (x86)/atmel/studio/7.0/toolchain/arm/arm-gnu-toolchain/bin/../lib/gcc/arm-none-eabi/5.3.1/../../../../arm-none-eabi/lib/armv6-m\libc_nano.a(lib_a-nano-vfprintf_i.o)
                0x00004aec                _printf_common
 .text._printf_i
                0x00004bc8      0x244 c:/program files (x86)/atmel/studio/7.0/toolchain/arm/arm-gnu-toolchain/bin/../lib/gcc/arm-none-eabi/5.3.1/../../../../arm-none-eabi/lib/armv6-m\libc_nano.a(lib_a-nano-vfprintf_i.o)
                0x00004bc8                _printf_i
 .text._sbrk_r  0x00004e0c       0x24 c:/program files (x86)/atmel/studio/7.0/toolchain/arm/arm-gnu-toolchain/bin/../lib/gcc/arm-none-eabi/5.3.1/../../../../arm-none-eabi/lib/armv6-m\libc_nano.a(lib_a-sbrkr.o)
                0x00004e0c                _sbrk_r
 .text.__sread  0x00004e30       0x28 c:/program files (x86)/atmel/studio/7.0/toolchain/arm/arm-gnu-toolchain/bin/../lib/gcc/arm-none-eabi/5.3.1/../../../../arm-none-eabi/lib/armv6-m\libc_nano.a(lib_a-stdio.o)
                0x00004e30                __sread
 .text.__swrite
                0x00004e58       0x38 c:/program files (x86)/atmel/studio/7.0/toolchain/arm/arm-gnu-toolchain/bin/../lib/gcc/arm-none-eabi/5.3.1/../../../../arm-none-eabi/lib/armv6-m\libc_nano.a(lib_a-stdio.o)
                0x00004e58                __swrite
 .text.__sseek  0x00004e90       0x2c c:/program files (x86)/atmel/studio/7.0/toolchain/arm/arm-gnu-toolchain/bin/../lib/gcc/arm-none-eabi/5.3.1/../../../../arm-none-eabi/lib/armv6-m\libc_nano.a(lib_a-stdio.o)
                0x00004e90                __sseek
 .text.__sclose
                0x00004ebc        0xc c:/program files (x86)/atmel/studio/7.0/toolchain/arm/arm-gnu-toolchain/bin/../lib/gcc/arm-none-eabi/5.3.1/../../../../arm-none-eabi/lib/armv6-m\libc_nano.a(lib_a-stdio.o)
                0x00004ebc                __sclose
 .text.__swbuf_r
                0x00004ec8       0xb0 c:/program files (x86)/atmel/studio/7.0/toolchain/arm/arm-gnu-toolchain/bin/../lib/gcc/arm-none-eabi/5.3.1/../../../../arm-none-eabi/lib/armv6-m\libc_nano.a(lib_a-wbuf.o)
                0x00004ec8                __swbuf_r
 .text._write_r
                0x00004f78       0x28 c:/program files (x86)/atmel/studio/7.0/toolchain/arm/arm-gnu-toolchain/bin/../lib/gcc/arm-none-eabi/5.3.1/../../../../arm-none-eabi/lib/armv6-m\libc_nano.a(lib_a-writer.o)
                0x00004f78                _write_r
 .text.__swsetup_r
                0x00004fa0       0xec c:/program files (x86)/atmel/studio/7.0/toolchain/arm/arm-gnu-toolchain/bin/../lib/gcc/arm-none-eabi/5.3.1/../../../../arm-none-eabi/lib/armv6-m\libc_nano.a(lib_a-wsetup.o)
                0x00004fa0                __swsetup_r
 .text._close_r
                0x0000508c       0x24 c:/program files (x86)/atmel/studio/7.0/toolchain/arm/arm-gnu-toolchain/bin/../lib/gcc/arm-none-eabi/5.3.1/../../../../arm-none-eabi/lib/armv6-m\libc_nano.a(lib_a-closer.o)
                0x0000508c                _close_r
 .text._fstat_r
                0x000050b0       0x24 c:/program files (x86)/atmel/studio/7.0/toolchain/arm/arm-gnu-toolchain/bin/../lib/gcc/arm-none-eabi/5.3.1/../../../../arm-none-eabi/lib/armv6-m\libc_nano.a(lib_a-fstatr.o)
                0x000050b0                _fstat_r
 .text._isatty_r
                0x000050d4       0x24 c:/program files (x86)/atmel/studio/7.0/toolchain/arm/arm-gnu-toolchain/bin/../lib/gcc/arm-none-eabi/5.3.1/../../../../arm-none-eabi/lib/armv6-m\libc_nano.a(lib_a-isattyr.o)
                0x000050d4                _isatty_r
 .text._lseek_r
                0x000050f8       0x28 c:/program files (x86)/atmel/studio/7.0/toolchain/arm/arm-gnu-toolchain/bin/../lib/gcc/arm-none-eabi/5.3.1/../../../../arm-none-eabi/lib/armv6-m\libc_nano.a(lib_a-lseekr.o)
                0x000050f8                _lseek_r
 .text.memchr   0x00005120       0x16 c:/program files (x86)/atmel/studio/7.0/toolchain/arm/arm-gnu-toolchain/bin/../lib/gcc/arm-none-eabi/5.3.1/../../../../arm-none-eabi/lib/armv6-m\libc_nano.a(lib_a-memchr-stub.o)
                0x00005120                memchr
 *fill*         0x00005136        0x2 
 .text._read_r  0x00005138       0x28 c:/program files (x86)/atmel/studio/7.0/toolchain/arm/arm-gnu-toolchain/bin/../lib/gcc/arm-none-eabi/5.3.1/../../../../arm-none-eabi/lib/armv6-m\libc_nano.a(lib_a-readr.o)
                0x00005138                _read_r
 *(.glue_7t)
 .glue_7t       0x00005160        0x0 linker stubs
 *(.glue_7)
 .glue_7        0x00005160        0x0 linker stubs
 *(.rodata .rodata* .gnu.linkonce.r.*)
 .rodata        0x00005160       0x10 src/ASF/sam0/drivers/sercom/sercom.o
 .rodata        0x00005170        0x4 src/ASF/sam0/drivers/sercom/sercom_interrupt.o
 .rodata.system_clock_source_get_hz
                0x00005174       0x24 src/ASF/sam0/drivers/system/clock/clock_samd21_r21_da/clock.o
 .rodata.system_clock_source_enable
                0x00005198       0x24 src/ASF/sam0/drivers/system/clock/clock_samd21_r21_da/clock.o
 .rodata.str1.4
                0x000051bc       0x30 src/main.o
 .rodata        0x000051ec       0x40 c:/program files (x86)/atmel/studio/7.0/toolchain/arm/arm-gnu-toolchain/bin/../lib/gcc/arm-none-eabi/5.3.1/armv6-m\libgcc.a(divdf3.o)
 .rodata        0x0000522c       0x40 c:/program files (x86)/atmel/studio/7.0/toolchain/arm/arm-gnu-toolchain/bin/../lib/gcc/arm-none-eabi/5.3.1/armv6-m\libgcc.a(muldf3.o)
 .rodata.str1.1
                0x0000526c        0x2 c:/program files (x86)/atmel/studio/7.0/toolchain/arm/arm-gnu-toolchain/bin/../lib/gcc/arm-none-eabi/5.3.1/../../../../arm-none-eabi/lib/armv6-m\libc_nano.a(lib_a-impure.o)
 *fill*         0x0000526e        0x2 
 .rodata._global_impure_ptr
                0x00005270        0x4 c:/program files (x86)/atmel/studio/7.0/toolchain/arm/arm-gnu-toolchain/bin/../lib/gcc/arm-none-eabi/5.3.1/../../../../arm-none-eabi/lib/armv6-m\libc_nano.a(lib_a-impure.o)
                0x00005270                _global_impure_ptr
 .rodata.__sf_fake_stdin
                0x00005274       0x20 c:/program files (x86)/atmel/studio/7.0/toolchain/arm/arm-gnu-toolchain/bin/../lib/gcc/arm-none-eabi/5.3.1/../../../../arm-none-eabi/lib/armv6-m\libc_nano.a(lib_a-findfp.o)
                0x00005274                __sf_fake_stdin
 .rodata.__sf_fake_stdout
                0x00005294       0x20 c:/program files (x86)/atmel/studio/7.0/toolchain/arm/arm-gnu-toolchain/bin/../lib/gcc/arm-none-eabi/5.3.1/../../../../arm-none-eabi/lib/armv6-m\libc_nano.a(lib_a-findfp.o)
                0x00005294                __sf_fake_stdout
 .rodata.__sf_fake_stderr
                0x000052b4       0x20 c:/program files (x86)/atmel/studio/7.0/toolchain/arm/arm-gnu-toolchain/bin/../lib/gcc/arm-none-eabi/5.3.1/../../../../arm-none-eabi/lib/armv6-m\libc_nano.a(lib_a-findfp.o)
                0x000052b4                __sf_fake_stderr
 .rodata.str1.1
                0x000052d4       0x11 c:/program files (x86)/atmel/studio/7.0/toolchain/arm/arm-gnu-toolchain/bin/../lib/gcc/arm-none-eabi/5.3.1/../../../../arm-none-eabi/lib/armv6-m\libc_nano.a(lib_a-nano-vfprintf.o)
 .rodata.str1.1
                0x000052e5       0x22 c:/program files (x86)/atmel/studio/7.0/toolchain/arm/arm-gnu-toolchain/bin/../lib/gcc/arm-none-eabi/5.3.1/../../../../arm-none-eabi/lib/armv6-m\libc_nano.a(lib_a-nano-vfprintf_i.o)
 *(.ARM.extab* .gnu.linkonce.armextab.*)
                0x00005308                . = ALIGN (0x4)
 *fill*         0x00005307        0x1 
 *(.init)
 .init          0x00005308        0x4 c:/program files (x86)/atmel/studio/7.0/toolchain/arm/arm-gnu-toolchain/bin/../lib/gcc/arm-none-eabi/5.3.1/armv6-m/crti.o
                0x00005308                _init
 .init          0x0000530c        0x8 c:/program files (x86)/atmel/studio/7.0/toolchain/arm/arm-gnu-toolchain/bin/../lib/gcc/arm-none-eabi/5.3.1/armv6-m/crtn.o
                0x00005314                . = ALIGN (0x4)
                0x00005314                __preinit_array_start = .
 *(.preinit_array)
                0x00005314                __preinit_array_end = .
                0x00005314                . = ALIGN (0x4)
                0x00005314                __init_array_start = .
 *(SORT(.init_array.*))
 *(.init_array)
 .init_array    0x00005314        0x4 c:/program files (x86)/atmel/studio/7.0/toolchain/arm/arm-gnu-toolchain/bin/../lib/gcc/arm-none-eabi/5.3.1/armv6-m/crtbegin.o
                0x00005318                __init_array_end = .
                0x00005318                . = ALIGN (0x4)
 *crtbegin.o(.ctors)
 *(EXCLUDE_FILE(*crtend.o) .ctors)
 *(SORT(.ctors.*))
 *crtend.o(.ctors)
                0x00005318                . = ALIGN (0x4)
 *(.fini)
 .fini          0x00005318        0x4 c:/program files (x86)/atmel/studio/7.0/toolchain/arm/arm-gnu-toolchain/bin/../lib/gcc/arm-none-eabi/5.3.1/armv6-m/crti.o
                0x00005318                _fini
 .fini          0x0000531c        0x8 c:/program files (x86)/atmel/studio/7.0/toolchain/arm/arm-gnu-toolchain/bin/../lib/gcc/arm-none-eabi/5.3.1/armv6-m/crtn.o
                0x00005324                . = ALIGN (0x4)
                0x00005324                __fini_array_start = .
 *(.fini_array)
 .fini_array    0x00005324        0x4 c:/program files (x86)/atmel/studio/7.0/toolchain/arm/arm-gnu-toolchain/bin/../lib/gcc/arm-none-eabi/5.3.1/armv6-m/crtbegin.o
 *(SORT(.fini_array.*))
                0x00005328                __fini_array_end = .
 *crtbegin.o(.dtors)
 *(EXCLUDE_FILE(*crtend.o) .dtors)
 *(SORT(.dtors.*))
 *crtend.o(.dtors)
                0x00005328                . = ALIGN (0x4)
                0x00005328                _efixed = .
                [!provide]                PROVIDE (__exidx_start, .)

.vfp11_veneer   0x00005328        0x0
 .vfp11_veneer  0x00005328        0x0 linker stubs

.v4_bx          0x00005328        0x0
 .v4_bx         0x00005328        0x0 linker stubs

.iplt           0x00005328        0x0
 .iplt          0x00005328        0x0 c:/program files (x86)/atmel/studio/7.0/toolchain/arm/arm-gnu-toolchain/bin/../lib/gcc/arm-none-eabi/5.3.1/armv6-m/crtbegin.o

.eh_frame       0x00005328        0x0
 .eh_frame      0x00005328        0x0 c:/program files (x86)/atmel/studio/7.0/toolchain/arm/arm-gnu-toolchain/bin/../lib/gcc/arm-none-eabi/5.3.1/armv6-m/crtbegin.o

.rel.dyn        0x00005328        0x0
 .rel.iplt      0x00005328        0x0 c:/program files (x86)/atmel/studio/7.0/toolchain/arm/arm-gnu-toolchain/bin/../lib/gcc/arm-none-eabi/5.3.1/armv6-m/crtbegin.o

.jcr            0x00005328        0x0
 .jcr           0x00005328        0x0 c:/program files (x86)/atmel/studio/7.0/toolchain/arm/arm-gnu-toolchain/bin/../lib/gcc/arm-none-eabi/5.3.1/armv6-m/crtbegin.o

.igot.plt       0x00005328        0x0
 .igot.plt      0x00005328        0x0 c:/program files (x86)/atmel/studio/7.0/toolchain/arm/arm-gnu-toolchain/bin/../lib/gcc/arm-none-eabi/5.3.1/armv6-m/crtbegin.o

.ARM.exidx
 *(.ARM.exidx* .gnu.linkonce.armexidx.*)
                [!provide]                PROVIDE (__exidx_end, .)
                0x00005328                . = ALIGN (0x4)
                0x00005328                _etext = .

.relocate       0x20000000       0x70 load address 0x00005328
                0x20000000                . = ALIGN (0x4)
                0x20000000                _srelocate = .
 *(.ramfunc .ramfunc.*)
 *(.data .data.*)
 .data.cycles_per_us
                0x20000000        0x4 src/ASF/common2/services/delay/sam0/systick_counter.o
 .data.cycles_per_ms
                0x20000004        0x4 src/ASF/common2/services/delay/sam0/systick_counter.o
 .data.g_interrupt_enabled
                0x20000008        0x1 src/ASF/common/utils/interrupt/interrupt_sam_nvic.o
                0x20000008                g_interrupt_enabled
 *fill*         0x20000009        0x3 
 .data.impure_data
                0x2000000c       0x60 c:/program files (x86)/atmel/studio/7.0/toolchain/arm/arm-gnu-toolchain/bin/../lib/gcc/arm-none-eabi/5.3.1/../../../../arm-none-eabi/lib/armv6-m\libc_nano.a(lib_a-impure.o)
 .data._impure_ptr
                0x2000006c        0x4 c:/program files (x86)/atmel/studio/7.0/toolchain/arm/arm-gnu-toolchain/bin/../lib/gcc/arm-none-eabi/5.3.1/../../../../arm-none-eabi/lib/armv6-m\libc_nano.a(lib_a-impure.o)
                0x2000006c                _impure_ptr
                0x20000070                . = ALIGN (0x4)
                0x20000070                _erelocate = .

.bss            0x20000070      0x15c load address 0x00005398
                0x20000070                . = ALIGN (0x4)
                0x20000070                _sbss = .
                0x20000070                _szero = .
 *(.bss .bss.*)
 .bss           0x20000070       0x1c c:/program files (x86)/atmel/studio/7.0/toolchain/arm/arm-gnu-toolchain/bin/../lib/gcc/arm-none-eabi/5.3.1/armv6-m/crtbegin.o
 .bss._sercom_config
                0x2000008c        0x2 src/ASF/sam0/drivers/sercom/sercom.o
 .bss._handler_table_initialized
                0x2000008e        0x1 src/ASF/sam0/drivers/sercom/sercom_interrupt.o
 *fill*         0x2000008f        0x1 
 .bss._sercom_interrupt_handlers
                0x20000090       0x10 src/ASF/sam0/drivers/sercom/sercom_interrupt.o
 .bss.cpu_irq_critical_section_counter
                0x200000a0        0x4 src/ASF/common/utils/interrupt/interrupt_sam_nvic.o
 .bss.cpu_irq_prev_interrupt_state
                0x200000a4        0x1 src/ASF/common/utils/interrupt/interrupt_sam_nvic.o
 *fill*         0x200000a5        0x3 
 .bss._system_clock_inst
                0x200000a8       0x18 src/ASF/sam0/drivers/system/clock/clock_samd21_r21_da/clock.o
 .bss.heap.5286
                0x200000c0        0x4 src/ASF/sam0/utils/syscalls/gcc/syscalls.o
 .bss.__malloc_sbrk_start
                0x200000c4        0x4 c:/program files (x86)/atmel/studio/7.0/toolchain/arm/arm-gnu-toolchain/bin/../lib/gcc/arm-none-eabi/5.3.1/../../../../arm-none-eabi/lib/armv6-m\libc_nano.a(lib_a-nano-mallocr.o)
                0x200000c4                __malloc_sbrk_start
 .bss.__malloc_free_list
                0x200000c8        0x4 c:/program files (x86)/atmel/studio/7.0/toolchain/arm/arm-gnu-toolchain/bin/../lib/gcc/arm-none-eabi/5.3.1/../../../../arm-none-eabi/lib/armv6-m\libc_nano.a(lib_a-nano-mallocr.o)
                0x200000c8                __malloc_free_list
 *(COMMON)
 COMMON         0x200000cc       0x6d src/OCTO_USART.o
                0x200000cc                bt_usart_instance
                0x20000100                dbg_usart_instance
                0x20000134                rx_buffer
 *fill*         0x20000139        0x3 
 COMMON         0x2000013c        0x4 src/ASF/sam0/drivers/rtc/rtc_sam_d_r/rtc_count.o
                0x2000013c                _rtc_instance
 COMMON         0x20000140        0x4 src/ASF/sam0/utils/stdio/read.o
                0x20000140                ptr_get
 COMMON         0x20000144        0x8 src/ASF/sam0/utils/stdio/write.o
                0x20000144                ptr_put
                0x20000148                stdio_base
 COMMON         0x2000014c       0x24 src/OCTO_DAC.o
                0x2000014c                dac_instance
 COMMON         0x20000170       0x28 src/OCTO_I2C.o
                0x20000170                gas_gauge_instance
 COMMON         0x20000198       0x18 src/OCTO_RTC.o
                0x20000198                rtc_instance
 COMMON         0x200001b0        0x4 src/ASF/sam0/drivers/adc/adc_sam_d_r/adc_callback.o
                0x200001b0                _adc_instances
 COMMON         0x200001b4        0x4 src/ASF/sam0/drivers/dac/dac_sam_d_c/dac_callback.o
                0x200001b4                _dac_instances
 COMMON         0x200001b8       0x10 src/ASF/sam0/drivers/sercom/sercom_interrupt.o
                0x200001b8                _sercom_instances
 COMMON         0x200001c8        0x4 c:/program files (x86)/atmel/studio/7.0/toolchain/arm/arm-gnu-toolchain/bin/../lib/gcc/arm-none-eabi/5.3.1/../../../../arm-none-eabi/lib/armv6-m\libc_nano.a(lib_a-reent.o)
                0x200001c8                errno
                0x200001cc                . = ALIGN (0x4)
                0x200001cc                _ebss = .
                0x200001cc                _ezero = .

.stack          0x200001cc     0x2004 load address 0x000054f4
                0x200001d0                . = ALIGN (0x8)
 *fill*         0x200001cc        0x4 
                0x200001d0                _sstack = .
                0x200021d0                . = (. + STACK_SIZE)
 *fill*         0x200001d0     0x2000 
                0x200021d0                . = ALIGN (0x8)
                0x200021d0                _estack = .
                0x200021d0                . = ALIGN (0x4)
                0x200021d0                _end = .
OUTPUT(OCTO.elf elf32-littlearm)

.ARM.attributes
                0x00000000       0x28
 .ARM.attributes
                0x00000000       0x1e c:/program files (x86)/atmel/studio/7.0/toolchain/arm/arm-gnu-toolchain/bin/../lib/gcc/arm-none-eabi/5.3.1/armv6-m/crti.o
 .ARM.attributes
                0x0000001e       0x2c c:/program files (x86)/atmel/studio/7.0/toolchain/arm/arm-gnu-toolchain/bin/../lib/gcc/arm-none-eabi/5.3.1/armv6-m/crtbegin.o
 .ARM.attributes
                0x0000004a       0x32 src/OCTO_USART.o
 .ARM.attributes
                0x0000007c       0x32 src/ASF/common2/services/delay/sam0/systick_counter.o
 .ARM.attributes
                0x000000ae       0x32 src/ASF/sam0/drivers/rtc/rtc_sam_d_r/rtc_count.o
 .ARM.attributes
                0x000000e0       0x32 src/ASF/sam0/drivers/rtc/rtc_sam_d_r/rtc_count_interrupt.o
 .ARM.attributes
                0x00000112       0x32 src/ASF/sam0/utils/stdio/read.o
 .ARM.attributes
                0x00000144       0x32 src/ASF/sam0/utils/stdio/write.o
 .ARM.attributes
                0x00000176       0x32 src/OCTO_DAC.o
 .ARM.attributes
                0x000001a8       0x32 src/OCTO_I2C.o
 .ARM.attributes
                0x000001da       0x32 src/OCTO_RTC.o
 .ARM.attributes
                0x0000020c       0x32 src/ASF/sam0/drivers/adc/adc_sam_d_r/adc_callback.o
 .ARM.attributes
                0x0000023e       0x32 src/ASF/sam0/drivers/dac/dac_sam_d_c/dac.o
 .ARM.attributes
                0x00000270       0x32 src/ASF/sam0/drivers/dac/dac_sam_d_c/dac_callback.o
 .ARM.attributes
                0x000002a2       0x32 src/ASF/sam0/drivers/port/port.o
 .ARM.attributes
                0x000002d4       0x32 src/ASF/sam0/drivers/sercom/i2c/i2c_sam0/i2c_master.o
 .ARM.attributes
                0x00000306       0x32 src/ASF/sam0/drivers/sercom/i2c/i2c_sam0/i2c_master_interrupt.o
 .ARM.attributes
                0x00000338       0x32 src/ASF/sam0/drivers/sercom/sercom.o
 .ARM.attributes
                0x0000036a       0x32 src/ASF/sam0/drivers/sercom/usart/usart.o
 .ARM.attributes
                0x0000039c       0x32 src/ASF/sam0/drivers/sercom/usart/usart_interrupt.o
 .ARM.attributes
                0x000003ce       0x32 src/ASF/sam0/drivers/sercom/sercom_interrupt.o
 .ARM.attributes
                0x00000400       0x32 src/ASF/common2/boards/user_board/init.o
 .ARM.attributes
                0x00000432       0x32 src/ASF/common/utils/interrupt/interrupt_sam_nvic.o
 .ARM.attributes
                0x00000464       0x32 src/ASF/sam0/drivers/system/clock/clock_samd21_r21_da/clock.o
 .ARM.attributes
                0x00000496       0x32 src/ASF/sam0/drivers/system/clock/clock_samd21_r21_da/gclk.o
 .ARM.attributes
                0x000004c8       0x32 src/ASF/sam0/drivers/system/pinmux/pinmux.o
 .ARM.attributes
                0x000004fa       0x32 src/ASF/sam0/drivers/system/system.o
 .ARM.attributes
                0x0000052c       0x32 src/ASF/sam0/utils/cmsis/samd21/source/gcc/startup_samd21.o
 .ARM.attributes
                0x0000055e       0x32 src/ASF/sam0/utils/syscalls/gcc/syscalls.o
 .ARM.attributes
                0x00000590       0x32 src/main.o
 .ARM.attributes
                0x000005c2       0x1e c:/program files (x86)/atmel/studio/7.0/toolchain/arm/arm-gnu-toolchain/bin/../lib/gcc/arm-none-eabi/5.3.1/armv6-m\libgcc.a(_udivsi3.o)
 .ARM.attributes
                0x000005e0       0x1e c:/program files (x86)/atmel/studio/7.0/toolchain/arm/arm-gnu-toolchain/bin/../lib/gcc/arm-none-eabi/5.3.1/armv6-m\libgcc.a(_divsi3.o)
 .ARM.attributes
                0x000005fe       0x1e c:/program files (x86)/atmel/studio/7.0/toolchain/arm/arm-gnu-toolchain/bin/../lib/gcc/arm-none-eabi/5.3.1/armv6-m\libgcc.a(_dvmd_tls.o)
 .ARM.attributes
                0x0000061c       0x2c c:/program files (x86)/atmel/studio/7.0/toolchain/arm/arm-gnu-toolchain/bin/../lib/gcc/arm-none-eabi/5.3.1/armv6-m\libgcc.a(_muldi3.o)
 .ARM.attributes
                0x00000648       0x2c c:/program files (x86)/atmel/studio/7.0/toolchain/arm/arm-gnu-toolchain/bin/../lib/gcc/arm-none-eabi/5.3.1/armv6-m\libgcc.a(adddf3.o)
 .ARM.attributes
                0x00000674       0x2c c:/program files (x86)/atmel/studio/7.0/toolchain/arm/arm-gnu-toolchain/bin/../lib/gcc/arm-none-eabi/5.3.1/armv6-m\libgcc.a(divdf3.o)
 .ARM.attributes
                0x000006a0       0x2c c:/program files (x86)/atmel/studio/7.0/toolchain/arm/arm-gnu-toolchain/bin/../lib/gcc/arm-none-eabi/5.3.1/armv6-m\libgcc.a(muldf3.o)
 .ARM.attributes
                0x000006cc       0x2c c:/program files (x86)/atmel/studio/7.0/toolchain/arm/arm-gnu-toolchain/bin/../lib/gcc/arm-none-eabi/5.3.1/armv6-m\libgcc.a(subdf3.o)
 .ARM.attributes
                0x000006f8       0x2c c:/program files (x86)/atmel/studio/7.0/toolchain/arm/arm-gnu-toolchain/bin/../lib/gcc/arm-none-eabi/5.3.1/armv6-m\libgcc.a(fixdfsi.o)
 .ARM.attributes
                0x00000724       0x2c c:/program files (x86)/atmel/studio/7.0/toolchain/arm/arm-gnu-toolchain/bin/../lib/gcc/arm-none-eabi/5.3.1/armv6-m\libgcc.a(floatunsidf.o)
 .ARM.attributes
                0x00000750       0x1e c:/program files (x86)/atmel/studio/7.0/toolchain/arm/arm-gnu-toolchain/bin/../lib/gcc/arm-none-eabi/5.3.1/armv6-m\libgcc.a(_clzsi2.o)
 .ARM.attributes
                0x0000076e       0x2c c:/program files (x86)/atmel/studio/7.0/toolchain/arm/arm-gnu-toolchain/bin/../lib/gcc/arm-none-eabi/5.3.1/../../../../arm-none-eabi/lib/armv6-m\libc_nano.a(lib_a-impure.o)
 .ARM.attributes
                0x0000079a       0x2c c:/program files (x86)/atmel/studio/7.0/toolchain/arm/arm-gnu-toolchain/bin/../lib/gcc/arm-none-eabi/5.3.1/../../../../arm-none-eabi/lib/armv6-m\libc_nano.a(lib_a-init.o)
 .ARM.attributes
                0x000007c6       0x2c c:/program files (x86)/atmel/studio/7.0/toolchain/arm/arm-gnu-toolchain/bin/../lib/gcc/arm-none-eabi/5.3.1/../../../../arm-none-eabi/lib/armv6-m\libc_nano.a(lib_a-memcpy-stub.o)
 .ARM.attributes
                0x000007f2       0x2c c:/program files (x86)/atmel/studio/7.0/toolchain/arm/arm-gnu-toolchain/bin/../lib/gcc/arm-none-eabi/5.3.1/../../../../arm-none-eabi/lib/armv6-m\libc_nano.a(lib_a-memset.o)
 .ARM.attributes
                0x0000081e       0x2c c:/program files (x86)/atmel/studio/7.0/toolchain/arm/arm-gnu-toolchain/bin/../lib/gcc/arm-none-eabi/5.3.1/../../../../arm-none-eabi/lib/armv6-m\libc_nano.a(lib_a-printf.o)
 .ARM.attributes
                0x0000084a       0x2c c:/program files (x86)/atmel/studio/7.0/toolchain/arm/arm-gnu-toolchain/bin/../lib/gcc/arm-none-eabi/5.3.1/../../../../arm-none-eabi/lib/armv6-m\libc_nano.a(lib_a-setbuf.o)
 .ARM.attributes
                0x00000876       0x2c c:/program files (x86)/atmel/studio/7.0/toolchain/arm/arm-gnu-toolchain/bin/../lib/gcc/arm-none-eabi/5.3.1/../../../../arm-none-eabi/lib/armv6-m\libc_nano.a(lib_a-setvbuf.o)
 .ARM.attributes
                0x000008a2       0x2c c:/program files (x86)/atmel/studio/7.0/toolchain/arm/arm-gnu-toolchain/bin/../lib/gcc/arm-none-eabi/5.3.1/../../../../arm-none-eabi/lib/armv6-m\libc_nano.a(lib_a-fflush.o)
 .ARM.attributes
                0x000008ce       0x2c c:/program files (x86)/atmel/studio/7.0/toolchain/arm/arm-gnu-toolchain/bin/../lib/gcc/arm-none-eabi/5.3.1/../../../../arm-none-eabi/lib/armv6-m\libc_nano.a(lib_a-findfp.o)
 .ARM.attributes
                0x000008fa       0x2c c:/program files (x86)/atmel/studio/7.0/toolchain/arm/arm-gnu-toolchain/bin/../lib/gcc/arm-none-eabi/5.3.1/../../../../arm-none-eabi/lib/armv6-m\libc_nano.a(lib_a-fwalk.o)
 .ARM.attributes
                0x00000926       0x2c c:/program files (x86)/atmel/studio/7.0/toolchain/arm/arm-gnu-toolchain/bin/../lib/gcc/arm-none-eabi/5.3.1/../../../../arm-none-eabi/lib/armv6-m\libc_nano.a(lib_a-makebuf.o)
 .ARM.attributes
                0x00000952       0x2c c:/program files (x86)/atmel/studio/7.0/toolchain/arm/arm-gnu-toolchain/bin/../lib/gcc/arm-none-eabi/5.3.1/../../../../arm-none-eabi/lib/armv6-m\libc_nano.a(lib_a-malloc.o)
 .ARM.attributes
                0x0000097e       0x2c c:/program files (x86)/atmel/studio/7.0/toolchain/arm/arm-gnu-toolchain/bin/../lib/gcc/arm-none-eabi/5.3.1/../../../../arm-none-eabi/lib/armv6-m\libc_nano.a(lib_a-nano-freer.o)
 .ARM.attributes
                0x000009aa       0x2c c:/program files (x86)/atmel/studio/7.0/toolchain/arm/arm-gnu-toolchain/bin/../lib/gcc/arm-none-eabi/5.3.1/../../../../arm-none-eabi/lib/armv6-m\libc_nano.a(lib_a-nano-mallocr.o)
 .ARM.attributes
                0x000009d6       0x2c c:/program files (x86)/atmel/studio/7.0/toolchain/arm/arm-gnu-toolchain/bin/../lib/gcc/arm-none-eabi/5.3.1/../../../../arm-none-eabi/lib/armv6-m\libc_nano.a(lib_a-nano-vfprintf.o)
 .ARM.attributes
                0x00000a02       0x2c c:/program files (x86)/atmel/studio/7.0/toolchain/arm/arm-gnu-toolchain/bin/../lib/gcc/arm-none-eabi/5.3.1/../../../../arm-none-eabi/lib/armv6-m\libc_nano.a(lib_a-nano-vfprintf_i.o)
 .ARM.attributes
                0x00000a2e       0x2c c:/program files (x86)/atmel/studio/7.0/toolchain/arm/arm-gnu-toolchain/bin/../lib/gcc/arm-none-eabi/5.3.1/../../../../arm-none-eabi/lib/armv6-m\libc_nano.a(lib_a-sbrkr.o)
 .ARM.attributes
                0x00000a5a       0x2c c:/program files (x86)/atmel/studio/7.0/toolchain/arm/arm-gnu-toolchain/bin/../lib/gcc/arm-none-eabi/5.3.1/../../../../arm-none-eabi/lib/armv6-m\libc_nano.a(lib_a-stdio.o)
 .ARM.attributes
                0x00000a86       0x2c c:/program files (x86)/atmel/studio/7.0/toolchain/arm/arm-gnu-toolchain/bin/../lib/gcc/arm-none-eabi/5.3.1/../../../../arm-none-eabi/lib/armv6-m\libc_nano.a(lib_a-wbuf.o)
 .ARM.attributes
                0x00000ab2       0x2c c:/program files (x86)/atmel/studio/7.0/toolchain/arm/arm-gnu-toolchain/bin/../lib/gcc/arm-none-eabi/5.3.1/../../../../arm-none-eabi/lib/armv6-m\libc_nano.a(lib_a-writer.o)
 .ARM.attributes
                0x00000ade       0x2c c:/program files (x86)/atmel/studio/7.0/toolchain/arm/arm-gnu-toolchain/bin/../lib/gcc/arm-none-eabi/5.3.1/../../../../arm-none-eabi/lib/armv6-m\libc_nano.a(lib_a-wsetup.o)
 .ARM.attributes
                0x00000b0a       0x2c c:/program files (x86)/atmel/studio/7.0/toolchain/arm/arm-gnu-toolchain/bin/../lib/gcc/arm-none-eabi/5.3.1/../../../../arm-none-eabi/lib/armv6-m\libc_nano.a(lib_a-closer.o)
 .ARM.attributes
                0x00000b36       0x2c c:/program files (x86)/atmel/studio/7.0/toolchain/arm/arm-gnu-toolchain/bin/../lib/gcc/arm-none-eabi/5.3.1/../../../../arm-none-eabi/lib/armv6-m\libc_nano.a(lib_a-fstatr.o)
 .ARM.attributes
                0x00000b62       0x2c c:/program files (x86)/atmel/studio/7.0/toolchain/arm/arm-gnu-toolchain/bin/../lib/gcc/arm-none-eabi/5.3.1/../../../../arm-none-eabi/lib/armv6-m\libc_nano.a(lib_a-isattyr.o)
 .ARM.attributes
                0x00000b8e       0x2c c:/program files (x86)/atmel/studio/7.0/toolchain/arm/arm-gnu-toolchain/bin/../lib/gcc/arm-none-eabi/5.3.1/../../../../arm-none-eabi/lib/armv6-m\libc_nano.a(lib_a-lseekr.o)
 .ARM.attributes
                0x00000bba       0x2c c:/program files (x86)/atmel/studio/7.0/toolchain/arm/arm-gnu-toolchain/bin/../lib/gcc/arm-none-eabi/5.3.1/../../../../arm-none-eabi/lib/armv6-m\libc_nano.a(lib_a-memchr-stub.o)
 .ARM.attributes
                0x00000be6       0x2c c:/program files (x86)/atmel/studio/7.0/toolchain/arm/arm-gnu-toolchain/bin/../lib/gcc/arm-none-eabi/5.3.1/../../../../arm-none-eabi/lib/armv6-m\libc_nano.a(lib_a-readr.o)
 .ARM.attributes
                0x00000c12       0x2c c:/program files (x86)/atmel/studio/7.0/toolchain/arm/arm-gnu-toolchain/bin/../lib/gcc/arm-none-eabi/5.3.1/../../../../arm-none-eabi/lib/armv6-m\libc_nano.a(lib_a-reent.o)
 .ARM.attributes
                0x00000c3e       0x1e c:/program files (x86)/atmel/studio/7.0/toolchain/arm/arm-gnu-toolchain/bin/../lib/gcc/arm-none-eabi/5.3.1/armv6-m/crtn.o

.comment        0x00000000       0x59
 .comment       0x00000000       0x59 src/OCTO_USART.o
                                 0x5a (size before relaxing)
 .comment       0x00000059       0x5a src/ASF/common2/services/delay/sam0/systick_counter.o
 .comment       0x00000059       0x5a src/ASF/sam0/drivers/rtc/rtc_sam_d_r/rtc_count.o
 .comment       0x00000059       0x5a src/ASF/sam0/drivers/rtc/rtc_sam_d_r/rtc_count_interrupt.o
 .comment       0x00000059       0x5a src/ASF/sam0/utils/stdio/read.o
 .comment       0x00000059       0x5a src/ASF/sam0/utils/stdio/write.o
 .comment       0x00000059       0x5a src/OCTO_DAC.o
 .comment       0x00000059       0x5a src/OCTO_I2C.o
 .comment       0x00000059       0x5a src/OCTO_RTC.o
 .comment       0x00000059       0x5a src/ASF/sam0/drivers/adc/adc_sam_d_r/adc_callback.o
 .comment       0x00000059       0x5a src/ASF/sam0/drivers/dac/dac_sam_d_c/dac.o
 .comment       0x00000059       0x5a src/ASF/sam0/drivers/dac/dac_sam_d_c/dac_callback.o
 .comment       0x00000059       0x5a src/ASF/sam0/drivers/port/port.o
 .comment       0x00000059       0x5a src/ASF/sam0/drivers/sercom/i2c/i2c_sam0/i2c_master.o
 .comment       0x00000059       0x5a src/ASF/sam0/drivers/sercom/i2c/i2c_sam0/i2c_master_interrupt.o
 .comment       0x00000059       0x5a src/ASF/sam0/drivers/sercom/sercom.o
 .comment       0x00000059       0x5a src/ASF/sam0/drivers/sercom/usart/usart.o
 .comment       0x00000059       0x5a src/ASF/sam0/drivers/sercom/usart/usart_interrupt.o
 .comment       0x00000059       0x5a src/ASF/sam0/drivers/sercom/sercom_interrupt.o
 .comment       0x00000059       0x5a src/ASF/common2/boards/user_board/init.o
 .comment       0x00000059       0x5a src/ASF/common/utils/interrupt/interrupt_sam_nvic.o
 .comment       0x00000059       0x5a src/ASF/sam0/drivers/system/clock/clock_samd21_r21_da/clock.o
 .comment       0x00000059       0x5a src/ASF/sam0/drivers/system/clock/clock_samd21_r21_da/gclk.o
 .comment       0x00000059       0x5a src/ASF/sam0/drivers/system/pinmux/pinmux.o
 .comment       0x00000059       0x5a src/ASF/sam0/drivers/system/system.o
 .comment       0x00000059       0x5a src/ASF/sam0/utils/cmsis/samd21/source/gcc/startup_samd21.o
 .comment       0x00000059       0x5a src/ASF/sam0/utils/syscalls/gcc/syscalls.o
 .comment       0x00000059       0x5a src/main.o

.debug_info     0x00000000    0x321b8
 .debug_info    0x00000000     0x3f92 src/OCTO_USART.o
 .debug_info    0x00003f92      0x26b src/ASF/common2/services/delay/sam0/systick_counter.o
 .debug_info    0x000041fd     0x2b29 src/ASF/sam0/drivers/rtc/rtc_sam_d_r/rtc_count.o
 .debug_info    0x00006d26     0x18a3 src/ASF/sam0/drivers/rtc/rtc_sam_d_r/rtc_count_interrupt.o
 .debug_info    0x000085c9      0x1c4 src/ASF/sam0/utils/stdio/read.o
 .debug_info    0x0000878d      0x1c1 src/ASF/sam0/utils/stdio/write.o
 .debug_info    0x0000894e     0x147d src/OCTO_DAC.o
 .debug_info    0x00009dcb     0x3308 src/OCTO_I2C.o
 .debug_info    0x0000d0d3     0x22ea src/OCTO_RTC.o
 .debug_info    0x0000f3bd     0x12ef src/ASF/sam0/drivers/adc/adc_sam_d_r/adc_callback.o
 .debug_info    0x000106ac     0x2b49 src/ASF/sam0/drivers/dac/dac_sam_d_c/dac.o
 .debug_info    0x000131f5      0xe8f src/ASF/sam0/drivers/dac/dac_sam_d_c/dac_callback.o
 .debug_info    0x00014084      0x984 src/ASF/sam0/drivers/port/port.o
 .debug_info    0x00014a08     0x465c src/ASF/sam0/drivers/sercom/i2c/i2c_sam0/i2c_master.o
 .debug_info    0x00019064     0x289b src/ASF/sam0/drivers/sercom/i2c/i2c_sam0/i2c_master_interrupt.o
 .debug_info    0x0001b8ff     0x253b src/ASF/sam0/drivers/sercom/sercom.o
 .debug_info    0x0001de3a     0x41a1 src/ASF/sam0/drivers/sercom/usart/usart.o
 .debug_info    0x00021fdb     0x2789 src/ASF/sam0/drivers/sercom/usart/usart_interrupt.o
 .debug_info    0x00024764     0x22c7 src/ASF/sam0/drivers/sercom/sercom_interrupt.o
 .debug_info    0x00026a2b     0x1357 src/ASF/common2/boards/user_board/init.o
 .debug_info    0x00027d82      0x1ea src/ASF/common/utils/interrupt/interrupt_sam_nvic.o
 .debug_info    0x00027f6c     0x2ed0 src/ASF/sam0/drivers/system/clock/clock_samd21_r21_da/clock.o
 .debug_info    0x0002ae3c     0x155a src/ASF/sam0/drivers/system/clock/clock_samd21_r21_da/gclk.o
 .debug_info    0x0002c396      0xae5 src/ASF/sam0/drivers/system/pinmux/pinmux.o
 .debug_info    0x0002ce7b      0x17c src/ASF/sam0/drivers/system/system.o
 .debug_info    0x0002cff7     0x3a83 src/ASF/sam0/utils/cmsis/samd21/source/gcc/startup_samd21.o
 .debug_info    0x00030a7a      0x428 src/ASF/sam0/utils/syscalls/gcc/syscalls.o
 .debug_info    0x00030ea2     0x1316 src/main.o

.debug_abbrev   0x00000000     0x4c48
 .debug_abbrev  0x00000000      0x41b src/OCTO_USART.o
 .debug_abbrev  0x0000041b      0x13e src/ASF/common2/services/delay/sam0/systick_counter.o
 .debug_abbrev  0x00000559      0x3ca src/ASF/sam0/drivers/rtc/rtc_sam_d_r/rtc_count.o
 .debug_abbrev  0x00000923      0x279 src/ASF/sam0/drivers/rtc/rtc_sam_d_r/rtc_count_interrupt.o
 .debug_abbrev  0x00000b9c      0x10a src/ASF/sam0/utils/stdio/read.o
 .debug_abbrev  0x00000ca6       0xf7 src/ASF/sam0/utils/stdio/write.o
 .debug_abbrev  0x00000d9d      0x2a3 src/OCTO_DAC.o
 .debug_abbrev  0x00001040      0x359 src/OCTO_I2C.o
 .debug_abbrev  0x00001399      0x31b src/OCTO_RTC.o
 .debug_abbrev  0x000016b4      0x307 src/ASF/sam0/drivers/adc/adc_sam_d_r/adc_callback.o
 .debug_abbrev  0x000019bb      0x3c8 src/ASF/sam0/drivers/dac/dac_sam_d_c/dac.o
 .debug_abbrev  0x00001d83      0x324 src/ASF/sam0/drivers/dac/dac_sam_d_c/dac_callback.o
 .debug_abbrev  0x000020a7      0x1dc src/ASF/sam0/drivers/port/port.o
 .debug_abbrev  0x00002283      0x489 src/ASF/sam0/drivers/sercom/i2c/i2c_sam0/i2c_master.o
 .debug_abbrev  0x0000270c      0x3a6 src/ASF/sam0/drivers/sercom/i2c/i2c_sam0/i2c_master_interrupt.o
 .debug_abbrev  0x00002ab2      0x308 src/ASF/sam0/drivers/sercom/sercom.o
 .debug_abbrev  0x00002dba      0x3f8 src/ASF/sam0/drivers/sercom/usart/usart.o
 .debug_abbrev  0x000031b2      0x37f src/ASF/sam0/drivers/sercom/usart/usart_interrupt.o
 .debug_abbrev  0x00003531      0x239 src/ASF/sam0/drivers/sercom/sercom_interrupt.o
 .debug_abbrev  0x0000376a      0x2c8 src/ASF/common2/boards/user_board/init.o
 .debug_abbrev  0x00003a32       0xf6 src/ASF/common/utils/interrupt/interrupt_sam_nvic.o
 .debug_abbrev  0x00003b28      0x3bf src/ASF/sam0/drivers/system/clock/clock_samd21_r21_da/clock.o
 .debug_abbrev  0x00003ee7      0x338 src/ASF/sam0/drivers/system/clock/clock_samd21_r21_da/gclk.o
 .debug_abbrev  0x0000421f      0x2d2 src/ASF/sam0/drivers/system/pinmux/pinmux.o
 .debug_abbrev  0x000044f1       0xbb src/ASF/sam0/drivers/system/system.o
 .debug_abbrev  0x000045ac      0x217 src/ASF/sam0/utils/cmsis/samd21/source/gcc/startup_samd21.o
 .debug_abbrev  0x000047c3      0x144 src/ASF/sam0/utils/syscalls/gcc/syscalls.o
 .debug_abbrev  0x00004907      0x341 src/main.o

.debug_loc      0x00000000     0x6cb5
 .debug_loc     0x00000000      0x436 src/OCTO_USART.o
 .debug_loc     0x00000436       0xe4 src/ASF/common2/services/delay/sam0/systick_counter.o
 .debug_loc     0x0000051a      0x75f src/ASF/sam0/drivers/rtc/rtc_sam_d_r/rtc_count.o
 .debug_loc     0x00000c79      0x1de src/ASF/sam0/drivers/rtc/rtc_sam_d_r/rtc_count_interrupt.o
 .debug_loc     0x00000e57       0xf0 src/ASF/sam0/utils/stdio/read.o
 .debug_loc     0x00000f47      0x130 src/ASF/sam0/utils/stdio/write.o
 .debug_loc     0x00001077       0xa8 src/OCTO_DAC.o
 .debug_loc     0x0000111f      0x143 src/OCTO_I2C.o
 .debug_loc     0x00001262       0xde src/OCTO_RTC.o
 .debug_loc     0x00001340      0x2f9 src/ASF/sam0/drivers/adc/adc_sam_d_r/adc_callback.o
 .debug_loc     0x00001639      0x6dc src/ASF/sam0/drivers/dac/dac_sam_d_c/dac.o
 .debug_loc     0x00001d15      0x3c6 src/ASF/sam0/drivers/dac/dac_sam_d_c/dac_callback.o
 .debug_loc     0x000020db      0x13d src/ASF/sam0/drivers/port/port.o
 .debug_loc     0x00002218      0xdcf src/ASF/sam0/drivers/sercom/i2c/i2c_sam0/i2c_master.o
 .debug_loc     0x00002fe7      0x5fb src/ASF/sam0/drivers/sercom/i2c/i2c_sam0/i2c_master_interrupt.o
 .debug_loc     0x000035e2      0x900 src/ASF/sam0/drivers/sercom/sercom.o
 .debug_loc     0x00003ee2      0xc45 src/ASF/sam0/drivers/sercom/usart/usart.o
 .debug_loc     0x00004b27      0x5bb src/ASF/sam0/drivers/sercom/usart/usart_interrupt.o
 .debug_loc     0x000050e2      0x170 src/ASF/sam0/drivers/sercom/sercom_interrupt.o
 .debug_loc     0x00005252       0xf0 src/ASF/common2/boards/user_board/init.o
 .debug_loc     0x00005342      0xf1d src/ASF/sam0/drivers/system/clock/clock_samd21_r21_da/clock.o
 .debug_loc     0x0000625f      0x4e3 src/ASF/sam0/drivers/system/clock/clock_samd21_r21_da/gclk.o
 .debug_loc     0x00006742      0x37a src/ASF/sam0/drivers/system/pinmux/pinmux.o
 .debug_loc     0x00006abc       0x20 src/ASF/sam0/drivers/system/system.o
 .debug_loc     0x00006adc       0x20 src/ASF/sam0/utils/cmsis/samd21/source/gcc/startup_samd21.o
 .debug_loc     0x00006afc      0x11d src/ASF/sam0/utils/syscalls/gcc/syscalls.o
 .debug_loc     0x00006c19       0x9c src/main.o

.debug_aranges  0x00000000      0x850
 .debug_aranges
                0x00000000       0x58 src/OCTO_USART.o
 .debug_aranges
                0x00000058       0x30 src/ASF/common2/services/delay/sam0/systick_counter.o
 .debug_aranges
                0x00000088       0x88 src/ASF/sam0/drivers/rtc/rtc_sam_d_r/rtc_count.o
 .debug_aranges
                0x00000110       0x40 src/ASF/sam0/drivers/rtc/rtc_sam_d_r/rtc_count_interrupt.o
 .debug_aranges
                0x00000150       0x20 src/ASF/sam0/utils/stdio/read.o
 .debug_aranges
                0x00000170       0x20 src/ASF/sam0/utils/stdio/write.o
 .debug_aranges
                0x00000190       0x28 src/OCTO_DAC.o
 .debug_aranges
                0x000001b8       0x28 src/OCTO_I2C.o
 .debug_aranges
                0x000001e0       0x30 src/OCTO_RTC.o
 .debug_aranges
                0x00000210       0x48 src/ASF/sam0/drivers/adc/adc_sam_d_r/adc_callback.o
 .debug_aranges
                0x00000258       0xa8 src/ASF/sam0/drivers/dac/dac_sam_d_c/dac.o
 .debug_aranges
                0x00000300       0x60 src/ASF/sam0/drivers/dac/dac_sam_d_c/dac_callback.o
 .debug_aranges
                0x00000360       0x28 src/ASF/sam0/drivers/port/port.o
 .debug_aranges
                0x00000388       0xa0 src/ASF/sam0/drivers/sercom/i2c/i2c_sam0/i2c_master.o
 .debug_aranges
                0x00000428       0x90 src/ASF/sam0/drivers/sercom/i2c/i2c_sam0/i2c_master_interrupt.o
 .debug_aranges
                0x000004b8       0x40 src/ASF/sam0/drivers/sercom/sercom.o
 .debug_aranges
                0x000004f8       0x40 src/ASF/sam0/drivers/sercom/usart/usart.o
 .debug_aranges
                0x00000538       0x70 src/ASF/sam0/drivers/sercom/usart/usart_interrupt.o
 .debug_aranges
                0x000005a8       0x50 src/ASF/sam0/drivers/sercom/sercom_interrupt.o
 .debug_aranges
                0x000005f8       0x20 src/ASF/common2/boards/user_board/init.o
 .debug_aranges
                0x00000618       0x28 src/ASF/common/utils/interrupt/interrupt_sam_nvic.o
 .debug_aranges
                0x00000640       0x78 src/ASF/sam0/drivers/system/clock/clock_samd21_r21_da/clock.o
 .debug_aranges
                0x000006b8       0x80 src/ASF/sam0/drivers/system/clock/clock_samd21_r21_da/gclk.o
 .debug_aranges
                0x00000738       0x40 src/ASF/sam0/drivers/system/pinmux/pinmux.o
 .debug_aranges
                0x00000778       0x28 src/ASF/sam0/drivers/system/system.o
 .debug_aranges
                0x000007a0       0x28 src/ASF/sam0/utils/cmsis/samd21/source/gcc/startup_samd21.o
 .debug_aranges
                0x000007c8       0x60 src/ASF/sam0/utils/syscalls/gcc/syscalls.o
 .debug_aranges
                0x00000828       0x28 src/main.o

.debug_ranges   0x00000000      0x808
 .debug_ranges  0x00000000       0x48 src/OCTO_USART.o
 .debug_ranges  0x00000048       0x50 src/ASF/common2/services/delay/sam0/systick_counter.o
 .debug_ranges  0x00000098       0x78 src/ASF/sam0/drivers/rtc/rtc_sam_d_r/rtc_count.o
 .debug_ranges  0x00000110       0x30 src/ASF/sam0/drivers/rtc/rtc_sam_d_r/rtc_count_interrupt.o
 .debug_ranges  0x00000140       0x10 src/ASF/sam0/utils/stdio/read.o
 .debug_ranges  0x00000150       0x10 src/ASF/sam0/utils/stdio/write.o
 .debug_ranges  0x00000160       0x18 src/OCTO_DAC.o
 .debug_ranges  0x00000178       0x18 src/OCTO_I2C.o
 .debug_ranges  0x00000190       0x20 src/OCTO_RTC.o
 .debug_ranges  0x000001b0       0x38 src/ASF/sam0/drivers/adc/adc_sam_d_r/adc_callback.o
 .debug_ranges  0x000001e8       0xb8 src/ASF/sam0/drivers/dac/dac_sam_d_c/dac.o
 .debug_ranges  0x000002a0       0x50 src/ASF/sam0/drivers/dac/dac_sam_d_c/dac_callback.o
 .debug_ranges  0x000002f0       0x18 src/ASF/sam0/drivers/port/port.o
 .debug_ranges  0x00000308       0xc0 src/ASF/sam0/drivers/sercom/i2c/i2c_sam0/i2c_master.o
 .debug_ranges  0x000003c8       0x98 src/ASF/sam0/drivers/sercom/i2c/i2c_sam0/i2c_master_interrupt.o
 .debug_ranges  0x00000460       0x60 src/ASF/sam0/drivers/sercom/sercom.o
 .debug_ranges  0x000004c0       0xe0 src/ASF/sam0/drivers/sercom/usart/usart.o
 .debug_ranges  0x000005a0       0x60 src/ASF/sam0/drivers/sercom/usart/usart_interrupt.o
 .debug_ranges  0x00000600       0x40 src/ASF/sam0/drivers/sercom/sercom_interrupt.o
 .debug_ranges  0x00000640       0x10 src/ASF/common2/boards/user_board/init.o
 .debug_ranges  0x00000650       0x18 src/ASF/common/utils/interrupt/interrupt_sam_nvic.o
 .debug_ranges  0x00000668       0x68 src/ASF/sam0/drivers/system/clock/clock_samd21_r21_da/clock.o
 .debug_ranges  0x000006d0       0x70 src/ASF/sam0/drivers/system/clock/clock_samd21_r21_da/gclk.o
 .debug_ranges  0x00000740       0x30 src/ASF/sam0/drivers/system/pinmux/pinmux.o
 .debug_ranges  0x00000770       0x18 src/ASF/sam0/drivers/system/system.o
 .debug_ranges  0x00000788       0x18 src/ASF/sam0/utils/cmsis/samd21/source/gcc/startup_samd21.o
 .debug_ranges  0x000007a0       0x50 src/ASF/sam0/utils/syscalls/gcc/syscalls.o
 .debug_ranges  0x000007f0       0x18 src/main.o

.debug_macro    0x00000000    0x1caa0
 .debug_macro   0x00000000      0x68e src/OCTO_USART.o
 .debug_macro   0x0000068e      0x856 src/OCTO_USART.o
 .debug_macro   0x00000ee4      0x16d src/OCTO_USART.o
 .debug_macro   0x00001051      0x644 src/OCTO_USART.o
 .debug_macro   0x00001695       0x22 src/OCTO_USART.o
 .debug_macro   0x000016b7       0x87 src/OCTO_USART.o
 .debug_macro   0x0000173e       0x44 src/OCTO_USART.o
 .debug_macro   0x00001782       0xfd src/OCTO_USART.o
 .debug_macro   0x0000187f       0x22 src/OCTO_USART.o
 .debug_macro   0x000018a1      0x1df src/OCTO_USART.o
 .debug_macro   0x00001a80       0x10 src/OCTO_USART.o
 .debug_macro   0x00001a90       0x76 src/OCTO_USART.o
 .debug_macro   0x00001b06       0x16 src/OCTO_USART.o
 .debug_macro   0x00001b1c      0x6e5 src/OCTO_USART.o
 .debug_macro   0x00002201      0xde2 src/OCTO_USART.o
 .debug_macro   0x00002fe3       0x22 src/OCTO_USART.o
 .debug_macro   0x00003005       0x40 src/OCTO_USART.o
 .debug_macro   0x00003045       0x3a src/OCTO_USART.o
 .debug_macro   0x0000307f       0x1f src/OCTO_USART.o
 .debug_macro   0x0000309e      0x250 src/OCTO_USART.o
 .debug_macro   0x000032ee      0x682 src/OCTO_USART.o
 .debug_macro   0x00003970      0x8c1 src/OCTO_USART.o
 .debug_macro   0x00004231      0x235 src/OCTO_USART.o
 .debug_macro   0x00004466      0xd66 src/OCTO_USART.o
 .debug_macro   0x000051cc      0x4ce src/OCTO_USART.o
 .debug_macro   0x0000569a      0x9fb src/OCTO_USART.o
 .debug_macro   0x00006095      0x82e src/OCTO_USART.o
 .debug_macro   0x000068c3      0x462 src/OCTO_USART.o
 .debug_macro   0x00006d25       0x5e src/OCTO_USART.o
 .debug_macro   0x00006d83      0x907 src/OCTO_USART.o
 .debug_macro   0x0000768a      0x226 src/OCTO_USART.o
 .debug_macro   0x000078b0      0x9d3 src/OCTO_USART.o
 .debug_macro   0x00008283       0x5e src/OCTO_USART.o
 .debug_macro   0x000082e1      0x682 src/OCTO_USART.o
 .debug_macro   0x00008963      0x3b8 src/OCTO_USART.o
 .debug_macro   0x00008d1b      0xc55 src/OCTO_USART.o
 .debug_macro   0x00009970     0x1093 src/OCTO_USART.o
 .debug_macro   0x0000aa03      0xc4a src/OCTO_USART.o
 .debug_macro   0x0000b64d      0x6c2 src/OCTO_USART.o
 .debug_macro   0x0000bd0f     0x1b4e src/OCTO_USART.o
 .debug_macro   0x0000d85d     0x144d src/OCTO_USART.o
 .debug_macro   0x0000ecaa      0x351 src/OCTO_USART.o
 .debug_macro   0x0000effb       0x7c src/OCTO_USART.o
 .debug_macro   0x0000f077       0xa0 src/OCTO_USART.o
 .debug_macro   0x0000f117       0x4c src/OCTO_USART.o
 .debug_macro   0x0000f163       0xca src/OCTO_USART.o
 .debug_macro   0x0000f22d       0x94 src/OCTO_USART.o
 .debug_macro   0x0000f2c1       0x58 src/OCTO_USART.o
 .debug_macro   0x0000f319      0x38a src/OCTO_USART.o
 .debug_macro   0x0000f6a3       0x82 src/OCTO_USART.o
 .debug_macro   0x0000f725      0x19a src/OCTO_USART.o
 .debug_macro   0x0000f8bf       0xb8 src/OCTO_USART.o
 .debug_macro   0x0000f977       0xa0 src/OCTO_USART.o
 .debug_macro   0x0000fa17       0xbe src/OCTO_USART.o
 .debug_macro   0x0000fad5       0x1c src/OCTO_USART.o
 .debug_macro   0x0000faf1       0x1c src/OCTO_USART.o
 .debug_macro   0x0000fb0d       0x1c src/OCTO_USART.o
 .debug_macro   0x0000fb29       0x82 src/OCTO_USART.o
 .debug_macro   0x0000fbab      0x164 src/OCTO_USART.o
 .debug_macro   0x0000fd0f       0xdc src/OCTO_USART.o
 .debug_macro   0x0000fdeb      0x132 src/OCTO_USART.o
 .debug_macro   0x0000ff1d      0x132 src/OCTO_USART.o
 .debug_macro   0x0001004f      0x132 src/OCTO_USART.o
 .debug_macro   0x00010181      0x132 src/OCTO_USART.o
 .debug_macro   0x000102b3      0x11e src/OCTO_USART.o
 .debug_macro   0x000103d1       0xe2 src/OCTO_USART.o
 .debug_macro   0x000104b3       0xe2 src/OCTO_USART.o
 .debug_macro   0x00010595       0xe2 src/OCTO_USART.o
 .debug_macro   0x00010677      0x136 src/OCTO_USART.o
 .debug_macro   0x000107ad      0x106 src/OCTO_USART.o
 .debug_macro   0x000108b3       0xfa src/OCTO_USART.o
 .debug_macro   0x000109ad      0x40f src/OCTO_USART.o
 .debug_macro   0x00010dbc       0x40 src/OCTO_USART.o
 .debug_macro   0x00010dfc      0x345 src/OCTO_USART.o
 .debug_macro   0x00011141      0xf7d src/OCTO_USART.o
 .debug_macro   0x000120be       0x51 src/OCTO_USART.o
 .debug_macro   0x0001210f       0x52 src/OCTO_USART.o
 .debug_macro   0x00012161       0x35 src/OCTO_USART.o
 .debug_macro   0x00012196       0x9c src/OCTO_USART.o
 .debug_macro   0x00012232       0x16 src/OCTO_USART.o
 .debug_macro   0x00012248       0x35 src/OCTO_USART.o
 .debug_macro   0x0001227d      0x330 src/OCTO_USART.o
 .debug_macro   0x000125ad       0x10 src/OCTO_USART.o
 .debug_macro   0x000125bd       0x52 src/OCTO_USART.o
 .debug_macro   0x0001260f       0x16 src/OCTO_USART.o
 .debug_macro   0x00012625       0x43 src/OCTO_USART.o
 .debug_macro   0x00012668      0x187 src/OCTO_USART.o
 .debug_macro   0x000127ef       0x22 src/OCTO_USART.o
 .debug_macro   0x00012811       0x3a src/OCTO_USART.o
 .debug_macro   0x0001284b       0x10 src/OCTO_USART.o
 .debug_macro   0x0001285b       0x40 src/OCTO_USART.o
 .debug_macro   0x0001289b       0x6c src/OCTO_USART.o
 .debug_macro   0x00012907       0x16 src/OCTO_USART.o
 .debug_macro   0x0001291d      0x182 src/OCTO_USART.o
 .debug_macro   0x00012a9f       0x16 src/OCTO_USART.o
 .debug_macro   0x00012ab5       0x16 src/OCTO_USART.o
 .debug_macro   0x00012acb       0x29 src/OCTO_USART.o
 .debug_macro   0x00012af4       0x51 src/OCTO_USART.o
 .debug_macro   0x00012b45       0x3f src/OCTO_USART.o
 .debug_macro   0x00012b84      0x3df src/OCTO_USART.o
 .debug_macro   0x00012f63       0x11 src/OCTO_USART.o
 .debug_macro   0x00012f74       0x18 src/OCTO_USART.o
 .debug_macro   0x00012f8c       0x2e src/OCTO_USART.o
 .debug_macro   0x00012fba       0x19 src/OCTO_USART.o
 .debug_macro   0x00012fd3      0x355 src/OCTO_USART.o
 .debug_macro   0x00013328       0x16 src/OCTO_USART.o
 .debug_macro   0x0001333e       0x18 src/OCTO_USART.o
 .debug_macro   0x00013356       0x1c src/OCTO_USART.o
 .debug_macro   0x00013372       0x16 src/OCTO_USART.o
 .debug_macro   0x00013388      0x2aa src/OCTO_USART.o
 .debug_macro   0x00013632       0x11 src/OCTO_USART.o
 .debug_macro   0x00013643      0x29d src/OCTO_USART.o
 .debug_macro   0x000138e0       0x7a src/OCTO_USART.o
 .debug_macro   0x0001395a       0x10 src/OCTO_USART.o
 .debug_macro   0x0001396a       0x2d src/OCTO_USART.o
 .debug_macro   0x00013997       0x50 src/OCTO_USART.o
 .debug_macro   0x000139e7      0x4fa src/ASF/common2/services/delay/sam0/systick_counter.o
 .debug_macro   0x00013ee1       0x16 src/ASF/common2/services/delay/sam0/systick_counter.o
 .debug_macro   0x00013ef7      0x512 src/ASF/sam0/drivers/rtc/rtc_sam_d_r/rtc_count.o
 .debug_macro   0x00014409      0x51c src/ASF/sam0/drivers/rtc/rtc_sam_d_r/rtc_count_interrupt.o
 .debug_macro   0x00014925      0x4bf src/ASF/sam0/utils/stdio/read.o
 .debug_macro   0x00014de4      0x4bf src/ASF/sam0/utils/stdio/write.o
 .debug_macro   0x000152a3      0x68e src/OCTO_DAC.o
 .debug_macro   0x00015931      0x699 src/OCTO_I2C.o
 .debug_macro   0x00015fca      0x682 src/OCTO_RTC.o
 .debug_macro   0x0001664c      0x542 src/ASF/sam0/drivers/adc/adc_sam_d_r/adc_callback.o
 .debug_macro   0x00016b8e      0x534 src/ASF/sam0/drivers/dac/dac_sam_d_c/dac.o
 .debug_macro   0x000170c2       0x10 src/ASF/sam0/drivers/dac/dac_sam_d_c/dac.o
 .debug_macro   0x000170d2      0x51b src/ASF/sam0/drivers/dac/dac_sam_d_c/dac_callback.o
 .debug_macro   0x000175ed      0x4db src/ASF/sam0/drivers/port/port.o
 .debug_macro   0x00017ac8      0x56f src/ASF/sam0/drivers/sercom/i2c/i2c_sam0/i2c_master.o
 .debug_macro   0x00018037       0x27 src/ASF/sam0/drivers/sercom/i2c/i2c_sam0/i2c_master.o
 .debug_macro   0x0001805e      0x56b src/ASF/sam0/drivers/sercom/i2c/i2c_sam0/i2c_master_interrupt.o
 .debug_macro   0x000185c9      0x54d src/ASF/sam0/drivers/sercom/sercom.o
 .debug_macro   0x00018b16      0x55e src/ASF/sam0/drivers/sercom/usart/usart.o
 .debug_macro   0x00019074       0x51 src/ASF/sam0/drivers/sercom/usart/usart.o
 .debug_macro   0x000190c5      0x55e src/ASF/sam0/drivers/sercom/usart/usart_interrupt.o
 .debug_macro   0x00019623      0x54a src/ASF/sam0/drivers/sercom/sercom_interrupt.o
 .debug_macro   0x00019b6d      0x679 src/ASF/common2/boards/user_board/init.o
 .debug_macro   0x0001a1e6      0x4bf src/ASF/common/utils/interrupt/interrupt_sam_nvic.o
 .debug_macro   0x0001a6a5      0x531 src/ASF/sam0/drivers/system/clock/clock_samd21_r21_da/clock.o
 .debug_macro   0x0001abd6      0x4f5 src/ASF/sam0/drivers/system/clock/clock_samd21_r21_da/gclk.o
 .debug_macro   0x0001b0cb      0x4cf src/ASF/sam0/drivers/system/pinmux/pinmux.o
 .debug_macro   0x0001b59a       0x12 src/ASF/sam0/drivers/system/pinmux/pinmux.o
 .debug_macro   0x0001b5ac      0x503 src/ASF/sam0/drivers/system/system.o
 .debug_macro   0x0001baaf      0x2d1 src/ASF/sam0/utils/cmsis/samd21/source/gcc/startup_samd21.o
 .debug_macro   0x0001bd80       0x3a src/ASF/sam0/utils/cmsis/samd21/source/gcc/startup_samd21.o
 .debug_macro   0x0001bdba      0x19c src/ASF/sam0/utils/syscalls/gcc/syscalls.o
 .debug_macro   0x0001bf56       0x4c src/ASF/sam0/utils/syscalls/gcc/syscalls.o
 .debug_macro   0x0001bfa2       0x8d src/ASF/sam0/utils/syscalls/gcc/syscalls.o
 .debug_macro   0x0001c02f       0x4a src/ASF/sam0/utils/syscalls/gcc/syscalls.o
 .debug_macro   0x0001c079       0x97 src/ASF/sam0/utils/syscalls/gcc/syscalls.o
 .debug_macro   0x0001c110       0xf6 src/ASF/sam0/utils/syscalls/gcc/syscalls.o
 .debug_macro   0x0001c206       0x52 src/ASF/sam0/utils/syscalls/gcc/syscalls.o
 .debug_macro   0x0001c258       0x16 src/ASF/sam0/utils/syscalls/gcc/syscalls.o
 .debug_macro   0x0001c26e       0x10 src/ASF/sam0/utils/syscalls/gcc/syscalls.o
 .debug_macro   0x0001c27e       0x41 src/ASF/sam0/utils/syscalls/gcc/syscalls.o
 .debug_macro   0x0001c2bf      0x122 src/ASF/sam0/utils/syscalls/gcc/syscalls.o
 .debug_macro   0x0001c3e1      0x6af src/main.o
 .debug_macro   0x0001ca90       0x10 src/main.o

.debug_line     0x00000000    0x13ac8
 .debug_line    0x00000000      0xf75 src/OCTO_USART.o
 .debug_line    0x00000f75      0x974 src/ASF/common2/services/delay/sam0/systick_counter.o
 .debug_line    0x000018e9      0xbb8 src/ASF/sam0/drivers/rtc/rtc_sam_d_r/rtc_count.o
 .debug_line    0x000024a1      0xa63 src/ASF/sam0/drivers/rtc/rtc_sam_d_r/rtc_count_interrupt.o
 .debug_line    0x00002f04      0x85e src/ASF/sam0/utils/stdio/read.o
 .debug_line    0x00003762      0x854 src/ASF/sam0/utils/stdio/write.o
 .debug_line    0x00003fb6      0xe43 src/OCTO_DAC.o
 .debug_line    0x00004df9      0xe92 src/OCTO_I2C.o
 .debug_line    0x00005c8b      0xe64 src/OCTO_RTC.o
 .debug_line    0x00006aef      0xb9d src/ASF/sam0/drivers/adc/adc_sam_d_r/adc_callback.o
 .debug_line    0x0000768c      0xc5d src/ASF/sam0/drivers/dac/dac_sam_d_c/dac.o
 .debug_line    0x000082e9      0xad2 src/ASF/sam0/drivers/dac/dac_sam_d_c/dac_callback.o
 .debug_line    0x00008dbb      0x8ac src/ASF/sam0/drivers/port/port.o
 .debug_line    0x00009667      0xdbf src/ASF/sam0/drivers/sercom/i2c/i2c_sam0/i2c_master.o
 .debug_line    0x0000a426      0xd3d src/ASF/sam0/drivers/sercom/i2c/i2c_sam0/i2c_master_interrupt.o
 .debug_line    0x0000b163      0xb5d src/ASF/sam0/drivers/sercom/sercom.o
 .debug_line    0x0000bcc0      0xcac src/ASF/sam0/drivers/sercom/usart/usart.o
 .debug_line    0x0000c96c      0xc3f src/ASF/sam0/drivers/sercom/usart/usart_interrupt.o
 .debug_line    0x0000d5ab      0xaf6 src/ASF/sam0/drivers/sercom/sercom_interrupt.o
 .debug_line    0x0000e0a1      0xe4d src/ASF/common2/boards/user_board/init.o
 .debug_line    0x0000eeee      0x880 src/ASF/common/utils/interrupt/interrupt_sam_nvic.o
 .debug_line    0x0000f76e      0xbff src/ASF/sam0/drivers/system/clock/clock_samd21_r21_da/clock.o
 .debug_line    0x0001036d      0xc1b src/ASF/sam0/drivers/system/clock/clock_samd21_r21_da/gclk.o
 .debug_line    0x00010f88      0x8eb src/ASF/sam0/drivers/system/pinmux/pinmux.o
 .debug_line    0x00011873      0x99b src/ASF/sam0/drivers/system/system.o
 .debug_line    0x0001220e      0x62e src/ASF/sam0/utils/cmsis/samd21/source/gcc/startup_samd21.o
 .debug_line    0x0001283c      0x3cf src/ASF/sam0/utils/syscalls/gcc/syscalls.o
 .debug_line    0x00012c0b      0xebd src/main.o

.debug_str      0x00000000    0x864b7
 .debug_str     0x00000000    0x80443 src/OCTO_USART.o
                              0x80e83 (size before relaxing)
 .debug_str     0x00080443       0xa5 src/ASF/common2/services/delay/sam0/systick_counter.o
                              0x7b750 (size before relaxing)
 .debug_str     0x000804e8      0xada src/ASF/sam0/drivers/rtc/rtc_sam_d_r/rtc_count.o
                              0x7dc65 (size before relaxing)
 .debug_str     0x00080fc2       0xe4 src/ASF/sam0/drivers/rtc/rtc_sam_d_r/rtc_count_interrupt.o
                              0x7d0e5 (size before relaxing)
 .debug_str     0x000810a6       0x2a src/ASF/sam0/utils/stdio/read.o
                              0x7b55e (size before relaxing)
 .debug_str     0x000810d0       0x24 src/ASF/sam0/utils/stdio/write.o
                              0x7b560 (size before relaxing)
 .debug_str     0x000810f4      0x2c1 src/OCTO_DAC.o
                              0x7fc9c (size before relaxing)
 .debug_str     0x000813b5      0x50a src/OCTO_I2C.o
                              0x809d2 (size before relaxing)
 .debug_str     0x000818bf       0x78 src/OCTO_RTC.o
                              0x7fcc4 (size before relaxing)
 .debug_str     0x00081937      0x4de src/ASF/sam0/drivers/adc/adc_sam_d_r/adc_callback.o
                              0x7c2a7 (size before relaxing)
 .debug_str     0x00081e15      0x678 src/ASF/sam0/drivers/dac/dac_sam_d_c/dac.o
                              0x7ca5c (size before relaxing)
 .debug_str     0x0008248d      0x10e src/ASF/sam0/drivers/dac/dac_sam_d_c/dac_callback.o
                              0x7c3ed (size before relaxing)
 .debug_str     0x0008259b       0xf9 src/ASF/sam0/drivers/port/port.o
                              0x7b98c (size before relaxing)
 .debug_str     0x00082694      0x597 src/ASF/sam0/drivers/sercom/i2c/i2c_sam0/i2c_master.o
                              0x7d8e3 (size before relaxing)
 .debug_str     0x00082c2b      0x1be src/ASF/sam0/drivers/sercom/i2c/i2c_sam0/i2c_master_interrupt.o
                              0x7c9d3 (size before relaxing)
 .debug_str     0x00082de9      0x3a5 src/ASF/sam0/drivers/sercom/sercom.o
                              0x7caa0 (size before relaxing)
 .debug_str     0x0008318e      0x101 src/ASF/sam0/drivers/sercom/usart/usart.o
                              0x7d7ba (size before relaxing)
 .debug_str     0x0008328f      0x15b src/ASF/sam0/drivers/sercom/usart/usart_interrupt.o
                              0x7cacb (size before relaxing)
 .debug_str     0x000833ea      0x189 src/ASF/sam0/drivers/sercom/sercom_interrupt.o
                              0x7c8b3 (size before relaxing)
 .debug_str     0x00083573       0x57 src/ASF/common2/boards/user_board/init.o
                              0x7f479 (size before relaxing)
 .debug_str     0x000835ca       0x94 src/ASF/common/utils/interrupt/interrupt_sam_nvic.o
                              0x7b5b1 (size before relaxing)
 .debug_str     0x0008365e     0x1349 src/ASF/sam0/drivers/system/clock/clock_samd21_r21_da/clock.o
                              0x7e6df (size before relaxing)
 .debug_str     0x000849a7      0x27d src/ASF/sam0/drivers/system/clock/clock_samd21_r21_da/gclk.o
                              0x7c230 (size before relaxing)
 .debug_str     0x00084c24      0x1b5 src/ASF/sam0/drivers/system/pinmux/pinmux.o
                              0x7ba53 (size before relaxing)
 .debug_str     0x00084dd9       0x47 src/ASF/sam0/drivers/system/system.o
                              0x7b65c (size before relaxing)
 .debug_str     0x00084e20      0xeee src/ASF/sam0/utils/cmsis/samd21/source/gcc/startup_samd21.o
                              0x6795f (size before relaxing)
 .debug_str     0x00085d0e      0x734 src/ASF/sam0/utils/syscalls/gcc/syscalls.o
                               0x6899 (size before relaxing)
 .debug_str     0x00086442       0x75 src/main.o
                              0x7f429 (size before relaxing)

.debug_frame    0x00000000     0x1c80
 .debug_frame   0x00000000       0xe0 src/OCTO_USART.o
 .debug_frame   0x000000e0       0x64 src/ASF/common2/services/delay/sam0/systick_counter.o
 .debug_frame   0x00000144      0x178 src/ASF/sam0/drivers/rtc/rtc_sam_d_r/rtc_count.o
 .debug_frame   0x000002bc       0x78 src/ASF/sam0/drivers/rtc/rtc_sam_d_r/rtc_count_interrupt.o
 .debug_frame   0x00000334       0x34 src/ASF/sam0/utils/stdio/read.o
 .debug_frame   0x00000368       0x34 src/ASF/sam0/utils/stdio/write.o
 .debug_frame   0x0000039c       0x44 src/OCTO_DAC.o
 .debug_frame   0x000003e0       0x4c src/OCTO_I2C.o
 .debug_frame   0x0000042c       0x5c src/OCTO_RTC.o
 .debug_frame   0x00000488       0x84 src/ASF/sam0/drivers/adc/adc_sam_d_r/adc_callback.o
 .debug_frame   0x0000050c      0x1a4 src/ASF/sam0/drivers/dac/dac_sam_d_c/dac.o
 .debug_frame   0x000006b0       0xd4 src/ASF/sam0/drivers/dac/dac_sam_d_c/dac_callback.o
 .debug_frame   0x00000784       0x44 src/ASF/sam0/drivers/port/port.o
 .debug_frame   0x000007c8      0x1ec src/ASF/sam0/drivers/sercom/i2c/i2c_sam0/i2c_master.o
 .debug_frame   0x000009b4      0x170 src/ASF/sam0/drivers/sercom/i2c/i2c_sam0/i2c_master_interrupt.o
 .debug_frame   0x00000b24       0x9c src/ASF/sam0/drivers/sercom/sercom.o
 .debug_frame   0x00000bc0       0xac src/ASF/sam0/drivers/sercom/usart/usart.o
 .debug_frame   0x00000c6c      0x110 src/ASF/sam0/drivers/sercom/usart/usart_interrupt.o
 .debug_frame   0x00000d7c       0xb8 src/ASF/sam0/drivers/sercom/sercom_interrupt.o
 .debug_frame   0x00000e34       0x30 src/ASF/common2/boards/user_board/init.o
 .debug_frame   0x00000e64       0x30 src/ASF/common/utils/interrupt/interrupt_sam_nvic.o
 .debug_frame   0x00000e94      0x15c src/ASF/sam0/drivers/system/clock/clock_samd21_r21_da/clock.o
 .debug_frame   0x00000ff0      0x148 src/ASF/sam0/drivers/system/clock/clock_samd21_r21_da/gclk.o
 .debug_frame   0x00001138       0x98 src/ASF/sam0/drivers/system/pinmux/pinmux.o
 .debug_frame   0x000011d0       0x38 src/ASF/sam0/drivers/system/system.o
 .debug_frame   0x00001208       0x3c src/ASF/sam0/utils/cmsis/samd21/source/gcc/startup_samd21.o
 .debug_frame   0x00001244       0xa8 src/ASF/sam0/utils/syscalls/gcc/syscalls.o
 .debug_frame   0x000012ec       0x44 src/main.o
 .debug_frame   0x00001330       0x20 c:/program files (x86)/atmel/studio/7.0/toolchain/arm/arm-gnu-toolchain/bin/../lib/gcc/arm-none-eabi/5.3.1/armv6-m\libgcc.a(_udivsi3.o)
 .debug_frame   0x00001350       0x20 c:/program files (x86)/atmel/studio/7.0/toolchain/arm/arm-gnu-toolchain/bin/../lib/gcc/arm-none-eabi/5.3.1/armv6-m\libgcc.a(_divsi3.o)
 .debug_frame   0x00001370       0x34 c:/program files (x86)/atmel/studio/7.0/toolchain/arm/arm-gnu-toolchain/bin/../lib/gcc/arm-none-eabi/5.3.1/armv6-m\libgcc.a(_muldi3.o)
 .debug_frame   0x000013a4       0x3c c:/program files (x86)/atmel/studio/7.0/toolchain/arm/arm-gnu-toolchain/bin/../lib/gcc/arm-none-eabi/5.3.1/armv6-m\libgcc.a(adddf3.o)
 .debug_frame   0x000013e0       0x3c c:/program files (x86)/atmel/studio/7.0/toolchain/arm/arm-gnu-toolchain/bin/../lib/gcc/arm-none-eabi/5.3.1/armv6-m\libgcc.a(divdf3.o)
 .debug_frame   0x0000141c       0x3c c:/program files (x86)/atmel/studio/7.0/toolchain/arm/arm-gnu-toolchain/bin/../lib/gcc/arm-none-eabi/5.3.1/armv6-m\libgcc.a(muldf3.o)
 .debug_frame   0x00001458       0x38 c:/program files (x86)/atmel/studio/7.0/toolchain/arm/arm-gnu-toolchain/bin/../lib/gcc/arm-none-eabi/5.3.1/armv6-m\libgcc.a(subdf3.o)
 .debug_frame   0x00001490       0x2c c:/program files (x86)/atmel/studio/7.0/toolchain/arm/arm-gnu-toolchain/bin/../lib/gcc/arm-none-eabi/5.3.1/armv6-m\libgcc.a(fixdfsi.o)
 .debug_frame   0x000014bc       0x2c c:/program files (x86)/atmel/studio/7.0/toolchain/arm/arm-gnu-toolchain/bin/../lib/gcc/arm-none-eabi/5.3.1/armv6-m\libgcc.a(floatunsidf.o)
 .debug_frame   0x000014e8       0x2c c:/program files (x86)/atmel/studio/7.0/toolchain/arm/arm-gnu-toolchain/bin/../lib/gcc/arm-none-eabi/5.3.1/../../../../arm-none-eabi/lib/armv6-m\libc_nano.a(lib_a-init.o)
 .debug_frame   0x00001514       0x28 c:/program files (x86)/atmel/studio/7.0/toolchain/arm/arm-gnu-toolchain/bin/../lib/gcc/arm-none-eabi/5.3.1/../../../../arm-none-eabi/lib/armv6-m\libc_nano.a(lib_a-memcpy-stub.o)
 .debug_frame   0x0000153c       0x20 c:/program files (x86)/atmel/studio/7.0/toolchain/arm/arm-gnu-toolchain/bin/../lib/gcc/arm-none-eabi/5.3.1/../../../../arm-none-eabi/lib/armv6-m\libc_nano.a(lib_a-memset.o)
 .debug_frame   0x0000155c       0x50 c:/program files (x86)/atmel/studio/7.0/toolchain/arm/arm-gnu-toolchain/bin/../lib/gcc/arm-none-eabi/5.3.1/../../../../arm-none-eabi/lib/armv6-m\libc_nano.a(lib_a-printf.o)
 .debug_frame   0x000015ac       0x28 c:/program files (x86)/atmel/studio/7.0/toolchain/arm/arm-gnu-toolchain/bin/../lib/gcc/arm-none-eabi/5.3.1/../../../../arm-none-eabi/lib/armv6-m\libc_nano.a(lib_a-setbuf.o)
 .debug_frame   0x000015d4       0x30 c:/program files (x86)/atmel/studio/7.0/toolchain/arm/arm-gnu-toolchain/bin/../lib/gcc/arm-none-eabi/5.3.1/../../../../arm-none-eabi/lib/armv6-m\libc_nano.a(lib_a-setvbuf.o)
 .debug_frame   0x00001604       0x68 c:/program files (x86)/atmel/studio/7.0/toolchain/arm/arm-gnu-toolchain/bin/../lib/gcc/arm-none-eabi/5.3.1/../../../../arm-none-eabi/lib/armv6-m\libc_nano.a(lib_a-fflush.o)
 .debug_frame   0x0000166c      0x140 c:/program files (x86)/atmel/studio/7.0/toolchain/arm/arm-gnu-toolchain/bin/../lib/gcc/arm-none-eabi/5.3.1/../../../../arm-none-eabi/lib/armv6-m\libc_nano.a(lib_a-findfp.o)
 .debug_frame   0x000017ac       0x58 c:/program files (x86)/atmel/studio/7.0/toolchain/arm/arm-gnu-toolchain/bin/../lib/gcc/arm-none-eabi/5.3.1/../../../../arm-none-eabi/lib/armv6-m\libc_nano.a(lib_a-fwalk.o)