Archive member included to satisfy reference by file (symbol)

c:/program files (x86)/atmel/studio/7.0/toolchain/arm/arm-gnu-toolchain/bin/../lib/gcc/arm-none-eabi/5.3.1/armv6-m\libgcc.a(_udivsi3.o)
                              src/ASF/common2/services/delay/sam0/systick_counter.o (__aeabi_uidiv)
c:/program files (x86)/atmel/studio/7.0/toolchain/arm/arm-gnu-toolchain/bin/../lib/gcc/arm-none-eabi/5.3.1/armv6-m\libgcc.a(_divsi3.o)
                              src/OCTO_DAC.o (__aeabi_idiv)
c:/program files (x86)/atmel/studio/7.0/toolchain/arm/arm-gnu-toolchain/bin/../lib/gcc/arm-none-eabi/5.3.1/armv6-m\libgcc.a(_dvmd_tls.o)
                              c:/program files (x86)/atmel/studio/7.0/toolchain/arm/arm-gnu-toolchain/bin/../lib/gcc/arm-none-eabi/5.3.1/armv6-m\libgcc.a(_udivsi3.o) (__aeabi_idiv0)
c:/program files (x86)/atmel/studio/7.0/toolchain/arm/arm-gnu-toolchain/bin/../lib/gcc/arm-none-eabi/5.3.1/armv6-m\libgcc.a(_muldi3.o)
                              src/ASF/sam0/drivers/sercom/sercom.o (__aeabi_lmul)
c:/program files (x86)/atmel/studio/7.0/toolchain/arm/arm-gnu-toolchain/bin/../lib/gcc/arm-none-eabi/5.3.1/armv6-m\libgcc.a(adddf3.o)
                              src/ASF/sam0/drivers/sercom/i2c/i2c_sam0/i2c_master.o (__aeabi_dadd)
c:/program files (x86)/atmel/studio/7.0/toolchain/arm/arm-gnu-toolchain/bin/../lib/gcc/arm-none-eabi/5.3.1/armv6-m\libgcc.a(divdf3.o)
                              src/ASF/sam0/drivers/sercom/i2c/i2c_sam0/i2c_master.o (__aeabi_ddiv)
c:/program files (x86)/atmel/studio/7.0/toolchain/arm/arm-gnu-toolchain/bin/../lib/gcc/arm-none-eabi/5.3.1/armv6-m\libgcc.a(muldf3.o)
                              src/ASF/sam0/drivers/sercom/i2c/i2c_sam0/i2c_master.o (__aeabi_dmul)
c:/program files (x86)/atmel/studio/7.0/toolchain/arm/arm-gnu-toolchain/bin/../lib/gcc/arm-none-eabi/5.3.1/armv6-m\libgcc.a(subdf3.o)
                              src/ASF/sam0/drivers/sercom/i2c/i2c_sam0/i2c_master.o (__aeabi_dsub)
c:/program files (x86)/atmel/studio/7.0/toolchain/arm/arm-gnu-toolchain/bin/../lib/gcc/arm-none-eabi/5.3.1/armv6-m\libgcc.a(fixdfsi.o)
                              src/ASF/sam0/drivers/sercom/i2c/i2c_sam0/i2c_master.o (__aeabi_d2iz)
c:/program files (x86)/atmel/studio/7.0/toolchain/arm/arm-gnu-toolchain/bin/../lib/gcc/arm-none-eabi/5.3.1/armv6-m\libgcc.a(floatunsidf.o)
                              src/ASF/sam0/drivers/sercom/i2c/i2c_sam0/i2c_master.o (__aeabi_ui2d)
c:/program files (x86)/atmel/studio/7.0/toolchain/arm/arm-gnu-toolchain/bin/../lib/gcc/arm-none-eabi/5.3.1/armv6-m\libgcc.a(_clzsi2.o)
                              c:/program files (x86)/atmel/studio/7.0/toolchain/arm/arm-gnu-toolchain/bin/../lib/gcc/arm-none-eabi/5.3.1/armv6-m\libgcc.a(adddf3.o) (__clzsi2)
c:/program files (x86)/atmel/studio/7.0/toolchain/arm/arm-gnu-toolchain/bin/../lib/gcc/arm-none-eabi/5.3.1/../../../../arm-none-eabi/lib/armv6-m\libc_nano.a(lib_a-exit.o)
                              c:/program files (x86)/atmel/studio/7.0/toolchain/arm/arm-gnu-toolchain/bin/../lib/gcc/arm-none-eabi/5.3.1/../../../../arm-none-eabi/lib/armv6-m/crt0.o (exit)
c:/program files (x86)/atmel/studio/7.0/toolchain/arm/arm-gnu-toolchain/bin/../lib/gcc/arm-none-eabi/5.3.1/../../../../arm-none-eabi/lib/armv6-m\libc_nano.a(lib_a-impure.o)
                              c:/program files (x86)/atmel/studio/7.0/toolchain/arm/arm-gnu-toolchain/bin/../lib/gcc/arm-none-eabi/5.3.1/../../../../arm-none-eabi/lib/armv6-m\libc_nano.a(lib_a-exit.o) (_global_impure_ptr)
c:/program files (x86)/atmel/studio/7.0/toolchain/arm/arm-gnu-toolchain/bin/../lib/gcc/arm-none-eabi/5.3.1/../../../../arm-none-eabi/lib/armv6-m\libc_nano.a(lib_a-init.o)
                              c:/program files (x86)/atmel/studio/7.0/toolchain/arm/arm-gnu-toolchain/bin/../lib/gcc/arm-none-eabi/5.3.1/../../../../arm-none-eabi/lib/armv6-m/crt0.o (__libc_init_array)
c:/program files (x86)/atmel/studio/7.0/toolchain/arm/arm-gnu-toolchain/bin/../lib/gcc/arm-none-eabi/5.3.1/../../../../arm-none-eabi/lib/armv6-m\libc_nano.a(lib_a-memcpy-stub.o)
                              src/ASF/sam0/drivers/adc/adc_sam_d_r/adc.o (memcpy)
c:/program files (x86)/atmel/studio/7.0/toolchain/arm/arm-gnu-toolchain/bin/../lib/gcc/arm-none-eabi/5.3.1/../../../../arm-none-eabi/lib/armv6-m\libc_nano.a(lib_a-memset.o)
                              c:/program files (x86)/atmel/studio/7.0/toolchain/arm/arm-gnu-toolchain/bin/../lib/gcc/arm-none-eabi/5.3.1/../../../../arm-none-eabi/lib/armv6-m/crt0.o (memset)
c:/program files (x86)/atmel/studio/7.0/toolchain/arm/arm-gnu-toolchain/bin/../lib/gcc/arm-none-eabi/5.3.1/../../../../arm-none-eabi/lib/armv6-m\libc_nano.a(lib_a-printf.o)
                              src/ASF/sam0/utils/syscalls/gcc/syscalls.o (printf)
c:/program files (x86)/atmel/studio/7.0/toolchain/arm/arm-gnu-toolchain/bin/../lib/gcc/arm-none-eabi/5.3.1/../../../../arm-none-eabi/lib/armv6-m\libc_nano.a(lib_a-setbuf.o)
[...]
Memory Configuration

Name             Origin             Length             Attributes
rom              0x00000000         0x00040000         xr
ram              0x20000000         0x00008000         xrw
*default*        0x00000000         0xffffffff

Linker script and memory map

LOAD c:/program files (x86)/atmel/studio/7.0/toolchain/arm/arm-gnu-toolchain/bin/../lib/gcc/arm-none-eabi/5.3.1/armv6-m/crti.o
LOAD c:/program files (x86)/atmel/studio/7.0/toolchain/arm/arm-gnu-toolchain/bin/../lib/gcc/arm-none-eabi/5.3.1/armv6-m/crtbegin.o
LOAD c:/program files (x86)/atmel/studio/7.0/toolchain/arm/arm-gnu-toolchain/bin/../lib/gcc/arm-none-eabi/5.3.1/../../../../arm-none-eabi/lib/armv6-m/crt0.o
LOAD src/ASF/sam0/drivers/extint/extint_callback.o
LOAD src/ASF/sam0/drivers/extint/extint_sam_d_r/extint.o
LOAD src/OCTO_USART.o
LOAD src/ASF/common2/services/delay/sam0/systick_counter.o
LOAD src/ASF/sam0/drivers/rtc/rtc_sam_d_r/rtc_count.o
LOAD src/ASF/sam0/drivers/rtc/rtc_sam_d_r/rtc_count_interrupt.o
LOAD src/ASF/sam0/utils/stdio/read.o
LOAD src/ASF/sam0/utils/stdio/write.o
LOAD src/OCTO_ADC.o
LOAD src/OCTO_DAC.o
LOAD src/OCTO_I2C.o
LOAD src/OCTO_RTC.o
LOAD src/ASF/sam0/drivers/adc/adc_sam_d_r/adc.o
LOAD src/ASF/sam0/drivers/adc/adc_sam_d_r/adc_callback.o
LOAD src/ASF/sam0/drivers/dac/dac_sam_d_c/dac.o
LOAD src/ASF/sam0/drivers/dac/dac_sam_d_c/dac_callback.o
LOAD src/ASF/sam0/drivers/port/port.o
LOAD src/ASF/sam0/drivers/sercom/i2c/i2c_sam0/i2c_master.o
LOAD src/ASF/sam0/drivers/sercom/i2c/i2c_sam0/i2c_master_interrupt.o
LOAD src/ASF/sam0/drivers/sercom/sercom.o
LOAD src/ASF/sam0/drivers/sercom/usart/usart.o
LOAD src/ASF/sam0/drivers/sercom/usart/usart_interrupt.o
LOAD src/ASF/sam0/drivers/sercom/sercom_interrupt.o
LOAD src/ASF/common2/boards/user_board/init.o
LOAD src/ASF/common/utils/interrupt/interrupt_sam_nvic.o
LOAD src/ASF/sam0/drivers/system/clock/clock_samd21_r21_da/clock.o
LOAD src/ASF/sam0/drivers/system/clock/clock_samd21_r21_da/gclk.o
LOAD src/ASF/sam0/drivers/system/interrupt/system_interrupt.o
LOAD src/ASF/sam0/drivers/system/pinmux/pinmux.o
LOAD src/ASF/sam0/drivers/system/system.o
LOAD src/ASF/sam0/utils/cmsis/samd21/source/gcc/startup_samd21.o
LOAD src/ASF/sam0/utils/cmsis/samd21/source/system_samd21.o
LOAD src/ASF/sam0/utils/syscalls/gcc/syscalls.o
LOAD src/main.o
START GROUP
LOAD ../src/ASF/thirdparty/CMSIS/Lib/GCC\libarm_cortexM0l_math.a
LOAD c:/program files (x86)/atmel/studio/7.0/toolchain/arm/arm-gnu-toolchain/bin/../lib/gcc/arm-none-eabi/5.3.1/../../../../arm-none-eabi/lib/armv6-m\libm.a
END GROUP
START GROUP
LOAD c:/program files (x86)/atmel/studio/7.0/toolchain/arm/arm-gnu-toolchain/bin/../lib/gcc/arm-none-eabi/5.3.1/armv6-m\libgcc.a
LOAD c:/program files (x86)/atmel/studio/7.0/toolchain/arm/arm-gnu-toolchain/bin/../lib/gcc/arm-none-eabi/5.3.1/../../../../arm-none-eabi/lib/armv6-m\libc_nano.a
END GROUP
START GROUP
LOAD c:/program files (x86)/atmel/studio/7.0/toolchain/arm/arm-gnu-toolchain/bin/../lib/gcc/arm-none-eabi/5.3.1/armv6-m\libgcc.a
LOAD c:/program files (x86)/atmel/studio/7.0/toolchain/arm/arm-gnu-toolchain/bin/../lib/gcc/arm-none-eabi/5.3.1/../../../../arm-none-eabi/lib/armv6-m\libc_nano.a
END GROUP
LOAD c:/program files (x86)/atmel/studio/7.0/toolchain/arm/arm-gnu-toolchain/bin/../lib/gcc/arm-none-eabi/5.3.1/armv6-m/crtend.o
LOAD c:/program files (x86)/atmel/studio/7.0/toolchain/arm/arm-gnu-toolchain/bin/../lib/gcc/arm-none-eabi/5.3.1/armv6-m/crtn.o
                0x00002000                STACK_SIZE = DEFINED (STACK_SIZE)?STACK_SIZE:DEFINED (__stack_size__)?__stack_size__:0x2000

.text           0x00000000     0x60d4
                0x00000000                . = ALIGN (0x4)
                0x00000000                _sfixed = .
 *(.vectors .vectors.*)
 .vectors       0x00000000       0xb4 src/ASF/sam0/utils/cmsis/samd21/source/gcc/startup_samd21.o
                0x00000000                exception_table
 *(.text .text.* .gnu.linkonce.t.*)
 .text          0x000000b4       0x60 c:/program files (x86)/atmel/studio/7.0/toolchain/arm/arm-gnu-toolchain/bin/../lib/gcc/arm-none-eabi/5.3.1/armv6-m/crtbegin.o
 .text.EIC_Handler
                0x00000114       0x68 src/ASF/sam0/drivers/extint/extint_callback.o
                0x00000114                EIC_Handler
 .text._extint_enable
                0x0000017c       0x18 src/ASF/sam0/drivers/extint/extint_sam_d_r/extint.o
 .text._system_extint_init
                0x00000194       0x6c src/ASF/sam0/drivers/extint/extint_sam_d_r/extint.o
                0x00000194                _system_extint_init
 .text.usart_write_callback
                0x00000200        0x4 src/OCTO_USART.o
                0x00000200                usart_write_callback
 .text.usart_read_callback
                0x00000204       0x28 src/OCTO_USART.o
                0x00000204                usart_read_callback
 .text.usart_serial_getchar
                0x0000022c       0x2c src/OCTO_USART.o
 .text.usart_serial_putchar
                0x00000258       0x18 src/OCTO_USART.o
 .text.configure_usart
                0x00000270      0x168 src/OCTO_USART.o
                0x00000270                configure_usart
 .text.configure_usart_callbacks
                0x000003d8       0x34 src/OCTO_USART.o
                0x000003d8                configure_usart_callbacks
 .text.bt_usart_receive_job
                0x0000040c       0x1c src/OCTO_USART.o
                0x0000040c                bt_usart_receive_job
 .text.delay_init
                0x00000428       0x40 src/ASF/common2/services/delay/sam0/systick_counter.o
                0x00000428                delay_init
 .text.delay_cycles_us
                0x00000468       0x2c src/ASF/common2/services/delay/sam0/systick_counter.o
                0x00000468                delay_cycles_us
 .text.rtc_count_is_syncing
                0x00000494        0x8 src/ASF/sam0/drivers/rtc/rtc_sam_d_r/rtc_count.o
 .text.rtc_count_enable
                0x0000049c       0x28 src/ASF/sam0/drivers/rtc/rtc_sam_d_r/rtc_count.o
                0x0000049c                rtc_count_enable
 .text.rtc_count_disable
                0x000004c4       0x2c src/ASF/sam0/drivers/rtc/rtc_sam_d_r/rtc_count.o
                0x000004c4                rtc_count_disable
 .text.rtc_count_reset
                0x000004f0       0x2c src/ASF/sam0/drivers/rtc/rtc_sam_d_r/rtc_count.o
                0x000004f0                rtc_count_reset
 .text.rtc_count_set_compare
                0x0000051c       0x5c src/ASF/sam0/drivers/rtc/rtc_sam_d_r/rtc_count.o
                0x0000051c                rtc_count_set_compare
 .text.rtc_count_init
                0x00000578       0xe0 src/ASF/sam0/drivers/rtc/rtc_sam_d_r/rtc_count.o
                0x00000578                rtc_count_init
 .text.rtc_count_set_period
                0x00000658       0x24 src/ASF/sam0/drivers/rtc/rtc_sam_d_r/rtc_count.o
                0x00000658                rtc_count_set_period
 .text.rtc_count_register_callback
                0x0000067c       0x38 src/ASF/sam0/drivers/rtc/rtc_sam_d_r/rtc_count_interrupt.o
                0x0000067c                rtc_count_register_callback
 .text.rtc_count_enable_callback
                0x000006b4       0x28 src/ASF/sam0/drivers/rtc/rtc_sam_d_r/rtc_count_interrupt.o
                0x000006b4                rtc_count_enable_callback
 .text.RTC_Handler
                0x000006dc       0x50 src/ASF/sam0/drivers/rtc/rtc_sam_d_r/rtc_count_interrupt.o
                0x000006dc                RTC_Handler
 .text._read    0x0000072c       0x40 src/ASF/sam0/utils/stdio/read.o
                0x0000072c                _read
 .text._write   0x0000076c       0x50 src/ASF/sam0/utils/stdio/write.o
                0x0000076c                _write
 .text.configure_adc_VMPPT
                0x000007bc       0x60 src/OCTO_ADC.o
                0x000007bc                configure_adc_VMPPT
 .text.configure_adc_TEMP
                0x0000081c       0x60 src/OCTO_ADC.o
                0x0000081c                configure_adc_TEMP
 .text.turn_off_adc
                0x0000087c       0x34 src/OCTO_ADC.o
                0x0000087c                turn_off_adc
 .text.get_value_VMPPT
                0x000008b0       0x94 src/OCTO_ADC.o
                0x000008b0                get_value_VMPPT
 .text.get_value_TEMP
                0x00000944       0xa4 src/OCTO_ADC.o
                0x00000944                get_value_TEMP
 .text.configure_dac
                0x000009e8       0x38 src/OCTO_DAC.o
                0x000009e8                configure_dac
 .text.set_led_bright_percent
                0x00000a20       0x28 src/OCTO_DAC.o
                0x00000a20                set_led_bright_percent
 .text.configure_gas_gauge
                0x00000a48       0xb0 src/OCTO_I2C.o
                0x00000a48                configure_gas_gauge
 .text.gas_gauge_read
                0x00000af8       0x5c src/OCTO_I2C.o
                0x00000af8                gas_gauge_read
 .text.rtc_overflow_callback
                0x00000b54       0x10 src/OCTO_RTC.o
                0x00000b54                rtc_overflow_callback
 .text.configure_rtc_count
                0x00000b64       0x64 src/OCTO_RTC.o
                0x00000b64                configure_rtc_count
 .text.get_tick
                0x00000bc8        0xc src/OCTO_RTC.o
                0x00000bc8                get_tick
 .text.tick_elapsed
                0x00000bd4        0xc src/OCTO_RTC.o
                0x00000bd4                tick_elapsed
 .text.adc_get_config_defaults
                0x00000be0       0x48 src/ASF/sam0/drivers/adc/adc_sam_d_r/adc.o
                0x00000be0                adc_get_config_defaults
 .text.adc_init
                0x00000c28      0x42c src/ASF/sam0/drivers/adc/adc_sam_d_r/adc.o
                0x00000c28                adc_init
 .text.ADC_Handler
                0x00001054       0xbc src/ASF/sam0/drivers/adc/adc_sam_d_r/adc_callback.o
                0x00001054                ADC_Handler
 .text.dac_is_syncing
                0x00001110        0x8 src/ASF/sam0/drivers/dac/dac_sam_d_c/dac.o
                0x00001110                dac_is_syncing
 .text.dac_get_config_defaults
                0x00001118       0x14 src/ASF/sam0/drivers/dac/dac_sam_d_c/dac.o
                0x00001118                dac_get_config_defaults
 .text.dac_init
                0x0000112c       0xd8 src/ASF/sam0/drivers/dac/dac_sam_d_c/dac.o
                0x0000112c                dac_init
 .text.dac_enable
                0x00001204       0x3c src/ASF/sam0/drivers/dac/dac_sam_d_c/dac.o
                0x00001204                dac_enable
 .text.dac_chan_write
                0x00001240       0x28 src/ASF/sam0/drivers/dac/dac_sam_d_c/dac.o
                0x00001240                dac_chan_write
 .text.DAC_Handler
                0x00001268       0xa4 src/ASF/sam0/drivers/dac/dac_sam_d_c/dac_callback.o
                0x00001268                DAC_Handler
 .text.port_pin_set_config
                0x0000130c       0x24 src/ASF/sam0/drivers/port/port.o
                0x0000130c                port_pin_set_config
 .text._i2c_master_wait_for_sync
                0x00001330        0xc src/ASF/sam0/drivers/sercom/i2c/i2c_sam0/i2c_master.o
 .text.i2c_master_init
                0x0000133c      0x2e0 src/ASF/sam0/drivers/sercom/i2c/i2c_sam0/i2c_master.o
                0x0000133c                i2c_master_init
 .text._i2c_master_address_response
                0x0000161c       0x30 src/ASF/sam0/drivers/sercom/i2c/i2c_sam0/i2c_master.o
                0x0000161c                _i2c_master_address_response
 .text._i2c_master_wait_for_bus
                0x0000164c       0x30 src/ASF/sam0/drivers/sercom/i2c/i2c_sam0/i2c_master.o
                0x0000164c                _i2c_master_wait_for_bus
 .text._i2c_master_send_hs_master_code
                0x0000167c       0x20 src/ASF/sam0/drivers/sercom/i2c/i2c_sam0/i2c_master.o
                0x0000167c                _i2c_master_send_hs_master_code
 .text._i2c_master_read_packet
                0x0000169c      0x198 src/ASF/sam0/drivers/sercom/i2c/i2c_sam0/i2c_master.o
 .text.i2c_master_read_packet_wait
                0x00001834       0x20 src/ASF/sam0/drivers/sercom/i2c/i2c_sam0/i2c_master.o
                0x00001834                i2c_master_read_packet_wait
 .text._i2c_master_wait_for_sync
                0x00001854        0xc src/ASF/sam0/drivers/sercom/i2c/i2c_sam0/i2c_master_interrupt.o
 .text._i2c_master_read
                0x00001860       0x84 src/ASF/sam0/drivers/sercom/i2c/i2c_sam0/i2c_master_interrupt.o
 .text._i2c_master_write
                0x000018e4       0x3c src/ASF/sam0/drivers/sercom/i2c/i2c_sam0/i2c_master_interrupt.o
 .text._i2c_master_interrupt_handler
                0x00001920      0x1d4 src/ASF/sam0/drivers/sercom/i2c/i2c_sam0/i2c_master_interrupt.o
                0x00001920                _i2c_master_interrupt_handler
 .text._sercom_get_sync_baud_val
                0x00001af4       0x28 src/ASF/sam0/drivers/sercom/sercom.o
                0x00001af4                _sercom_get_sync_baud_val
 .text._sercom_get_async_baud_val
                0x00001b1c      0x1c8 src/ASF/sam0/drivers/sercom/sercom.o
                0x00001b1c                _sercom_get_async_baud_val
 .text.sercom_set_gclk_generator
                0x00001ce4       0x4c src/ASF/sam0/drivers/sercom/sercom.o
                0x00001ce4                sercom_set_gclk_generator
 .text._sercom_get_default_pad
                0x00001d30      0x108 src/ASF/sam0/drivers/sercom/sercom.o
                0x00001d30                _sercom_get_default_pad
 .text._sercom_get_sercom_inst_index
                0x00001e38       0x44 src/ASF/sam0/drivers/sercom/sercom.o
                0x00001e38                _sercom_get_sercom_inst_index
 .text.usart_init
                0x00001e7c      0x338 src/ASF/sam0/drivers/sercom/usart/usart.o
                0x00001e7c                usart_init
 .text.usart_write_wait
                0x000021b4       0x2c src/ASF/sam0/drivers/sercom/usart/usart.o
                0x000021b4                usart_write_wait
 .text.usart_read_wait
                0x000021e0       0x70 src/ASF/sam0/drivers/sercom/usart/usart.o
                0x000021e0                usart_read_wait
 .text._usart_write_buffer
                0x00002250       0x3c src/ASF/sam0/drivers/sercom/usart/usart_interrupt.o
                0x00002250                _usart_write_buffer
 .text._usart_read_buffer
                0x0000228c       0x50 src/ASF/sam0/drivers/sercom/usart/usart_interrupt.o
                0x0000228c                _usart_read_buffer
 .text.usart_register_callback
                0x000022dc       0x18 src/ASF/sam0/drivers/sercom/usart/usart_interrupt.o
                0x000022dc                usart_register_callback
 .text.usart_write_buffer_job
                0x000022f4       0x20 src/ASF/sam0/drivers/sercom/usart/usart_interrupt.o
                0x000022f4                usart_write_buffer_job
 .text.usart_read_buffer_job
                0x00002314       0x20 src/ASF/sam0/drivers/sercom/usart/usart_interrupt.o
                0x00002314                usart_read_buffer_job
 .text._usart_interrupt_handler
                0x00002334      0x18c src/ASF/sam0/drivers/sercom/usart/usart_interrupt.o
                0x00002334                _usart_interrupt_handler
 .text._sercom_default_handler
                0x000024c0        0x4 src/ASF/sam0/drivers/sercom/sercom_interrupt.o
 .text._sercom_set_handler
                0x000024c4       0x40 src/ASF/sam0/drivers/sercom/sercom_interrupt.o
                0x000024c4                _sercom_set_handler
 .text._sercom_get_interrupt_vector
                0x00002504       0x2c src/ASF/sam0/drivers/sercom/sercom_interrupt.o
                0x00002504                _sercom_get_interrupt_vector
 .text.SERCOM0_Handler
                0x00002530       0x10 src/ASF/sam0/drivers/sercom/sercom_interrupt.o
                0x00002530                SERCOM0_Handler
 .text.SERCOM1_Handler
                0x00002540       0x10 src/ASF/sam0/drivers/sercom/sercom_interrupt.o
                0x00002540                SERCOM1_Handler
 .text.SERCOM2_Handler
                0x00002550       0x10 src/ASF/sam0/drivers/sercom/sercom_interrupt.o
                0x00002550                SERCOM2_Handler
 .text.SERCOM3_Handler
                0x00002560       0x10 src/ASF/sam0/drivers/sercom/sercom_interrupt.o
                0x00002560                SERCOM3_Handler
 .text.system_board_init
                0x00002570       0x64 src/ASF/common2/boards/user_board/init.o
                0x00002570                board_init
                0x00002570                system_board_init
 .text.cpu_irq_enter_critical
                0x000025d4       0x40 src/ASF/common/utils/interrupt/interrupt_sam_nvic.o
                0x000025d4                cpu_irq_enter_critical
 .text.cpu_irq_leave_critical
                0x00002614       0x30 src/ASF/common/utils/interrupt/interrupt_sam_nvic.o
                0x00002614                cpu_irq_leave_critical
 .text.system_clock_source_get_hz
                0x00002644       0x90 src/ASF/sam0/drivers/system/clock/clock_samd21_r21_da/clock.o
                0x00002644                system_clock_source_get_hz
 .text.system_clock_source_osc8m_set_config
                0x000026d4       0x3c src/ASF/sam0/drivers/system/clock/clock_samd21_r21_da/clock.o
                0x000026d4                system_clock_source_osc8m_set_config
 .text.system_clock_source_osc32k_set_config
                0x00002710       0x88 src/ASF/sam0/drivers/system/clock/clock_samd21_r21_da/clock.o
                0x00002710                system_clock_source_osc32k_set_config
 .text.system_clock_source_enable
                0x00002798       0xa8 src/ASF/sam0/drivers/system/clock/clock_samd21_r21_da/clock.o
                0x00002798                system_clock_source_enable
 .text.system_clock_init
                0x00002840       0xec src/ASF/sam0/drivers/system/clock/clock_samd21_r21_da/clock.o
                0x00002840                system_clock_init
 .text.system_gclk_init
                0x0000292c       0x24 src/ASF/sam0/drivers/system/clock/clock_samd21_r21_da/gclk.o
                0x0000292c                system_gclk_init
 .text.system_gclk_gen_set_config
                0x00002950       0xb8 src/ASF/sam0/drivers/system/clock/clock_samd21_r21_da/gclk.o
                0x00002950                system_gclk_gen_set_config
 .text.system_gclk_gen_enable
                0x00002a08       0x44 src/ASF/sam0/drivers/system/clock/clock_samd21_r21_da/gclk.o
                0x00002a08                system_gclk_gen_enable
 .text.system_gclk_gen_get_hz
                0x00002a4c       0x8c src/ASF/sam0/drivers/system/clock/clock_samd21_r21_da/gclk.o
                0x00002a4c                system_gclk_gen_get_hz
 .text.system_gclk_chan_enable
                0x00002ad8       0x30 src/ASF/sam0/drivers/system/clock/clock_samd21_r21_da/gclk.o
                0x00002ad8                system_gclk_chan_enable
 .text.system_gclk_chan_disable
                0x00002b08       0x5c src/ASF/sam0/drivers/system/clock/clock_samd21_r21_da/gclk.o
                0x00002b08                system_gclk_chan_disable
 .text.system_gclk_chan_set_config
                0x00002b64       0x1c src/ASF/sam0/drivers/system/clock/clock_samd21_r21_da/gclk.o
                0x00002b64                system_gclk_chan_set_config
 .text.system_gclk_chan_get_hz
                0x00002b80       0x34 src/ASF/sam0/drivers/system/clock/clock_samd21_r21_da/gclk.o
                0x00002b80                system_gclk_chan_get_hz
 .text._system_pinmux_config
                0x00002bb4       0xa8 src/ASF/sam0/drivers/system/pinmux/pinmux.o
 .text.system_pinmux_pin_set_config
                0x00002c5c       0x30 src/ASF/sam0/drivers/system/pinmux/pinmux.o
                0x00002c5c                system_pinmux_pin_set_config
 .text._system_dummy_init
                0x00002c8c        0x4 src/ASF/sam0/drivers/system/system.o
                0x00002c8c                _system_events_init
                0x00002c8c                _system_dummy_init
                0x00002c8c                _system_divas_init
 .text.system_init
                0x00002c90       0x2c src/ASF/sam0/drivers/system/system.o
                0x00002c90                system_init
 .text.Dummy_Handler
                0x00002cbc        0x4 src/ASF/sam0/utils/cmsis/samd21/source/gcc/startup_samd21.o
                0x00002cbc                DMAC_Handler
                0x00002cbc                HardFault_Handler
                0x00002cbc                AC_Handler
                0x00002cbc                SysTick_Handler
                0x00002cbc                PendSV_Handler
                0x00002cbc                NMI_Handler
                0x00002cbc                TCC1_Handler
                0x00002cbc                TCC0_Handler
                0x00002cbc                WDT_Handler
                0x00002cbc                TC4_Handler
                0x00002cbc                USB_Handler
                0x00002cbc                TC3_Handler
                0x00002cbc                Dummy_Handler
                0x00002cbc                PM_Handler
                0x00002cbc                SVC_Handler
                0x00002cbc                TCC2_Handler
                0x00002cbc                EVSYS_Handler
                0x00002cbc                I2S_Handler
                0x00002cbc                NVMCTRL_Handler
                0x00002cbc                PTC_Handler
                0x00002cbc                TC5_Handler
                0x00002cbc                SYSCTRL_Handler
 .text.Reset_Handler
                0x00002cc0       0xf8 src/ASF/sam0/utils/cmsis/samd21/source/gcc/startup_samd21.o
                0x00002cc0                Reset_Handler
 .text._sbrk    0x00002db8       0x24 src/ASF/sam0/utils/syscalls/gcc/syscalls.o
                0x00002db8                _sbrk
 .text._close   0x00002ddc        0x8 src/ASF/sam0/utils/syscalls/gcc/syscalls.o
                0x00002ddc                _close
 .text._fstat   0x00002de4        0xc src/ASF/sam0/utils/syscalls/gcc/syscalls.o
                0x00002de4                _fstat
 .text._isatty  0x00002df0        0x4 src/ASF/sam0/utils/syscalls/gcc/syscalls.o
                0x00002df0                _isatty
 .text._lseek   0x00002df4        0x4 src/ASF/sam0/utils/syscalls/gcc/syscalls.o
                0x00002df4                _lseek
 .text.configure_OCTO_peripheral
                0x00002df8      0x124 src/main.o
                0x00002df8                configure_OCTO_peripheral
 .text.detect_bcap_touch
                0x00002f1c      0x120 src/main.o
                0x00002f1c                detect_bcap_touch
 .text.main     0x0000303c       0x5c src/main.o
                0x0000303c                main
 .text          0x00003098      0x114 c:/program files (x86)/atmel/studio/7.0/toolchain/arm/arm-gnu-toolchain/bin/../lib/gcc/arm-none-eabi/5.3.1/armv6-m\libgcc.a(_udivsi3.o)
                0x00003098                __aeabi_uidiv
                0x00003098                __udivsi3
                0x000031a4                __aeabi_uidivmod
 .text          0x000031ac      0x1d4 c:/program files (x86)/atmel/studio/7.0/toolchain/arm/arm-gnu-toolchain/bin/../lib/gcc/arm-none-eabi/5.3.1/armv6-m\libgcc.a(_divsi3.o)
                0x000031ac                __divsi3
                0x000031ac                __aeabi_idiv
                0x00003378                __aeabi_idivmod
 .text          0x00003380        0x4 c:/program files (x86)/atmel/studio/7.0/toolchain/arm/arm-gnu-toolchain/bin/../lib/gcc/arm-none-eabi/5.3.1/armv6-m\libgcc.a(_dvmd_tls.o)
                0x00003380                __aeabi_idiv0
                0x00003380                __aeabi_ldiv0
 .text          0x00003384       0x58 c:/program files (x86)/atmel/studio/7.0/toolchain/arm/arm-gnu-toolchain/bin/../lib/gcc/arm-none-eabi/5.3.1/armv6-m\libgcc.a(_muldi3.o)
                0x00003384                __muldi3
                0x00003384                __aeabi_lmul
 .text          0x000033dc      0x658 c:/program files (x86)/atmel/studio/7.0/toolchain/arm/arm-gnu-toolchain/bin/../lib/gcc/arm-none-eabi/5.3.1/armv6-m\libgcc.a(adddf3.o)
                0x000033dc                __aeabi_dadd
 .text          0x00003a34      0x62c c:/program files (x86)/atmel/studio/7.0/toolchain/arm/arm-gnu-toolchain/bin/../lib/gcc/arm-none-eabi/5.3.1/armv6-m\libgcc.a(divdf3.o)
                0x00003a34                __aeabi_ddiv
 .text          0x00004060      0x4f4 c:/program files (x86)/atmel/studio/7.0/toolchain/arm/arm-gnu-toolchain/bin/../lib/gcc/arm-none-eabi/5.3.1/armv6-m\libgcc.a(muldf3.o)
                0x00004060                __aeabi_dmul
 .text          0x00004554      0x6a8 c:/program files (x86)/atmel/studio/7.0/toolchain/arm/arm-gnu-toolchain/bin/../lib/gcc/arm-none-eabi/5.3.1/armv6-m\libgcc.a(subdf3.o)
                0x00004554                __aeabi_dsub
 .text          0x00004bfc       0x6c c:/program files (x86)/atmel/studio/7.0/toolchain/arm/arm-gnu-toolchain/bin/../lib/gcc/arm-none-eabi/5.3.1/armv6-m\libgcc.a(fixdfsi.o)
                0x00004bfc                __aeabi_d2iz
 .text          0x00004c68       0x70 c:/program files (x86)/atmel/studio/7.0/toolchain/arm/arm-gnu-toolchain/bin/../lib/gcc/arm-none-eabi/5.3.1/armv6-m\libgcc.a(floatunsidf.o)
                0x00004c68                __aeabi_ui2d
 .text          0x00004cd8       0x3c c:/program files (x86)/atmel/studio/7.0/toolchain/arm/arm-gnu-toolchain/bin/../lib/gcc/arm-none-eabi/5.3.1/armv6-m\libgcc.a(_clzsi2.o)
                0x00004cd8                __clzsi2
 .text.__libc_init_array
                0x00004d14       0x4c c:/program files (x86)/atmel/studio/7.0/toolchain/arm/arm-gnu-toolchain/bin/../lib/gcc/arm-none-eabi/5.3.1/../../../../arm-none-eabi/lib/armv6-m\libc_nano.a(lib_a-init.o)
                0x00004d14                __libc_init_array
 .text.memcpy   0x00004d60       0x12 c:/program files (x86)/atmel/studio/7.0/toolchain/arm/arm-gnu-toolchain/bin/../lib/gcc/arm-none-eabi/5.3.1/../../../../arm-none-eabi/lib/armv6-m\libc_nano.a(lib_a-memcpy-stub.o)
                0x00004d60                memcpy
 .text.memset   0x00004d72       0x10 c:/program files (x86)/atmel/studio/7.0/toolchain/arm/arm-gnu-toolchain/bin/../lib/gcc/arm-none-eabi/5.3.1/../../../../arm-none-eabi/lib/armv6-m\libc_nano.a(lib_a-memset.o)
                0x00004d72                memset
 *fill*         0x00004d82        0x2 
 .text.printf   0x00004d84       0x34 c:/program files (x86)/atmel/studio/7.0/toolchain/arm/arm-gnu-toolchain/bin/../lib/gcc/arm-none-eabi/5.3.1/../../../../arm-none-eabi/lib/armv6-m\libc_nano.a(lib_a-printf.o)
                0x00004d84                iprintf
                0x00004d84                printf
 .text.setbuf   0x00004db8       0x12 c:/program files (x86)/atmel/studio/7.0/toolchain/arm/arm-gnu-toolchain/bin/../lib/gcc/arm-none-eabi/5.3.1/../../../../arm-none-eabi/lib/armv6-m\libc_nano.a(lib_a-setbuf.o)
                0x00004db8                setbuf
 *fill*         0x00004dca        0x2 
 .text.setvbuf  0x00004dcc      0x160 c:/program files (x86)/atmel/studio/7.0/toolchain/arm/arm-gnu-toolchain/bin/../lib/gcc/arm-none-eabi/5.3.1/../../../../arm-none-eabi/lib/armv6-m\libc_nano.a(lib_a-setvbuf.o)
                0x00004dcc                setvbuf
 .text.__sflush_r
                0x00004f2c      0x10c c:/program files (x86)/atmel/studio/7.0/toolchain/arm/arm-gnu-toolchain/bin/../lib/gcc/arm-none-eabi/5.3.1/../../../../arm-none-eabi/lib/armv6-m\libc_nano.a(lib_a-fflush.o)
                0x00004f2c                __sflush_r
 .text._fflush_r
                0x00005038       0x58 c:/program files (x86)/atmel/studio/7.0/toolchain/arm/arm-gnu-toolchain/bin/../lib/gcc/arm-none-eabi/5.3.1/../../../../arm-none-eabi/lib/armv6-m\libc_nano.a(lib_a-fflush.o)
                0x00005038                _fflush_r
 .text._cleanup_r
                0x00005090       0x10 c:/program files (x86)/atmel/studio/7.0/toolchain/arm/arm-gnu-toolchain/bin/../lib/gcc/arm-none-eabi/5.3.1/../../../../arm-none-eabi/lib/armv6-m\libc_nano.a(lib_a-findfp.o)
                0x00005090                _cleanup_r
 .text.std.isra.0
                0x000050a0       0x48 c:/program files (x86)/atmel/studio/7.0/toolchain/arm/arm-gnu-toolchain/bin/../lib/gcc/arm-none-eabi/5.3.1/../../../../arm-none-eabi/lib/armv6-m\libc_nano.a(lib_a-findfp.o)
 .text.__sfmoreglue
                0x000050e8       0x2c c:/program files (x86)/atmel/studio/7.0/toolchain/arm/arm-gnu-toolchain/bin/../lib/gcc/arm-none-eabi/5.3.1/../../../../arm-none-eabi/lib/armv6-m\libc_nano.a(lib_a-findfp.o)
                0x000050e8                __sfmoreglue
 .text.__sinit  0x00005114       0x68 c:/program files (x86)/atmel/studio/7.0/toolchain/arm/arm-gnu-toolchain/bin/../lib/gcc/arm-none-eabi/5.3.1/../../../../arm-none-eabi/lib/armv6-m\libc_nano.a(lib_a-findfp.o)
                0x00005114                __sinit
 .text.__sfp    0x0000517c       0x7c c:/program files (x86)/atmel/studio/7.0/toolchain/arm/arm-gnu-toolchain/bin/../lib/gcc/arm-none-eabi/5.3.1/../../../../arm-none-eabi/lib/armv6-m\libc_nano.a(lib_a-findfp.o)
                0x0000517c                __sfp
 .text._fwalk_reent
                0x000051f8       0x42 c:/program files (x86)/atmel/studio/7.0/toolchain/arm/arm-gnu-toolchain/bin/../lib/gcc/arm-none-eabi/5.3.1/../../../../arm-none-eabi/lib/armv6-m\libc_nano.a(lib_a-fwalk.o)
                0x000051f8                _fwalk_reent
 *fill*         0x0000523a        0x2 
 .text.__swhatbuf_r
                0x0000523c       0x4c c:/program files (x86)/atmel/studio/7.0/toolchain/arm/arm-gnu-toolchain/bin/../lib/gcc/arm-none-eabi/5.3.1/../../../../arm-none-eabi/lib/armv6-m\libc_nano.a(lib_a-makebuf.o)
                0x0000523c                __swhatbuf_r
 .text.__smakebuf_r
                0x00005288       0x7c c:/program files (x86)/atmel/studio/7.0/toolchain/arm/arm-gnu-toolchain/bin/../lib/gcc/arm-none-eabi/5.3.1/../../../../arm-none-eabi/lib/armv6-m\libc_nano.a(lib_a-makebuf.o)
                0x00005288                __smakebuf_r
 .text.malloc   0x00005304       0x14 c:/program files (x86)/atmel/studio/7.0/toolchain/arm/arm-gnu-toolchain/bin/../lib/gcc/arm-none-eabi/5.3.1/../../../../arm-none-eabi/lib/armv6-m\libc_nano.a(lib_a-malloc.o)
                0x00005304                malloc
 .text._free_r  0x00005318       0x8c c:/program files (x86)/atmel/studio/7.0/toolchain/arm/arm-gnu-toolchain/bin/../lib/gcc/arm-none-eabi/5.3.1/../../../../arm-none-eabi/lib/armv6-m\libc_nano.a(lib_a-nano-freer.o)
                0x00005318                _free_r
 .text._malloc_r
                0x000053a4       0xac c:/program files (x86)/atmel/studio/7.0/toolchain/arm/arm-gnu-toolchain/bin/../lib/gcc/arm-none-eabi/5.3.1/../../../../arm-none-eabi/lib/armv6-m\libc_nano.a(lib_a-nano-mallocr.o)
                0x000053a4                _malloc_r
 .text.__sfputc_r
                0x00005450       0x2a c:/program files (x86)/atmel/studio/7.0/toolchain/arm/arm-gnu-toolchain/bin/../lib/gcc/arm-none-eabi/5.3.1/../../../../arm-none-eabi/lib/armv6-m\libc_nano.a(lib_a-nano-vfprintf.o)
 .text.__sfputs_r
                0x0000547a       0x24 c:/program files (x86)/atmel/studio/7.0/toolchain/arm/arm-gnu-toolchain/bin/../lib/gcc/arm-none-eabi/5.3.1/../../../../arm-none-eabi/lib/armv6-m\libc_nano.a(lib_a-nano-vfprintf.o)
                0x0000547a                __sfputs_r
 *fill*         0x0000549e        0x2 
 .text._vfprintf_r
                0x000054a0      0x238 c:/program files (x86)/atmel/studio/7.0/toolchain/arm/arm-gnu-toolchain/bin/../lib/gcc/arm-none-eabi/5.3.1/../../../../arm-none-eabi/lib/armv6-m\libc_nano.a(lib_a-nano-vfprintf.o)
                0x000054a0                _vfprintf_r
                0x000054a0                _vfiprintf_r
 .text._printf_common
                0x000056d8       0xdc c:/program files (x86)/atmel/studio/7.0/toolchain/arm/arm-gnu-toolchain/bin/../lib/gcc/arm-none-eabi/5.3.1/../../../../arm-none-eabi/lib/armv6-m\libc_nano.a(lib_a-nano-vfprintf_i.o)
                0x000056d8                _printf_common
 .text._printf_i
                0x000057b4      0x244 c:/program files (x86)/atmel/studio/7.0/toolchain/arm/arm-gnu-toolchain/bin/../lib/gcc/arm-none-eabi/5.3.1/../../../../arm-none-eabi/lib/armv6-m\libc_nano.a(lib_a-nano-vfprintf_i.o)
                0x000057b4                _printf_i
 .text._sbrk_r  0x000059f8       0x24 c:/program files (x86)/atmel/studio/7.0/toolchain/arm/arm-gnu-toolchain/bin/../lib/gcc/arm-none-eabi/5.3.1/../../../../arm-none-eabi/lib/armv6-m\libc_nano.a(lib_a-sbrkr.o)
                0x000059f8                _sbrk_r
 .text.__sread  0x00005a1c       0x28 c:/program files (x86)/atmel/studio/7.0/toolchain/arm/arm-gnu-toolchain/bin/../lib/gcc/arm-none-eabi/5.3.1/../../../../arm-none-eabi/lib/armv6-m\libc_nano.a(lib_a-stdio.o)
                0x00005a1c                __sread
 .text.__swrite
                0x00005a44       0x38 c:/program files (x86)/atmel/studio/7.0/toolchain/arm/arm-gnu-toolchain/bin/../lib/gcc/arm-none-eabi/5.3.1/../../../../arm-none-eabi/lib/armv6-m\libc_nano.a(lib_a-stdio.o)
                0x00005a44                __swrite
 .text.__sseek  0x00005a7c       0x2c c:/program files (x86)/atmel/studio/7.0/toolchain/arm/arm-gnu-toolchain/bin/../lib/gcc/arm-none-eabi/5.3.1/../../../../arm-none-eabi/lib/armv6-m\libc_nano.a(lib_a-stdio.o)
                0x00005a7c                __sseek
 .text.__sclose
                0x00005aa8        0xc c:/program files (x86)/atmel/studio/7.0/toolchain/arm/arm-gnu-toolchain/bin/../lib/gcc/arm-none-eabi/5.3.1/../../../../arm-none-eabi/lib/armv6-m\libc_nano.a(lib_a-stdio.o)
                0x00005aa8                __sclose
 .text.__swbuf_r
                0x00005ab4       0xb0 c:/program files (x86)/atmel/studio/7.0/toolchain/arm/arm-gnu-toolchain/bin/../lib/gcc/arm-none-eabi/5.3.1/../../../../arm-none-eabi/lib/armv6-m\libc_nano.a(lib_a-wbuf.o)
                0x00005ab4                __swbuf_r
 .text._write_r
                0x00005b64       0x28 c:/program files (x86)/atmel/studio/7.0/toolchain/arm/arm-gnu-toolchain/bin/../lib/gcc/arm-none-eabi/5.3.1/../../../../arm-none-eabi/lib/armv6-m\libc_nano.a(lib_a-writer.o)
                0x00005b64                _write_r
 .text.__swsetup_r
                0x00005b8c       0xec c:/program files (x86)/atmel/studio/7.0/toolchain/arm/arm-gnu-toolchain/bin/../lib/gcc/arm-none-eabi/5.3.1/../../../../arm-none-eabi/lib/armv6-m\libc_nano.a(lib_a-wsetup.o)
                0x00005b8c                __swsetup_r
 .text._close_r
                0x00005c78       0x24 c:/program files (x86)/atmel/studio/7.0/toolchain/arm/arm-gnu-toolchain/bin/../lib/gcc/arm-none-eabi/5.3.1/../../../../arm-none-eabi/lib/armv6-m\libc_nano.a(lib_a-closer.o)
                0x00005c78                _close_r
 .text._fstat_r
                0x00005c9c       0x24 c:/program files (x86)/atmel/studio/7.0/toolchain/arm/arm-gnu-toolchain/bin/../lib/gcc/arm-none-eabi/5.3.1/../../../../arm-none-eabi/lib/armv6-m\libc_nano.a(lib_a-fstatr.o)
                0x00005c9c                _fstat_r
 .text._isatty_r
                0x00005cc0       0x24 c:/program files (x86)/atmel/studio/7.0/toolchain/arm/arm-gnu-toolchain/bin/../lib/gcc/arm-none-eabi/5.3.1/../../../../arm-none-eabi/lib/armv6-m\libc_nano.a(lib_a-isattyr.o)
                0x00005cc0                _isatty_r
 .text._lseek_r
                0x00005ce4       0x28 c:/program files (x86)/atmel/studio/7.0/toolchain/arm/arm-gnu-toolchain/bin/../lib/gcc/arm-none-eabi/5.3.1/../../../../arm-none-eabi/lib/armv6-m\libc_nano.a(lib_a-lseekr.o)
                0x00005ce4                _lseek_r
 .text.memchr   0x00005d0c       0x16 c:/program files (x86)/atmel/studio/7.0/toolchain/arm/arm-gnu-toolchain/bin/../lib/gcc/arm-none-eabi/5.3.1/../../../../arm-none-eabi/lib/armv6-m\libc_nano.a(lib_a-memchr-stub.o)
                0x00005d0c                memchr
 *fill*         0x00005d22        0x2 
 .text._read_r  0x00005d24       0x28 c:/program files (x86)/atmel/studio/7.0/toolchain/arm/arm-gnu-toolchain/bin/../lib/gcc/arm-none-eabi/5.3.1/../../../../arm-none-eabi/lib/armv6-m\libc_nano.a(lib_a-readr.o)
                0x00005d24                _read_r
 *(.glue_7t)
 .glue_7t       0x00005d4c        0x0 linker stubs
 *(.glue_7)
 .glue_7        0x00005d4c        0x0 linker stubs
 *(.rodata .rodata* .gnu.linkonce.r.*)
 .rodata        0x00005d4c        0xc src/OCTO_I2C.o
 .rodata.adc_init
                0x00005d58       0xd4 src/ASF/sam0/drivers/adc/adc_sam_d_r/adc.o
 .rodata        0x00005e2c       0x50 src/ASF/sam0/drivers/adc/adc_sam_d_r/adc.o
 .rodata        0x00005e7c       0x10 src/ASF/sam0/drivers/sercom/sercom.o
 .rodata        0x00005e8c        0x4 src/ASF/sam0/drivers/sercom/sercom_interrupt.o
 .rodata.system_clock_source_get_hz
                0x00005e90       0x24 src/ASF/sam0/drivers/system/clock/clock_samd21_r21_da/clock.o
 .rodata.system_clock_source_enable
                0x00005eb4       0x24 src/ASF/sam0/drivers/system/clock/clock_samd21_r21_da/clock.o
 .rodata.str1.4
                0x00005ed8       0xc0 src/main.o
 .rodata        0x00005f98       0x40 c:/program files (x86)/atmel/studio/7.0/toolchain/arm/arm-gnu-toolchain/bin/../lib/gcc/arm-none-eabi/5.3.1/armv6-m\libgcc.a(divdf3.o)
 .rodata        0x00005fd8       0x40 c:/program files (x86)/atmel/studio/7.0/toolchain/arm/arm-gnu-toolchain/bin/../lib/gcc/arm-none-eabi/5.3.1/armv6-m\libgcc.a(muldf3.o)
 .rodata.str1.1
                0x00006018        0x2 c:/program files (x86)/atmel/studio/7.0/toolchain/arm/arm-gnu-toolchain/bin/../lib/gcc/arm-none-eabi/5.3.1/../../../../arm-none-eabi/lib/armv6-m\libc_nano.a(lib_a-impure.o)
 *fill*         0x0000601a        0x2 
 .rodata._global_impure_ptr
                0x0000601c        0x4 c:/program files (x86)/atmel/studio/7.0/toolchain/arm/arm-gnu-toolchain/bin/../lib/gcc/arm-none-eabi/5.3.1/../../../../arm-none-eabi/lib/armv6-m\libc_nano.a(lib_a-impure.o)
                0x0000601c                _global_impure_ptr
 .rodata.__sf_fake_stdin
                0x00006020       0x20 c:/program files (x86)/atmel/studio/7.0/toolchain/arm/arm-gnu-toolchain/bin/../lib/gcc/arm-none-eabi/5.3.1/../../../../arm-none-eabi/lib/armv6-m\libc_nano.a(lib_a-findfp.o)
                0x00006020                __sf_fake_stdin
 .rodata.__sf_fake_stdout
                0x00006040       0x20 c:/program files (x86)/atmel/studio/7.0/toolchain/arm/arm-gnu-toolchain/bin/../lib/gcc/arm-none-eabi/5.3.1/../../../../arm-none-eabi/lib/armv6-m\libc_nano.a(lib_a-findfp.o)
                0x00006040                __sf_fake_stdout
 .rodata.__sf_fake_stderr
                0x00006060       0x20 c:/program files (x86)/atmel/studio/7.0/toolchain/arm/arm-gnu-toolchain/bin/../lib/gcc/arm-none-eabi/5.3.1/../../../../arm-none-eabi/lib/armv6-m\libc_nano.a(lib_a-findfp.o)
                0x00006060                __sf_fake_stderr
 .rodata.str1.1
                0x00006080       0x11 c:/program files (x86)/atmel/studio/7.0/toolchain/arm/arm-gnu-toolchain/bin/../lib/gcc/arm-none-eabi/5.3.1/../../../../arm-none-eabi/lib/armv6-m\libc_nano.a(lib_a-nano-vfprintf.o)
 .rodata.str1.1
                0x00006091       0x22 c:/program files (x86)/atmel/studio/7.0/toolchain/arm/arm-gnu-toolchain/bin/../lib/gcc/arm-none-eabi/5.3.1/../../../../arm-none-eabi/lib/armv6-m\libc_nano.a(lib_a-nano-vfprintf_i.o)
 *(.ARM.extab* .gnu.linkonce.armextab.*)
                0x000060b4                . = ALIGN (0x4)
 *fill*         0x000060b3        0x1 
 *(.init)
 .init          0x000060b4        0x4 c:/program files (x86)/atmel/studio/7.0/toolchain/arm/arm-gnu-toolchain/bin/../lib/gcc/arm-none-eabi/5.3.1/armv6-m/crti.o
                0x000060b4                _init
 .init          0x000060b8        0x8 c:/program files (x86)/atmel/studio/7.0/toolchain/arm/arm-gnu-toolchain/bin/../lib/gcc/arm-none-eabi/5.3.1/armv6-m/crtn.o
                0x000060c0                . = ALIGN (0x4)
                0x000060c0                __preinit_array_start = .
 *(.preinit_array)
                0x000060c0                __preinit_array_end = .
                0x000060c0                . = ALIGN (0x4)
                0x000060c0                __init_array_start = .
 *(SORT(.init_array.*))
 *(.init_array)
 .init_array    0x000060c0        0x4 c:/program files (x86)/atmel/studio/7.0/toolchain/arm/arm-gnu-toolchain/bin/../lib/gcc/arm-none-eabi/5.3.1/armv6-m/crtbegin.o
                0x000060c4                __init_array_end = .
                0x000060c4                . = ALIGN (0x4)
 *crtbegin.o(.ctors)
 *(EXCLUDE_FILE(*crtend.o) .ctors)
 *(SORT(.ctors.*))
 *crtend.o(.ctors)
                0x000060c4                . = ALIGN (0x4)
 *(.fini)
 .fini          0x000060c4        0x4 c:/program files (x86)/atmel/studio/7.0/toolchain/arm/arm-gnu-toolchain/bin/../lib/gcc/arm-none-eabi/5.3.1/armv6-m/crti.o
                0x000060c4                _fini
 .fini          0x000060c8        0x8 c:/program files (x86)/atmel/studio/7.0/toolchain/arm/arm-gnu-toolchain/bin/../lib/gcc/arm-none-eabi/5.3.1/armv6-m/crtn.o
                0x000060d0                . = ALIGN (0x4)
                0x000060d0                __fini_array_start = .
 *(.fini_array)
 .fini_array    0x000060d0        0x4 c:/program files (x86)/atmel/studio/7.0/toolchain/arm/arm-gnu-toolchain/bin/../lib/gcc/arm-none-eabi/5.3.1/armv6-m/crtbegin.o
 *(SORT(.fini_array.*))
                0x000060d4                __fini_array_end = .
 *crtbegin.o(.dtors)
 *(EXCLUDE_FILE(*crtend.o) .dtors)
 *(SORT(.dtors.*))
 *crtend.o(.dtors)
                0x000060d4                . = ALIGN (0x4)
                0x000060d4                _efixed = .
                [!provide]                PROVIDE (__exidx_start, .)

.vfp11_veneer   0x000060d4        0x0
 .vfp11_veneer  0x000060d4        0x0 linker stubs

.v4_bx          0x000060d4        0x0
 .v4_bx         0x000060d4        0x0 linker stubs

.iplt           0x000060d4        0x0
 .iplt          0x000060d4        0x0 c:/program files (x86)/atmel/studio/7.0/toolchain/arm/arm-gnu-toolchain/bin/../lib/gcc/arm-none-eabi/5.3.1/armv6-m/crtbegin.o

.eh_frame       0x000060d4        0x0
 .eh_frame      0x000060d4        0x0 c:/program files (x86)/atmel/studio/7.0/toolchain/arm/arm-gnu-toolchain/bin/../lib/gcc/arm-none-eabi/5.3.1/armv6-m/crtbegin.o

.rel.dyn        0x000060d4        0x0
 .rel.iplt      0x000060d4        0x0 c:/program files (x86)/atmel/studio/7.0/toolchain/arm/arm-gnu-toolchain/bin/../lib/gcc/arm-none-eabi/5.3.1/armv6-m/crtbegin.o

.jcr            0x000060d4        0x0
 .jcr           0x000060d4        0x0 c:/program files (x86)/atmel/studio/7.0/toolchain/arm/arm-gnu-toolchain/bin/../lib/gcc/arm-none-eabi/5.3.1/armv6-m/crtbegin.o

.igot.plt       0x000060d4        0x0
 .igot.plt      0x000060d4        0x0 c:/program files (x86)/atmel/studio/7.0/toolchain/arm/arm-gnu-toolchain/bin/../lib/gcc/arm-none-eabi/5.3.1/armv6-m/crtbegin.o

.ARM.exidx
 *(.ARM.exidx* .gnu.linkonce.armexidx.*)
                [!provide]                PROVIDE (__exidx_end, .)
                0x000060d4                . = ALIGN (0x4)
                0x000060d4                _etext = .

.relocate       0x20000000       0x70 load address 0x000060d4
                0x20000000                . = ALIGN (0x4)
                0x20000000                _srelocate = .
 *(.ramfunc .ramfunc.*)
 *(.data .data.*)
 .data.cycles_per_us
                0x20000000        0x4 src/ASF/common2/services/delay/sam0/systick_counter.o
 .data.cycles_per_ms
                0x20000004        0x4 src/ASF/common2/services/delay/sam0/systick_counter.o
 .data.read_buffer
                0x20000008        0x2 src/OCTO_I2C.o
 .data.g_interrupt_enabled
                0x2000000a        0x1 src/ASF/common/utils/interrupt/interrupt_sam_nvic.o
                0x2000000a                g_interrupt_enabled
 *fill*         0x2000000b        0x1 
 .data.impure_data
                0x2000000c       0x60 c:/program files (x86)/atmel/studio/7.0/toolchain/arm/arm-gnu-toolchain/bin/../lib/gcc/arm-none-eabi/5.3.1/../../../../arm-none-eabi/lib/armv6-m\libc_nano.a(lib_a-impure.o)
 .data._impure_ptr
                0x2000006c        0x4 c:/program files (x86)/atmel/studio/7.0/toolchain/arm/arm-gnu-toolchain/bin/../lib/gcc/arm-none-eabi/5.3.1/../../../../arm-none-eabi/lib/armv6-m\libc_nano.a(lib_a-impure.o)
                0x2000006c                _impure_ptr
                0x20000070                . = ALIGN (0x4)
                0x20000070                _erelocate = .

.bss            0x20000070      0x1d0 load address 0x00006144
                0x20000070                . = ALIGN (0x4)
                0x20000070                _sbss = .
                0x20000070                _szero = .
 *(.bss .bss.*)
 .bss           0x20000070       0x1c c:/program files (x86)/atmel/studio/7.0/toolchain/arm/arm-gnu-toolchain/bin/../lib/gcc/arm-none-eabi/5.3.1/armv6-m/crtbegin.o
 .bss.tick_counter
                0x2000008c        0x4 src/OCTO_RTC.o
                0x2000008c                tick_counter
 .bss._sercom_config
                0x20000090        0x2 src/ASF/sam0/drivers/sercom/sercom.o
 .bss._handler_table_initialized
                0x20000092        0x1 src/ASF/sam0/drivers/sercom/sercom_interrupt.o
 *fill*         0x20000093        0x1 
 .bss._sercom_interrupt_handlers
                0x20000094       0x10 src/ASF/sam0/drivers/sercom/sercom_interrupt.o
 .bss.cpu_irq_critical_section_counter
                0x200000a4        0x4 src/ASF/common/utils/interrupt/interrupt_sam_nvic.o
 .bss.cpu_irq_prev_interrupt_state
                0x200000a8        0x1 src/ASF/common/utils/interrupt/interrupt_sam_nvic.o
 *fill*         0x200000a9        0x3 
 .bss._system_clock_inst
                0x200000ac       0x18 src/ASF/sam0/drivers/system/clock/clock_samd21_r21_da/clock.o
 .bss.heap.5286
                0x200000c4        0x4 src/ASF/sam0/utils/syscalls/gcc/syscalls.o
 .bss.bcap_counter
                0x200000c8        0x4 src/main.o
                0x200000c8                bcap_counter
 .bss.__malloc_sbrk_start
                0x200000cc        0x4 c:/program files (x86)/atmel/studio/7.0/toolchain/arm/arm-gnu-toolchain/bin/../lib/gcc/arm-none-eabi/5.3.1/../../../../arm-none-eabi/lib/armv6-m\libc_nano.a(lib_a-nano-mallocr.o)
                0x200000cc                __malloc_sbrk_start
 .bss.__malloc_free_list
                0x200000d0        0x4 c:/program files (x86)/atmel/studio/7.0/toolchain/arm/arm-gnu-toolchain/bin/../lib/gcc/arm-none-eabi/5.3.1/../../../../arm-none-eabi/lib/armv6-m\libc_nano.a(lib_a-nano-mallocr.o)
                0x200000d0                __malloc_free_list
 *(COMMON)
 COMMON         0x200000d4        0x1 src/ASF/sam0/drivers/extint/extint_callback.o
                0x200000d4                _current_channel
 *fill*         0x200000d5        0x3 
 COMMON         0x200000d8       0x40 src/ASF/sam0/drivers/extint/extint_sam_d_r/extint.o
                0x200000d8                _extint_dev
 COMMON         0x20000118       0x6d src/OCTO_USART.o
                0x20000118                bt_usart_instance
                0x2000014c                dbg_usart_instance
                0x20000180                rx_buffer
 *fill*         0x20000185        0x3 
 COMMON         0x20000188        0x4 src/ASF/sam0/drivers/rtc/rtc_sam_d_r/rtc_count.o
                0x20000188                _rtc_instance
 COMMON         0x2000018c        0x4 src/ASF/sam0/utils/stdio/read.o
                0x2000018c                ptr_get
 COMMON         0x20000190        0x8 src/ASF/sam0/utils/stdio/write.o
                0x20000190                ptr_put
                0x20000194                stdio_base
 COMMON         0x20000198       0x20 src/OCTO_ADC.o
                0x20000198                adc_instance
 COMMON         0x200001b8       0x24 src/OCTO_DAC.o
                0x200001b8                dac_instance
 COMMON         0x200001dc       0x28 src/OCTO_I2C.o
                0x200001dc                gas_gauge_instance
 COMMON         0x20000204       0x18 src/OCTO_RTC.o
                0x20000204                rtc_instance
 COMMON         0x2000021c        0x4 src/ASF/sam0/drivers/adc/adc_sam_d_r/adc_callback.o
                0x2000021c                _adc_instances
 COMMON         0x20000220        0x4 src/ASF/sam0/drivers/dac/dac_sam_d_c/dac_callback.o
                0x20000220                _dac_instances
 COMMON         0x20000224       0x10 src/ASF/sam0/drivers/sercom/sercom_interrupt.o
                0x20000224                _sercom_instances
 COMMON         0x20000234        0x7 src/main.o
                0x20000234                light_state
                0x20000238                pin_conf
 *fill*         0x2000023b        0x1 
 COMMON         0x2000023c        0x4 c:/program files (x86)/atmel/studio/7.0/toolchain/arm/arm-gnu-toolchain/bin/../lib/gcc/arm-none-eabi/5.3.1/../../../../arm-none-eabi/lib/armv6-m\libc_nano.a(lib_a-reent.o)
                0x2000023c                errno
                0x20000240                . = ALIGN (0x4)
                0x20000240                _ebss = .
                0x20000240                _ezero = .

.stack          0x20000240     0x2000 load address 0x00006314
                0x20000240                . = ALIGN (0x8)
                0x20000240                _sstack = .
                0x20002240                . = (. + STACK_SIZE)
 *fill*         0x20000240     0x2000 
                0x20002240                . = ALIGN (0x8)
                0x20002240                _estack = .
                0x20002240                . = ALIGN (0x4)
                0x20002240                _end = .
OUTPUT(OCTO.elf elf32-littlearm)

.ARM.attributes
                0x00000000       0x28
 .ARM.attributes
                0x00000000       0x1e c:/program files (x86)/atmel/studio/7.0/toolchain/arm/arm-gnu-toolchain/bin/../lib/gcc/arm-none-eabi/5.3.1/armv6-m/crti.o
 .ARM.attributes
                0x0000001e       0x2c c:/program files (x86)/atmel/studio/7.0/toolchain/arm/arm-gnu-toolchain/bin/../lib/gcc/arm-none-eabi/5.3.1/armv6-m/crtbegin.o
 .ARM.attributes
                0x0000004a       0x32 src/ASF/sam0/drivers/extint/extint_callback.o
 .ARM.attributes
                0x0000007c       0x32 src/ASF/sam0/drivers/extint/extint_sam_d_r/extint.o
 .ARM.attributes
                0x000000ae       0x32 src/OCTO_USART.o
 .ARM.attributes
                0x000000e0       0x32 src/ASF/common2/services/delay/sam0/systick_counter.o
 .ARM.attributes
                0x00000112       0x32 src/ASF/sam0/drivers/rtc/rtc_sam_d_r/rtc_count.o
 .ARM.attributes
                0x00000144       0x32 src/ASF/sam0/drivers/rtc/rtc_sam_d_r/rtc_count_interrupt.o
 .ARM.attributes
                0x00000176       0x32 src/ASF/sam0/utils/stdio/read.o
 .ARM.attributes
                0x000001a8       0x32 src/ASF/sam0/utils/stdio/write.o
 .ARM.attributes
                0x000001da       0x32 src/OCTO_ADC.o
 .ARM.attributes
                0x0000020c       0x32 src/OCTO_DAC.o
 .ARM.attributes
                0x0000023e       0x32 src/OCTO_I2C.o
 .ARM.attributes
                0x00000270       0x32 src/OCTO_RTC.o
 .ARM.attributes
                0x000002a2       0x32 src/ASF/sam0/drivers/adc/adc_sam_d_r/adc.o
 .ARM.attributes
                0x000002d4       0x32 src/ASF/sam0/drivers/adc/adc_sam_d_r/adc_callback.o
 .ARM.attributes
                0x00000306       0x32 src/ASF/sam0/drivers/dac/dac_sam_d_c/dac.o
 .ARM.attributes
                0x00000338       0x32 src/ASF/sam0/drivers/dac/dac_sam_d_c/dac_callback.o
 .ARM.attributes
                0x0000036a       0x32 src/ASF/sam0/drivers/port/port.o
 .ARM.attributes
                0x0000039c       0x32 src/ASF/sam0/drivers/sercom/i2c/i2c_sam0/i2c_master.o
 .ARM.attributes
                0x000003ce       0x32 src/ASF/sam0/drivers/sercom/i2c/i2c_sam0/i2c_master_interrupt.o
 .ARM.attributes
                0x00000400       0x32 src/ASF/sam0/drivers/sercom/sercom.o
 .ARM.attributes
                0x00000432       0x32 src/ASF/sam0/drivers/sercom/usart/usart.o
 .ARM.attributes
                0x00000464       0x32 src/ASF/sam0/drivers/sercom/usart/usart_interrupt.o
 .ARM.attributes
                0x00000496       0x32 src/ASF/sam0/drivers/sercom/sercom_interrupt.o
 .ARM.attributes
                0x000004c8       0x32 src/ASF/common2/boards/user_board/init.o
 .ARM.attributes
                0x000004fa       0x32 src/ASF/common/utils/interrupt/interrupt_sam_nvic.o
 .ARM.attributes
                0x0000052c       0x32 src/ASF/sam0/drivers/system/clock/clock_samd21_r21_da/clock.o
 .ARM.attributes
                0x0000055e       0x32 src/ASF/sam0/drivers/system/clock/clock_samd21_r21_da/gclk.o
 .ARM.attributes
                0x00000590       0x32 src/ASF/sam0/drivers/system/pinmux/pinmux.o
 .ARM.attributes
                0x000005c2       0x32 src/ASF/sam0/drivers/system/system.o
 .ARM.attributes
                0x000005f4       0x32 src/ASF/sam0/utils/cmsis/samd21/source/gcc/startup_samd21.o
 .ARM.attributes
                0x00000626       0x32 src/ASF/sam0/utils/syscalls/gcc/syscalls.o
 .ARM.attributes
                0x00000658       0x32 src/main.o
 .ARM.attributes
                0x0000068a       0x1e c:/program files (x86)/atmel/studio/7.0/toolchain/arm/arm-gnu-toolchain/bin/../lib/gcc/arm-none-eabi/5.3.1/armv6-m\libgcc.a(_udivsi3.o)
 .ARM.attributes
                0x000006a8       0x1e c:/program files (x86)/atmel/studio/7.0/toolchain/arm/arm-gnu-toolchain/bin/../lib/gcc/arm-none-eabi/5.3.1/armv6-m\libgcc.a(_divsi3.o)
 .ARM.attributes
                0x000006c6       0x1e c:/program files (x86)/atmel/studio/7.0/toolchain/arm/arm-gnu-toolchain/bin/../lib/gcc/arm-none-eabi/5.3.1/armv6-m\libgcc.a(_dvmd_tls.o)
 .ARM.attributes
                0x000006e4       0x2c c:/program files (x86)/atmel/studio/7.0/toolchain/arm/arm-gnu-toolchain/bin/../lib/gcc/arm-none-eabi/5.3.1/armv6-m\libgcc.a(_muldi3.o)
 .ARM.attributes
                0x00000710       0x2c c:/program files (x86)/atmel/studio/7.0/toolchain/arm/arm-gnu-toolchain/bin/../lib/gcc/arm-none-eabi/5.3.1/armv6-m\libgcc.a(adddf3.o)
 .ARM.attributes
                0x0000073c       0x2c c:/program files (x86)/atmel/studio/7.0/toolchain/arm/arm-gnu-toolchain/bin/../lib/gcc/arm-none-eabi/5.3.1/armv6-m\libgcc.a(divdf3.o)
 .ARM.attributes
                0x00000768       0x2c c:/program files (x86)/atmel/studio/7.0/toolchain/arm/arm-gnu-toolchain/bin/../lib/gcc/arm-none-eabi/5.3.1/armv6-m\libgcc.a(muldf3.o)
 .ARM.attributes
                0x00000794       0x2c c:/program files (x86)/atmel/studio/7.0/toolchain/arm/arm-gnu-toolchain/bin/../lib/gcc/arm-none-eabi/5.3.1/armv6-m\libgcc.a(subdf3.o)
 .ARM.attributes
                0x000007c0       0x2c c:/program files (x86)/atmel/studio/7.0/toolchain/arm/arm-gnu-toolchain/bin/../lib/gcc/arm-none-eabi/5.3.1/armv6-m\libgcc.a(fixdfsi.o)
 .ARM.attributes
                0x000007ec       0x2c c:/program files (x86)/atmel/studio/7.0/toolchain/arm/arm-gnu-toolchain/bin/../lib/gcc/arm-none-eabi/5.3.1/armv6-m\libgcc.a(floatunsidf.o)
 .ARM.attributes
                0x00000818       0x1e c:/program files (x86)/atmel/studio/7.0/toolchain/arm/arm-gnu-toolchain/bin/../lib/gcc/arm-none-eabi/5.3.1/armv6-m\libgcc.a(_clzsi2.o)
 .ARM.attributes
                0x00000836       0x2c c:/program files (x86)/atmel/studio/7.0/toolchain/arm/arm-gnu-toolchain/bin/../lib/gcc/arm-none-eabi/5.3.1/../../../../arm-none-eabi/lib/armv6-m\libc_nano.a(lib_a-impure.o)
 .ARM.attributes
                0x00000862       0x2c c:/program files (x86)/atmel/studio/7.0/toolchain/arm/arm-gnu-toolchain/bin/../lib/gcc/arm-none-eabi/5.3.1/../../../../arm-none-eabi/lib/armv6-m\libc_nano.a(lib_a-init.o)
 .ARM.attributes
                0x0000088e       0x2c c:/program files (x86)/atmel/studio/7.0/toolchain/arm/arm-gnu-toolchain/bin/../lib/gcc/arm-none-eabi/5.3.1/../../../../arm-none-eabi/lib/armv6-m\libc_nano.a(lib_a-memcpy-stub.o)
 .ARM.attributes
                0x000008ba       0x2c c:/program files (x86)/atmel/studio/7.0/toolchain/arm/arm-gnu-toolchain/bin/../lib/gcc/arm-none-eabi/5.3.1/../../../../arm-none-eabi/lib/armv6-m\libc_nano.a(lib_a-memset.o)
 .ARM.attributes
                0x000008e6       0x2c c:/program files (x86)/atmel/studio/7.0/toolchain/arm/arm-gnu-toolchain/bin/../lib/gcc/arm-none-eabi/5.3.1/../../../../arm-none-eabi/lib/armv6-m\libc_nano.a(lib_a-printf.o)
 .ARM.attributes
                0x00000912       0x2c c:/program files (x86)/atmel/studio/7.0/toolchain/arm/arm-gnu-toolchain/bin/../lib/gcc/arm-none-eabi/5.3.1/../../../../arm-none-eabi/lib/armv6-m\libc_nano.a(lib_a-setbuf.o)
 .ARM.attributes
                0x0000093e       0x2c c:/program files (x86)/atmel/studio/7.0/toolchain/arm/arm-gnu-toolchain/bin/../lib/gcc/arm-none-eabi/5.3.1/../../../../arm-none-eabi/lib/armv6-m\libc_nano.a(lib_a-setvbuf.o)
 .ARM.attributes
                0x0000096a       0x2c c:/program files (x86)/atmel/studio/7.0/toolchain/arm/arm-gnu-toolchain/bin/../lib/gcc/arm-none-eabi/5.3.1/../../../../arm-none-eabi/lib/armv6-m\libc_nano.a(lib_a-fflush.o)
 .ARM.attributes
                0x00000996       0x2c c:/program files (x86)/atmel/studio/7.0/toolchain/arm/arm-gnu-toolchain/bin/../lib/gcc/arm-none-eabi/5.3.1/../../../../arm-none-eabi/lib/armv6-m\libc_nano.a(lib_a-findfp.o)
 .ARM.attributes
                0x000009c2       0x2c c:/program files (x86)/atmel/studio/7.0/toolchain/arm/arm-gnu-toolchain/bin/../lib/gcc/arm-none-eabi/5.3.1/../../../../arm-none-eabi/lib/armv6-m\libc_nano.a(lib_a-fwalk.o)
 .ARM.attributes
                0x000009ee       0x2c c:/program files (x86)/atmel/studio/7.0/toolchain/arm/arm-gnu-toolchain/bin/../lib/gcc/arm-none-eabi/5.3.1/../../../../arm-none-eabi/lib/armv6-m\libc_nano.a(lib_a-makebuf.o)
 .ARM.attributes
                0x00000a1a       0x2c c:/program files (x86)/atmel/studio/7.0/toolchain/arm/arm-gnu-toolchain/bin/../lib/gcc/arm-none-eabi/5.3.1/../../../../arm-none-eabi/lib/armv6-m\libc_nano.a(lib_a-malloc.o)
 .ARM.attributes
                0x00000a46       0x2c c:/program files (x86)/atmel/studio/7.0/toolchain/arm/arm-gnu-toolchain/bin/../lib/gcc/arm-none-eabi/5.3.1/../../../../arm-none-eabi/lib/armv6-m\libc_nano.a(lib_a-nano-freer.o)
 .ARM.attributes
                0x00000a72       0x2c c:/program files (x86)/atmel/studio/7.0/toolchain/arm/arm-gnu-toolchain/bin/../lib/gcc/arm-none-eabi/5.3.1/../../../../arm-none-eabi/lib/armv6-m\libc_nano.a(lib_a-nano-mallocr.o)
 .ARM.attributes
                0x00000a9e       0x2c c:/program files (x86)/atmel/studio/7.0/toolchain/arm/arm-gnu-toolchain/bin/../lib/gcc/arm-none-eabi/5.3.1/../../../../arm-none-eabi/lib/armv6-m\libc_nano.a(lib_a-nano-vfprintf.o)
 .ARM.attributes
                0x00000aca       0x2c c:/program files (x86)/atmel/studio/7.0/toolchain/arm/arm-gnu-toolchain/bin/../lib/gcc/arm-none-eabi/5.3.1/../../../../arm-none-eabi/lib/armv6-m\libc_nano.a(lib_a-nano-vfprintf_i.o)
 .ARM.attributes
                0x00000af6       0x2c c:/program files (x86)/atmel/studio/7.0/toolchain/arm/arm-gnu-toolchain/bin/../lib/gcc/arm-none-eabi/5.3.1/../../../../arm-none-eabi/lib/armv6-m\libc_nano.a(lib_a-sbrkr.o)
 .ARM.attributes
                0x00000b22       0x2c c:/program files (x86)/atmel/studio/7.0/toolchain/arm/arm-gnu-toolchain/bin/../lib/gcc/arm-none-eabi/5.3.1/../../../../arm-none-eabi/lib/armv6-m\libc_nano.a(lib_a-stdio.o)
 .ARM.attributes
                0x00000b4e       0x2c c:/program files (x86)/atmel/studio/7.0/toolchain/arm/arm-gnu-toolchain/bin/../lib/gcc/arm-none-eabi/5.3.1/../../../../arm-none-eabi/lib/armv6-m\libc_nano.a(lib_a-wbuf.o)
 .ARM.attributes
                0x00000b7a       0x2c c:/program files (x86)/atmel/studio/7.0/toolchain/arm/arm-gnu-toolchain/bin/../lib/gcc/arm-none-eabi/5.3.1/../../../../arm-none-eabi/lib/armv6-m\libc_nano.a(lib_a-writer.o)
 .ARM.attributes
                0x00000ba6       0x2c c:/program files (x86)/atmel/studio/7.0/toolchain/arm/arm-gnu-toolchain/bin/../lib/gcc/arm-none-eabi/5.3.1/../../../../arm-none-eabi/lib/armv6-m\libc_nano.a(lib_a-wsetup.o)
 .ARM.attributes
                0x00000bd2       0x2c c:/program files (x86)/atmel/studio/7.0/toolchain/arm/arm-gnu-toolchain/bin/../lib/gcc/arm-none-eabi/5.3.1/../../../../arm-none-eabi/lib/armv6-m\libc_nano.a(lib_a-closer.o)
 .ARM.attributes
                0x00000bfe       0x2c c:/program files (x86)/atmel/studio/7.0/toolchain/arm/arm-gnu-toolchain/bin/../lib/gcc/arm-none-eabi/5.3.1/../../../../arm-none-eabi/lib/armv6-m\libc_nano.a(lib_a-fstatr.o)
 .ARM.attributes
                0x00000c2a       0x2c c:/program files (x86)/atmel/studio/7.0/toolchain/arm/arm-gnu-toolchain/bin/../lib/gcc/arm-none-eabi/5.3.1/../../../../arm-none-eabi/lib/armv6-m\libc_nano.a(lib_a-isattyr.o)
 .ARM.attributes
                0x00000c56       0x2c c:/program files (x86)/atmel/studio/7.0/toolchain/arm/arm-gnu-toolchain/bin/../lib/gcc/arm-none-eabi/5.3.1/../../../../arm-none-eabi/lib/armv6-m\libc_nano.a(lib_a-lseekr.o)
 .ARM.attributes
                0x00000c82       0x2c c:/program files (x86)/atmel/studio/7.0/toolchain/arm/arm-gnu-toolchain/bin/../lib/gcc/arm-none-eabi/5.3.1/../../../../arm-none-eabi/lib/armv6-m\libc_nano.a(lib_a-memchr-stub.o)
 .ARM.attributes
                0x00000cae       0x2c c:/program files (x86)/atmel/studio/7.0/toolchain/arm/arm-gnu-toolchain/bin/../lib/gcc/arm-none-eabi/5.3.1/../../../../arm-none-eabi/lib/armv6-m\libc_nano.a(lib_a-readr.o)
 .ARM.attributes
                0x00000cda       0x2c c:/program files (x86)/atmel/studio/7.0/toolchain/arm/arm-gnu-toolchain/bin/../lib/gcc/arm-none-eabi/5.3.1/../../../../arm-none-eabi/lib/armv6-m\libc_nano.a(lib_a-reent.o)
 .ARM.attributes
                0x00000d06       0x1e c:/program files (x86)/atmel/studio/7.0/toolchain/arm/arm-gnu-toolchain/bin/../lib/gcc/arm-none-eabi/5.3.1/armv6-m/crtn.o

.comment        0x00000000       0x59
 .comment       0x00000000       0x59 src/ASF/sam0/drivers/extint/extint_callback.o
                                 0x5a (size before relaxing)
 .comment       0x00000059       0x5a src/ASF/sam0/drivers/extint/extint_sam_d_r/extint.o
 .comment       0x00000059       0x5a src/OCTO_USART.o
 .comment       0x00000059       0x5a src/ASF/common2/services/delay/sam0/systick_counter.o
 .comment       0x00000059       0x5a src/ASF/sam0/drivers/rtc/rtc_sam_d_r/rtc_count.o
 .comment       0x00000059       0x5a src/ASF/sam0/drivers/rtc/rtc_sam_d_r/rtc_count_interrupt.o
 .comment       0x00000059       0x5a src/ASF/sam0/utils/stdio/read.o
 .comment       0x00000059       0x5a src/ASF/sam0/utils/stdio/write.o
 .comment       0x00000059       0x5a src/OCTO_ADC.o
 .comment       0x00000059       0x5a src/OCTO_DAC.o
 .comment       0x00000059       0x5a src/OCTO_I2C.o
 .comment       0x00000059       0x5a src/OCTO_RTC.o
 .comment       0x00000059       0x5a src/ASF/sam0/drivers/adc/adc_sam_d_r/adc.o
 .comment       0x00000059       0x5a src/ASF/sam0/drivers/adc/adc_sam_d_r/adc_callback.o
 .comment       0x00000059       0x5a src/ASF/sam0/drivers/dac/dac_sam_d_c/dac.o
 .comment       0x00000059       0x5a src/ASF/sam0/drivers/dac/dac_sam_d_c/dac_callback.o
 .comment       0x00000059       0x5a src/ASF/sam0/drivers/port/port.o
 .comment       0x00000059       0x5a src/ASF/sam0/drivers/sercom/i2c/i2c_sam0/i2c_master.o
 .comment       0x00000059       0x5a src/ASF/sam0/drivers/sercom/i2c/i2c_sam0/i2c_master_interrupt.o
 .comment       0x00000059       0x5a src/ASF/sam0/drivers/sercom/sercom.o
 .comment       0x00000059       0x5a src/ASF/sam0/drivers/sercom/usart/usart.o
 .comment       0x00000059       0x5a src/ASF/sam0/drivers/sercom/usart/usart_interrupt.o
 .comment       0x00000059       0x5a src/ASF/sam0/drivers/sercom/sercom_interrupt.o
 .comment       0x00000059       0x5a src/ASF/common2/boards/user_board/init.o
 .comment       0x00000059       0x5a src/ASF/common/utils/interrupt/interrupt_sam_nvic.o
 .comment       0x00000059       0x5a src/ASF/sam0/drivers/system/clock/clock_samd21_r21_da/clock.o
 .comment       0x00000059       0x5a src/ASF/sam0/drivers/system/clock/clock_samd21_r21_da/gclk.o
 .comment       0x00000059       0x5a src/ASF/sam0/drivers/system/pinmux/pinmux.o
 .comment       0x00000059       0x5a src/ASF/sam0/drivers/system/system.o
 .comment       0x00000059       0x5a src/ASF/sam0/utils/cmsis/samd21/source/gcc/startup_samd21.o
 .comment       0x00000059       0x5a src/ASF/sam0/utils/syscalls/gcc/syscalls.o
 .comment       0x00000059       0x5a src/main.o

.debug_info     0x00000000    0x3ce63
 .debug_info    0x00000000     0x10b9 src/ASF/sam0/drivers/extint/extint_callback.o
 .debug_info    0x000010b9     0x21dd src/ASF/sam0/drivers/extint/extint_sam_d_r/extint.o
 .debug_info    0x00003296     0x3eca src/OCTO_USART.o
 .debug_info    0x00007160      0x26b src/ASF/common2/services/delay/sam0/systick_counter.o
 .debug_info    0x000073cb     0x2b29 src/ASF/sam0/drivers/rtc/rtc_sam_d_r/rtc_count.o
 .debug_info    0x00009ef4     0x18a3 src/ASF/sam0/drivers/rtc/rtc_sam_d_r/rtc_count_interrupt.o
 .debug_info    0x0000b797      0x1c4 src/ASF/sam0/utils/stdio/read.o
 .debug_info    0x0000b95b      0x1c1 src/ASF/sam0/utils/stdio/write.o
 .debug_info    0x0000bb1c     0x3c34 src/OCTO_ADC.o
 .debug_info    0x0000f750     0x147d src/OCTO_DAC.o
 .debug_info    0x00010bcd     0x336b src/OCTO_I2C.o
 .debug_info    0x00013f38     0x2325 src/OCTO_RTC.o
 .debug_info    0x0001625d     0x352e src/ASF/sam0/drivers/adc/adc_sam_d_r/adc.o
 .debug_info    0x0001978b     0x12ef src/ASF/sam0/drivers/adc/adc_sam_d_r/adc_callback.o
 .debug_info    0x0001aa7a     0x2b49 src/ASF/sam0/drivers/dac/dac_sam_d_c/dac.o
 .debug_info    0x0001d5c3      0xe8f src/ASF/sam0/drivers/dac/dac_sam_d_c/dac_callback.o
 .debug_info    0x0001e452      0x984 src/ASF/sam0/drivers/port/port.o
 .debug_info    0x0001edd6     0x465c src/ASF/sam0/drivers/sercom/i2c/i2c_sam0/i2c_master.o
 .debug_info    0x00023432     0x289b src/ASF/sam0/drivers/sercom/i2c/i2c_sam0/i2c_master_interrupt.o
 .debug_info    0x00025ccd     0x253b src/ASF/sam0/drivers/sercom/sercom.o
 .debug_info    0x00028208     0x41a1 src/ASF/sam0/drivers/sercom/usart/usart.o
 .debug_info    0x0002c3a9     0x2789 src/ASF/sam0/drivers/sercom/usart/usart_interrupt.o
 .debug_info    0x0002eb32     0x22c7 src/ASF/sam0/drivers/sercom/sercom_interrupt.o
 .debug_info    0x00030df9     0x141b src/ASF/common2/boards/user_board/init.o
 .debug_info    0x00032214      0x1ea src/ASF/common/utils/interrupt/interrupt_sam_nvic.o
 .debug_info    0x000323fe     0x2ed0 src/ASF/sam0/drivers/system/clock/clock_samd21_r21_da/clock.o
 .debug_info    0x000352ce     0x155a src/ASF/sam0/drivers/system/clock/clock_samd21_r21_da/gclk.o
 .debug_info    0x00036828      0xae5 src/ASF/sam0/drivers/system/pinmux/pinmux.o
 .debug_info    0x0003730d      0x17c src/ASF/sam0/drivers/system/system.o
 .debug_info    0x00037489     0x3a83 src/ASF/sam0/utils/cmsis/samd21/source/gcc/startup_samd21.o
 .debug_info    0x0003af0c      0x428 src/ASF/sam0/utils/syscalls/gcc/syscalls.o
 .debug_info    0x0003b334     0x1b2f src/main.o

.debug_abbrev   0x00000000     0x5be0
 .debug_abbrev  0x00000000      0x299 src/ASF/sam0/drivers/extint/extint_callback.o
 .debug_abbrev  0x00000299      0x40f src/ASF/sam0/drivers/extint/extint_sam_d_r/extint.o
 .debug_abbrev  0x000006a8      0x40c src/OCTO_USART.o
 .debug_abbrev  0x00000ab4      0x13e src/ASF/common2/services/delay/sam0/systick_counter.o
 .debug_abbrev  0x00000bf2      0x3ca src/ASF/sam0/drivers/rtc/rtc_sam_d_r/rtc_count.o
 .debug_abbrev  0x00000fbc      0x279 src/ASF/sam0/drivers/rtc/rtc_sam_d_r/rtc_count_interrupt.o
 .debug_abbrev  0x00001235      0x10a src/ASF/sam0/utils/stdio/read.o
 .debug_abbrev  0x0000133f       0xf7 src/ASF/sam0/utils/stdio/write.o
 .debug_abbrev  0x00001436      0x3d7 src/OCTO_ADC.o
 .debug_abbrev  0x0000180d      0x2a3 src/OCTO_DAC.o
 .debug_abbrev  0x00001ab0      0x382 src/OCTO_I2C.o
 .debug_abbrev  0x00001e32      0x33e src/OCTO_RTC.o
 .debug_abbrev  0x00002170      0x3b5 src/ASF/sam0/drivers/adc/adc_sam_d_r/adc.o
 .debug_abbrev  0x00002525      0x307 src/ASF/sam0/drivers/adc/adc_sam_d_r/adc_callback.o
 .debug_abbrev  0x0000282c      0x3c8 src/ASF/sam0/drivers/dac/dac_sam_d_c/dac.o
 .debug_abbrev  0x00002bf4      0x324 src/ASF/sam0/drivers/dac/dac_sam_d_c/dac_callback.o
 .debug_abbrev  0x00002f18      0x1dc src/ASF/sam0/drivers/port/port.o
 .debug_abbrev  0x000030f4      0x489 src/ASF/sam0/drivers/sercom/i2c/i2c_sam0/i2c_master.o
 .debug_abbrev  0x0000357d      0x3a6 src/ASF/sam0/drivers/sercom/i2c/i2c_sam0/i2c_master_interrupt.o
 .debug_abbrev  0x00003923      0x308 src/ASF/sam0/drivers/sercom/sercom.o
 .debug_abbrev  0x00003c2b      0x3f8 src/ASF/sam0/drivers/sercom/usart/usart.o
 .debug_abbrev  0x00004023      0x37f src/ASF/sam0/drivers/sercom/usart/usart_interrupt.o
 .debug_abbrev  0x000043a2      0x239 src/ASF/sam0/drivers/sercom/sercom_interrupt.o
 .debug_abbrev  0x000045db      0x2c8 src/ASF/common2/boards/user_board/init.o
 .debug_abbrev  0x000048a3       0xf6 src/ASF/common/utils/interrupt/interrupt_sam_nvic.o
 .debug_abbrev  0x00004999      0x3bf src/ASF/sam0/drivers/system/clock/clock_samd21_r21_da/clock.o
 .debug_abbrev  0x00004d58      0x338 src/ASF/sam0/drivers/system/clock/clock_samd21_r21_da/gclk.o
 .debug_abbrev  0x00005090      0x2d2 src/ASF/sam0/drivers/system/pinmux/pinmux.o
 .debug_abbrev  0x00005362       0xbb src/ASF/sam0/drivers/system/system.o
 .debug_abbrev  0x0000541d      0x217 src/ASF/sam0/utils/cmsis/samd21/source/gcc/startup_samd21.o
 .debug_abbrev  0x00005634      0x144 src/ASF/sam0/utils/syscalls/gcc/syscalls.o
 .debug_abbrev  0x00005778      0x468 src/main.o

.debug_loc      0x00000000     0x8945
 .debug_loc     0x00000000      0x219 src/ASF/sam0/drivers/extint/extint_callback.o
 .debug_loc     0x00000219      0x413 src/ASF/sam0/drivers/extint/extint_sam_d_r/extint.o
 .debug_loc     0x0000062c      0x3ce src/OCTO_USART.o
 .debug_loc     0x000009fa       0xe4 src/ASF/common2/services/delay/sam0/systick_counter.o
 .debug_loc     0x00000ade      0x75f src/ASF/sam0/drivers/rtc/rtc_sam_d_r/rtc_count.o
 .debug_loc     0x0000123d      0x1de src/ASF/sam0/drivers/rtc/rtc_sam_d_r/rtc_count_interrupt.o
 .debug_loc     0x0000141b       0xf0 src/ASF/sam0/utils/stdio/read.o
 .debug_loc     0x0000150b      0x130 src/ASF/sam0/utils/stdio/write.o
 .debug_loc     0x0000163b      0xbc0 src/OCTO_ADC.o
 .debug_loc     0x000021fb       0xa8 src/OCTO_DAC.o
 .debug_loc     0x000022a3      0x1eb src/OCTO_I2C.o
 .debug_loc     0x0000248e       0x80 src/OCTO_RTC.o
 .debug_loc     0x0000250e      0x8aa src/ASF/sam0/drivers/adc/adc_sam_d_r/adc.o
 .debug_loc     0x00002db8      0x2f9 src/ASF/sam0/drivers/adc/adc_sam_d_r/adc_callback.o
 .debug_loc     0x000030b1      0x6dc src/ASF/sam0/drivers/dac/dac_sam_d_c/dac.o
 .debug_loc     0x0000378d      0x3c6 src/ASF/sam0/drivers/dac/dac_sam_d_c/dac_callback.o
 .debug_loc     0x00003b53      0x13d src/ASF/sam0/drivers/port/port.o
 .debug_loc     0x00003c90      0xdcf src/ASF/sam0/drivers/sercom/i2c/i2c_sam0/i2c_master.o
 .debug_loc     0x00004a5f      0x5fb src/ASF/sam0/drivers/sercom/i2c/i2c_sam0/i2c_master_interrupt.o
 .debug_loc     0x0000505a      0x900 src/ASF/sam0/drivers/sercom/sercom.o
 .debug_loc     0x0000595a      0xc45 src/ASF/sam0/drivers/sercom/usart/usart.o
 .debug_loc     0x0000659f      0x5bb src/ASF/sam0/drivers/sercom/usart/usart_interrupt.o
 .debug_loc     0x00006b5a      0x170 src/ASF/sam0/drivers/sercom/sercom_interrupt.o
 .debug_loc     0x00006cca      0x16a src/ASF/common2/boards/user_board/init.o
 .debug_loc     0x00006e34      0xf1d src/ASF/sam0/drivers/system/clock/clock_samd21_r21_da/clock.o
 .debug_loc     0x00007d51      0x4e3 src/ASF/sam0/drivers/system/clock/clock_samd21_r21_da/gclk.o
 .debug_loc     0x00008234      0x37a src/ASF/sam0/drivers/system/pinmux/pinmux.o
 .debug_loc     0x000085ae       0x20 src/ASF/sam0/drivers/system/system.o
 .debug_loc     0x000085ce       0x20 src/ASF/sam0/utils/cmsis/samd21/source/gcc/startup_samd21.o
 .debug_loc     0x000085ee      0x11d src/ASF/sam0/utils/syscalls/gcc/syscalls.o
 .debug_loc     0x0000870b      0x23a src/main.o

.debug_aranges  0x00000000      0x988
 .debug_aranges
                0x00000000       0x48 src/ASF/sam0/drivers/extint/extint_callback.o
 .debug_aranges
                0x00000048       0x50 src/ASF/sam0/drivers/extint/extint_sam_d_r/extint.o
 .debug_aranges
                0x00000098       0x58 src/OCTO_USART.o
 .debug_aranges
                0x000000f0       0x30 src/ASF/common2/services/delay/sam0/systick_counter.o
 .debug_aranges
                0x00000120       0x88 src/ASF/sam0/drivers/rtc/rtc_sam_d_r/rtc_count.o
 .debug_aranges
                0x000001a8       0x40 src/ASF/sam0/drivers/rtc/rtc_sam_d_r/rtc_count_interrupt.o
 .debug_aranges
                0x000001e8       0x20 src/ASF/sam0/utils/stdio/read.o
 .debug_aranges
                0x00000208       0x20 src/ASF/sam0/utils/stdio/write.o
 .debug_aranges
                0x00000228       0x50 src/OCTO_ADC.o
 .debug_aranges
                0x00000278       0x28 src/OCTO_DAC.o
 .debug_aranges
                0x000002a0       0x28 src/OCTO_I2C.o
 .debug_aranges
                0x000002c8       0x38 src/OCTO_RTC.o
 .debug_aranges
                0x00000300       0x38 src/ASF/sam0/drivers/adc/adc_sam_d_r/adc.o
 .debug_aranges
                0x00000338       0x48 src/ASF/sam0/drivers/adc/adc_sam_d_r/adc_callback.o
 .debug_aranges
                0x00000380       0xa8 src/ASF/sam0/drivers/dac/dac_sam_d_c/dac.o
 .debug_aranges
                0x00000428       0x60 src/ASF/sam0/drivers/dac/dac_sam_d_c/dac_callback.o
 .debug_aranges
                0x00000488       0x28 src/ASF/sam0/drivers/port/port.o
 .debug_aranges
                0x000004b0       0xa0 src/ASF/sam0/drivers/sercom/i2c/i2c_sam0/i2c_master.o
 .debug_aranges
                0x00000550       0x90 src/ASF/sam0/drivers/sercom/i2c/i2c_sam0/i2c_master_interrupt.o
 .debug_aranges
                0x000005e0       0x40 src/ASF/sam0/drivers/sercom/sercom.o
 .debug_aranges
                0x00000620       0x40 src/ASF/sam0/drivers/sercom/usart/usart.o
 .debug_aranges
                0x00000660       0x70 src/ASF/sam0/drivers/sercom/usart/usart_interrupt.o
 .debug_aranges
                0x000006d0       0x50 src/ASF/sam0/drivers/sercom/sercom_interrupt.o
 .debug_aranges
                0x00000720       0x20 src/ASF/common2/boards/user_board/init.o
 .debug_aranges
                0x00000740       0x28 src/ASF/common/utils/interrupt/interrupt_sam_nvic.o
 .debug_aranges
                0x00000768       0x78 src/ASF/sam0/drivers/system/clock/clock_samd21_r21_da/clock.o
 .debug_aranges
                0x000007e0       0x80 src/ASF/sam0/drivers/system/clock/clock_samd21_r21_da/gclk.o
 .debug_aranges
                0x00000860       0x40 src/ASF/sam0/drivers/system/pinmux/pinmux.o
 .debug_aranges
                0x000008a0       0x28 src/ASF/sam0/drivers/system/system.o
 .debug_aranges
                0x000008c8       0x28 src/ASF/sam0/utils/cmsis/samd21/source/gcc/startup_samd21.o
 .debug_aranges
                0x000008f0       0x60 src/ASF/sam0/utils/syscalls/gcc/syscalls.o
 .debug_aranges
                0x00000950       0x38 src/main.o

.debug_ranges   0x00000000      0x9c8
 .debug_ranges  0x00000000       0x60 src/ASF/sam0/drivers/extint/extint_callback.o
 .debug_ranges  0x00000060       0x40 src/ASF/sam0/drivers/extint/extint_sam_d_r/extint.o
 .debug_ranges  0x000000a0       0x48 src/OCTO_USART.o
 .debug_ranges  0x000000e8       0x50 src/ASF/common2/services/delay/sam0/systick_counter.o
 .debug_ranges  0x00000138       0x78 src/ASF/sam0/drivers/rtc/rtc_sam_d_r/rtc_count.o
 .debug_ranges  0x000001b0       0x30 src/ASF/sam0/drivers/rtc/rtc_sam_d_r/rtc_count_interrupt.o
 .debug_ranges  0x000001e0       0x10 src/ASF/sam0/utils/stdio/read.o
 .debug_ranges  0x000001f0       0x10 src/ASF/sam0/utils/stdio/write.o
 .debug_ranges  0x00000200       0x40 src/OCTO_ADC.o
 .debug_ranges  0x00000240       0x18 src/OCTO_DAC.o
 .debug_ranges  0x00000258       0x18 src/OCTO_I2C.o
 .debug_ranges  0x00000270       0x28 src/OCTO_RTC.o
 .debug_ranges  0x00000298       0x88 src/ASF/sam0/drivers/adc/adc_sam_d_r/adc.o
 .debug_ranges  0x00000320       0x38 src/ASF/sam0/drivers/adc/adc_sam_d_r/adc_callback.o
 .debug_ranges  0x00000358       0xb8 src/ASF/sam0/drivers/dac/dac_sam_d_c/dac.o
 .debug_ranges  0x00000410       0x50 src/ASF/sam0/drivers/dac/dac_sam_d_c/dac_callback.o
 .debug_ranges  0x00000460       0x18 src/ASF/sam0/drivers/port/port.o
 .debug_ranges  0x00000478       0xc0 src/ASF/sam0/drivers/sercom/i2c/i2c_sam0/i2c_master.o
 .debug_ranges  0x00000538       0x98 src/ASF/sam0/drivers/sercom/i2c/i2c_sam0/i2c_master_interrupt.o
 .debug_ranges  0x000005d0       0x60 src/ASF/sam0/drivers/sercom/sercom.o
 .debug_ranges  0x00000630       0xe0 src/ASF/sam0/drivers/sercom/usart/usart.o
 .debug_ranges  0x00000710       0x60 src/ASF/sam0/drivers/sercom/usart/usart_interrupt.o
 .debug_ranges  0x00000770       0x40 src/ASF/sam0/drivers/sercom/sercom_interrupt.o
 .debug_ranges  0x000007b0       0x10 src/ASF/common2/boards/user_board/init.o
 .debug_ranges  0x000007c0       0x18 src/ASF/common/utils/interrupt/interrupt_sam_nvic.o
 .debug_ranges  0x000007d8       0x68 src/ASF/sam0/drivers/system/clock/clock_samd21_r21_da/clock.o
 .debug_ranges  0x00000840       0x70 src/ASF/sam0/drivers/system/clock/clock_samd21_r21_da/gclk.o
 .debug_ranges  0x000008b0       0x30 src/ASF/sam0/drivers/system/pinmux/pinmux.o
 .debug_ranges  0x000008e0       0x18 src/ASF/sam0/drivers/system/system.o
 .debug_ranges  0x000008f8       0x18 src/ASF/sam0/utils/cmsis/samd21/source/gcc/startup_samd21.o
 .debug_ranges  0x00000910       0x50 src/ASF/sam0/utils/syscalls/gcc/syscalls.o
 .debug_ranges  0x00000960       0x68 src/main.o

.debug_macro    0x00000000    0x1e35b
 .debug_macro   0x00000000      0x4e4 src/ASF/sam0/drivers/extint/extint_callback.o
 .debug_macro   0x000004e4      0x85c src/ASF/sam0/drivers/extint/extint_callback.o
 .debug_macro   0x00000d40      0x16d src/ASF/sam0/drivers/extint/extint_callback.o
 .debug_macro   0x00000ead      0x644 src/ASF/sam0/drivers/extint/extint_callback.o
 .debug_macro   0x000014f1       0x22 src/ASF/sam0/drivers/extint/extint_callback.o
 .debug_macro   0x00001513       0x87 src/ASF/sam0/drivers/extint/extint_callback.o
 .debug_macro   0x0000159a       0x44 src/ASF/sam0/drivers/extint/extint_callback.o
 .debug_macro   0x000015de       0xfd src/ASF/sam0/drivers/extint/extint_callback.o
 .debug_macro   0x000016db       0x22 src/ASF/sam0/drivers/extint/extint_callback.o
 .debug_macro   0x000016fd      0x1df src/ASF/sam0/drivers/extint/extint_callback.o
 .debug_macro   0x000018dc       0x10 src/ASF/sam0/drivers/extint/extint_callback.o
 .debug_macro   0x000018ec       0x76 src/ASF/sam0/drivers/extint/extint_callback.o
 .debug_macro   0x00001962       0x16 src/ASF/sam0/drivers/extint/extint_callback.o
 .debug_macro   0x00001978      0x6e5 src/ASF/sam0/drivers/extint/extint_callback.o
 .debug_macro   0x0000205d      0xde2 src/ASF/sam0/drivers/extint/extint_callback.o
 .debug_macro   0x00002e3f       0x22 src/ASF/sam0/drivers/extint/extint_callback.o
 .debug_macro   0x00002e61       0x40 src/ASF/sam0/drivers/extint/extint_callback.o
 .debug_macro   0x00002ea1       0x3a src/ASF/sam0/drivers/extint/extint_callback.o
 .debug_macro   0x00002edb       0x1f src/ASF/sam0/drivers/extint/extint_callback.o
 .debug_macro   0x00002efa      0x250 src/ASF/sam0/drivers/extint/extint_callback.o
 .debug_macro   0x0000314a      0x682 src/ASF/sam0/drivers/extint/extint_callback.o
 .debug_macro   0x000037cc      0x8c1 src/ASF/sam0/drivers/extint/extint_callback.o
 .debug_macro   0x0000408d      0x235 src/ASF/sam0/drivers/extint/extint_callback.o
 .debug_macro   0x000042c2      0xd66 src/ASF/sam0/drivers/extint/extint_callback.o
 .debug_macro   0x00005028      0x4ce src/ASF/sam0/drivers/extint/extint_callback.o
 .debug_macro   0x000054f6      0x9fb src/ASF/sam0/drivers/extint/extint_callback.o
 .debug_macro   0x00005ef1      0x82e src/ASF/sam0/drivers/extint/extint_callback.o
 .debug_macro   0x0000671f      0x462 src/ASF/sam0/drivers/extint/extint_callback.o
 .debug_macro   0x00006b81       0x5e src/ASF/sam0/drivers/extint/extint_callback.o
 .debug_macro   0x00006bdf      0x907 src/ASF/sam0/drivers/extint/extint_callback.o
 .debug_macro   0x000074e6      0x226 src/ASF/sam0/drivers/extint/extint_callback.o
 .debug_macro   0x0000770c      0x9d3 src/ASF/sam0/drivers/extint/extint_callback.o
 .debug_macro   0x000080df       0x5e src/ASF/sam0/drivers/extint/extint_callback.o
 .debug_macro   0x0000813d      0x682 src/ASF/sam0/drivers/extint/extint_callback.o
 .debug_macro   0x000087bf      0x3b8 src/ASF/sam0/drivers/extint/extint_callback.o
 .debug_macro   0x00008b77      0xc55 src/ASF/sam0/drivers/extint/extint_callback.o
 .debug_macro   0x000097cc     0x1093 src/ASF/sam0/drivers/extint/extint_callback.o
 .debug_macro   0x0000a85f      0xc4a src/ASF/sam0/drivers/extint/extint_callback.o
 .debug_macro   0x0000b4a9      0x6c2 src/ASF/sam0/drivers/extint/extint_callback.o
 .debug_macro   0x0000bb6b     0x1b4e src/ASF/sam0/drivers/extint/extint_callback.o
 .debug_macro   0x0000d6b9     0x144d src/ASF/sam0/drivers/extint/extint_callback.o
 .debug_macro   0x0000eb06      0x351 src/ASF/sam0/drivers/extint/extint_callback.o
 .debug_macro   0x0000ee57       0x7c src/ASF/sam0/drivers/extint/extint_callback.o
 .debug_macro   0x0000eed3       0xa0 src/ASF/sam0/drivers/extint/extint_callback.o
 .debug_macro   0x0000ef73       0x4c src/ASF/sam0/drivers/extint/extint_callback.o
 .debug_macro   0x0000efbf       0xca src/ASF/sam0/drivers/extint/extint_callback.o
 .debug_macro   0x0000f089       0x94 src/ASF/sam0/drivers/extint/extint_callback.o
 .debug_macro   0x0000f11d       0x58 src/ASF/sam0/drivers/extint/extint_callback.o
 .debug_macro   0x0000f175      0x38a src/ASF/sam0/drivers/extint/extint_callback.o
 .debug_macro   0x0000f4ff       0x82 src/ASF/sam0/drivers/extint/extint_callback.o
 .debug_macro   0x0000f581      0x19a src/ASF/sam0/drivers/extint/extint_callback.o
 .debug_macro   0x0000f71b       0xb8 src/ASF/sam0/drivers/extint/extint_callback.o
 .debug_macro   0x0000f7d3       0xa0 src/ASF/sam0/drivers/extint/extint_callback.o
 .debug_macro   0x0000f873       0xbe src/ASF/sam0/drivers/extint/extint_callback.o
 .debug_macro   0x0000f931       0x1c src/ASF/sam0/drivers/extint/extint_callback.o
 .debug_macro   0x0000f94d       0x1c src/ASF/sam0/drivers/extint/extint_callback.o
 .debug_macro   0x0000f969       0x1c src/ASF/sam0/drivers/extint/extint_callback.o
 .debug_macro   0x0000f985       0x82 src/ASF/sam0/drivers/extint/extint_callback.o
 .debug_macro   0x0000fa07      0x164 src/ASF/sam0/drivers/extint/extint_callback.o
 .debug_macro   0x0000fb6b       0xdc src/ASF/sam0/drivers/extint/extint_callback.o
 .debug_macro   0x0000fc47      0x132 src/ASF/sam0/drivers/extint/extint_callback.o
 .debug_macro   0x0000fd79      0x132 src/ASF/sam0/drivers/extint/extint_callback.o
 .debug_macro   0x0000feab      0x132 src/ASF/sam0/drivers/extint/extint_callback.o
 .debug_macro   0x0000ffdd      0x132 src/ASF/sam0/drivers/extint/extint_callback.o
 .debug_macro   0x0001010f      0x11e src/ASF/sam0/drivers/extint/extint_callback.o
 .debug_macro   0x0001022d       0xe2 src/ASF/sam0/drivers/extint/extint_callback.o
 .debug_macro   0x0001030f       0xe2 src/ASF/sam0/drivers/extint/extint_callback.o
 .debug_macro   0x000103f1       0xe2 src/ASF/sam0/drivers/extint/extint_callback.o
 .debug_macro   0x000104d3      0x136 src/ASF/sam0/drivers/extint/extint_callback.o
 .debug_macro   0x00010609      0x106 src/ASF/sam0/drivers/extint/extint_callback.o
 .debug_macro   0x0001070f       0xfa src/ASF/sam0/drivers/extint/extint_callback.o
 .debug_macro   0x00010809      0x40f src/ASF/sam0/drivers/extint/extint_callback.o
 .debug_macro   0x00010c18       0x40 src/ASF/sam0/drivers/extint/extint_callback.o
 .debug_macro   0x00010c58      0x345 src/ASF/sam0/drivers/extint/extint_callback.o
 .debug_macro   0x00010f9d      0xf7d src/ASF/sam0/drivers/extint/extint_callback.o
 .debug_macro   0x00011f1a       0x51 src/ASF/sam0/drivers/extint/extint_callback.o
 .debug_macro   0x00011f6b       0x52 src/ASF/sam0/drivers/extint/extint_callback.o
 .debug_macro   0x00011fbd       0x35 src/ASF/sam0/drivers/extint/extint_callback.o
 .debug_macro   0x00011ff2       0x9c src/ASF/sam0/drivers/extint/extint_callback.o
 .debug_macro   0x0001208e       0x16 src/ASF/sam0/drivers/extint/extint_callback.o
 .debug_macro   0x000120a4       0x35 src/ASF/sam0/drivers/extint/extint_callback.o
 .debug_macro   0x000120d9      0x330 src/ASF/sam0/drivers/extint/extint_callback.o
 .debug_macro   0x00012409       0x10 src/ASF/sam0/drivers/extint/extint_callback.o
 .debug_macro   0x00012419       0x52 src/ASF/sam0/drivers/extint/extint_callback.o
 .debug_macro   0x0001246b       0x16 src/ASF/sam0/drivers/extint/extint_callback.o
 .debug_macro   0x00012481       0x43 src/ASF/sam0/drivers/extint/extint_callback.o
 .debug_macro   0x000124c4      0x187 src/ASF/sam0/drivers/extint/extint_callback.o
 .debug_macro   0x0001264b       0x22 src/ASF/sam0/drivers/extint/extint_callback.o
 .debug_macro   0x0001266d       0x3a src/ASF/sam0/drivers/extint/extint_callback.o
 .debug_macro   0x000126a7       0x10 src/ASF/sam0/drivers/extint/extint_callback.o
 .debug_macro   0x000126b7       0x40 src/ASF/sam0/drivers/extint/extint_callback.o
 .debug_macro   0x000126f7       0x6c src/ASF/sam0/drivers/extint/extint_callback.o
 .debug_macro   0x00012763       0x16 src/ASF/sam0/drivers/extint/extint_callback.o
 .debug_macro   0x00012779      0x182 src/ASF/sam0/drivers/extint/extint_callback.o
 .debug_macro   0x000128fb       0x16 src/ASF/sam0/drivers/extint/extint_callback.o
 .debug_macro   0x00012911       0x16 src/ASF/sam0/drivers/extint/extint_callback.o
 .debug_macro   0x00012927       0x29 src/ASF/sam0/drivers/extint/extint_callback.o
 .debug_macro   0x00012950       0x51 src/ASF/sam0/drivers/extint/extint_callback.o
 .debug_macro   0x000129a1       0x3f src/ASF/sam0/drivers/extint/extint_callback.o
 .debug_macro   0x000129e0      0x3df src/ASF/sam0/drivers/extint/extint_callback.o
 .debug_macro   0x00012dbf       0x18 src/ASF/sam0/drivers/extint/extint_callback.o
 .debug_macro   0x00012dd7       0x19 src/ASF/sam0/drivers/extint/extint_callback.o
 .debug_macro   0x00012df0      0x53f src/ASF/sam0/drivers/extint/extint_sam_d_r/extint.o
 .debug_macro   0x0001332f       0x11 src/ASF/sam0/drivers/extint/extint_sam_d_r/extint.o
 .debug_macro   0x00013340       0x2e src/ASF/sam0/drivers/extint/extint_sam_d_r/extint.o
 .debug_macro   0x0001336e       0x1f src/ASF/sam0/drivers/extint/extint_sam_d_r/extint.o
 .debug_macro   0x0001338d       0x16 src/ASF/sam0/drivers/extint/extint_sam_d_r/extint.o
 .debug_macro   0x000133a3      0x6c0 src/OCTO_USART.o
 .debug_macro   0x00013a63       0x19 src/OCTO_USART.o
 .debug_macro   0x00013a7c      0x3e8 src/OCTO_USART.o
 .debug_macro   0x00013e64       0x16 src/OCTO_USART.o
 .debug_macro   0x00013e7a       0x18 src/OCTO_USART.o
 .debug_macro   0x00013e92       0x1c src/OCTO_USART.o
 .debug_macro   0x00013eae       0x16 src/OCTO_USART.o
 .debug_macro   0x00013ec4      0x2aa src/OCTO_USART.o
 .debug_macro   0x0001416e       0x7c src/OCTO_USART.o
 .debug_macro   0x000141ea       0x11 src/OCTO_USART.o
 .debug_macro   0x000141fb      0x29d src/OCTO_USART.o
 .debug_macro   0x00014498       0x7a src/OCTO_USART.o
 .debug_macro   0x00014512       0x10 src/OCTO_USART.o
 .debug_macro   0x00014522       0x2d src/OCTO_USART.o
 .debug_macro   0x0001454f       0x50 src/OCTO_USART.o
 .debug_macro   0x0001459f      0x4fa src/ASF/common2/services/delay/sam0/systick_counter.o
 .debug_macro   0x00014a99       0x16 src/ASF/common2/services/delay/sam0/systick_counter.o
 .debug_macro   0x00014aaf      0x512 src/ASF/sam0/drivers/rtc/rtc_sam_d_r/rtc_count.o
 .debug_macro   0x00014fc1      0x51c src/ASF/sam0/drivers/rtc/rtc_sam_d_r/rtc_count_interrupt.o
 .debug_macro   0x000154dd      0x4bf src/ASF/sam0/utils/stdio/read.o
 .debug_macro   0x0001599c      0x4bf src/ASF/sam0/utils/stdio/write.o
 .debug_macro   0x00015e5b      0x6cc src/OCTO_ADC.o
 .debug_macro   0x00016527      0x6c0 src/OCTO_DAC.o
 .debug_macro   0x00016be7      0x6cb src/OCTO_I2C.o
 .debug_macro   0x000172b2      0x6b4 src/OCTO_RTC.o
 .debug_macro   0x00017966      0x53f src/ASF/sam0/drivers/adc/adc_sam_d_r/adc.o
 .debug_macro   0x00017ea5      0x542 src/ASF/sam0/drivers/adc/adc_sam_d_r/adc_callback.o
 .debug_macro   0x000183e7      0x534 src/ASF/sam0/drivers/dac/dac_sam_d_c/dac.o
 .debug_macro   0x0001891b       0x10 src/ASF/sam0/drivers/dac/dac_sam_d_c/dac.o
 .debug_macro   0x0001892b      0x51b src/ASF/sam0/drivers/dac/dac_sam_d_c/dac_callback.o
 .debug_macro   0x00018e46      0x4db src/ASF/sam0/drivers/port/port.o
 .debug_macro   0x00019321      0x56f src/ASF/sam0/drivers/sercom/i2c/i2c_sam0/i2c_master.o
 .debug_macro   0x00019890       0x27 src/ASF/sam0/drivers/sercom/i2c/i2c_sam0/i2c_master.o
 .debug_macro   0x000198b7      0x56b src/ASF/sam0/drivers/sercom/i2c/i2c_sam0/i2c_master_interrupt.o
 .debug_macro   0x00019e22      0x54d src/ASF/sam0/drivers/sercom/sercom.o
 .debug_macro   0x0001a36f      0x55e src/ASF/sam0/drivers/sercom/usart/usart.o
 .debug_macro   0x0001a8cd       0x51 src/ASF/sam0/drivers/sercom/usart/usart.o
 .debug_macro   0x0001a91e      0x55e src/ASF/sam0/drivers/sercom/usart/usart_interrupt.o
 .debug_macro   0x0001ae7c      0x54a src/ASF/sam0/drivers/sercom/sercom_interrupt.o
 .debug_macro   0x0001b3c6      0x6ab src/ASF/common2/boards/user_board/init.o
 .debug_macro   0x0001ba71      0x4bf src/ASF/common/utils/interrupt/interrupt_sam_nvic.o
 .debug_macro   0x0001bf30      0x531 src/ASF/sam0/drivers/system/clock/clock_samd21_r21_da/clock.o
 .debug_macro   0x0001c461      0x4f5 src/ASF/sam0/drivers/system/clock/clock_samd21_r21_da/gclk.o
 .debug_macro   0x0001c956      0x4cf src/ASF/sam0/drivers/system/pinmux/pinmux.o
 .debug_macro   0x0001ce25       0x12 src/ASF/sam0/drivers/system/pinmux/pinmux.o
 .debug_macro   0x0001ce37      0x503 src/ASF/sam0/drivers/system/system.o
 .debug_macro   0x0001d33a      0x2d1 src/ASF/sam0/utils/cmsis/samd21/source/gcc/startup_samd21.o
 .debug_macro   0x0001d60b       0x3a src/ASF/sam0/utils/cmsis/samd21/source/gcc/startup_samd21.o
 .debug_macro   0x0001d645      0x19c src/ASF/sam0/utils/syscalls/gcc/syscalls.o
 .debug_macro   0x0001d7e1       0x4c src/ASF/sam0/utils/syscalls/gcc/syscalls.o
 .debug_macro   0x0001d82d       0x8d src/ASF/sam0/utils/syscalls/gcc/syscalls.o
 .debug_macro   0x0001d8ba       0x4a src/ASF/sam0/utils/syscalls/gcc/syscalls.o
 .debug_macro   0x0001d904       0x97 src/ASF/sam0/utils/syscalls/gcc/syscalls.o
 .debug_macro   0x0001d99b       0xf6 src/ASF/sam0/utils/syscalls/gcc/syscalls.o
 .debug_macro   0x0001da91       0x52 src/ASF/sam0/utils/syscalls/gcc/syscalls.o
 .debug_macro   0x0001dae3       0x16 src/ASF/sam0/utils/syscalls/gcc/syscalls.o
 .debug_macro   0x0001daf9       0x10 src/ASF/sam0/utils/syscalls/gcc/syscalls.o
 .debug_macro   0x0001db09       0x41 src/ASF/sam0/utils/syscalls/gcc/syscalls.o
 .debug_macro   0x0001db4a      0x122 src/ASF/sam0/utils/syscalls/gcc/syscalls.o
 .debug_macro   0x0001dc6c      0x6df src/main.o
 .debug_macro   0x0001e34b       0x10 src/main.o

.debug_line     0x00000000    0x172c8
 .debug_line    0x00000000      0x975 src/ASF/sam0/drivers/extint/extint_callback.o
 .debug_line    0x00000975      0xbda src/ASF/sam0/drivers/extint/extint_sam_d_r/extint.o
 .debug_line    0x0000154f     0x1005 src/OCTO_USART.o
 .debug_line    0x00002554      0x974 src/ASF/common2/services/delay/sam0/systick_counter.o
 .debug_line    0x00002ec8      0xbb8 src/ASF/sam0/drivers/rtc/rtc_sam_d_r/rtc_count.o
 .debug_line    0x00003a80      0xa63 src/ASF/sam0/drivers/rtc/rtc_sam_d_r/rtc_count_interrupt.o
 .debug_line    0x000044e3      0x85e src/ASF/sam0/utils/stdio/read.o
 .debug_line    0x00004d41      0x854 src/ASF/sam0/utils/stdio/write.o
 .debug_line    0x00005595     0x1134 src/OCTO_ADC.o
 .debug_line    0x000066c9      0xee4 src/OCTO_DAC.o
 .debug_line    0x000075ad      0xf3a src/OCTO_I2C.o
 .debug_line    0x000084e7      0xf18 src/OCTO_RTC.o
 .debug_line    0x000093ff      0xcd5 src/ASF/sam0/drivers/adc/adc_sam_d_r/adc.o
 .debug_line    0x0000a0d4      0xb9d src/ASF/sam0/drivers/adc/adc_sam_d_r/adc_callback.o
 .debug_line    0x0000ac71      0xc5d src/ASF/sam0/drivers/dac/dac_sam_d_c/dac.o
 .debug_line    0x0000b8ce      0xad2 src/ASF/sam0/drivers/dac/dac_sam_d_c/dac_callback.o
 .debug_line    0x0000c3a0      0x8ac src/ASF/sam0/drivers/port/port.o
 .debug_line    0x0000cc4c      0xdbf src/ASF/sam0/drivers/sercom/i2c/i2c_sam0/i2c_master.o
 .debug_line    0x0000da0b      0xd3d src/ASF/sam0/drivers/sercom/i2c/i2c_sam0/i2c_master_interrupt.o
 .debug_line    0x0000e748      0xb5d src/ASF/sam0/drivers/sercom/sercom.o
 .debug_line    0x0000f2a5      0xcac src/ASF/sam0/drivers/sercom/usart/usart.o
 .debug_line    0x0000ff51      0xc3f src/ASF/sam0/drivers/sercom/usart/usart_interrupt.o
 .debug_line    0x00010b90      0xaf6 src/ASF/sam0/drivers/sercom/sercom_interrupt.o