Archive member included to satisfy reference by file (symbol)

c:/program files (x86)/atmel/studio/7.0/toolchain/arm/arm-gnu-toolchain/bin/../lib/gcc/arm-none-eabi/5.3.1/armv6-m\libgcc.a(_udivsi3.o)
                              src/OCTO_USART.o (__aeabi_uidiv)
c:/program files (x86)/atmel/studio/7.0/toolchain/arm/arm-gnu-toolchain/bin/../lib/gcc/arm-none-eabi/5.3.1/armv6-m\libgcc.a(_divsi3.o)
                              src/OCTO_DAC.o (__aeabi_idiv)
c:/program files (x86)/atmel/studio/7.0/toolchain/arm/arm-gnu-toolchain/bin/../lib/gcc/arm-none-eabi/5.3.1/armv6-m\libgcc.a(_dvmd_tls.o)
                              c:/program files (x86)/atmel/studio/7.0/toolchain/arm/arm-gnu-toolchain/bin/../lib/gcc/arm-none-eabi/5.3.1/armv6-m\libgcc.a(_udivsi3.o) (__aeabi_idiv0)
c:/program files (x86)/atmel/studio/7.0/toolchain/arm/arm-gnu-toolchain/bin/../lib/gcc/arm-none-eabi/5.3.1/armv6-m\libgcc.a(_muldi3.o)
                              src/ASF/sam0/drivers/sercom/sercom.o (__aeabi_lmul)
c:/program files (x86)/atmel/studio/7.0/toolchain/arm/arm-gnu-toolchain/bin/../lib/gcc/arm-none-eabi/5.3.1/armv6-m\libgcc.a(adddf3.o)
                              src/ASF/sam0/drivers/sercom/i2c/i2c_sam0/i2c_master.o (__aeabi_dadd)
c:/program files (x86)/atmel/studio/7.0/toolchain/arm/arm-gnu-toolchain/bin/../lib/gcc/arm-none-eabi/5.3.1/armv6-m\libgcc.a(divdf3.o)
                              src/ASF/sam0/drivers/sercom/i2c/i2c_sam0/i2c_master.o (__aeabi_ddiv)
c:/program files (x86)/atmel/studio/7.0/toolchain/arm/arm-gnu-toolchain/bin/../lib/gcc/arm-none-eabi/5.3.1/armv6-m\libgcc.a(muldf3.o)
                              src/ASF/sam0/drivers/sercom/i2c/i2c_sam0/i2c_master.o (__aeabi_dmul)
c:/program files (x86)/atmel/studio/7.0/toolchain/arm/arm-gnu-toolchain/bin/../lib/gcc/arm-none-eabi/5.3.1/armv6-m\libgcc.a(subdf3.o)
                              src/ASF/sam0/drivers/sercom/i2c/i2c_sam0/i2c_master.o (__aeabi_dsub)
c:/program files (x86)/atmel/studio/7.0/toolchain/arm/arm-gnu-toolchain/bin/../lib/gcc/arm-none-eabi/5.3.1/armv6-m\libgcc.a(fixdfsi.o)
                              src/ASF/sam0/drivers/sercom/i2c/i2c_sam0/i2c_master.o (__aeabi_d2iz)
c:/program files (x86)/atmel/studio/7.0/toolchain/arm/arm-gnu-toolchain/bin/../lib/gcc/arm-none-eabi/5.3.1/armv6-m\libgcc.a(floatunsidf.o)
                              src/ASF/sam0/drivers/sercom/i2c/i2c_sam0/i2c_master.o (__aeabi_ui2d)
c:/program files (x86)/atmel/studio/7.0/toolchain/arm/arm-gnu-toolchain/bin/../lib/gcc/arm-none-eabi/5.3.1/armv6-m\libgcc.a(_clzsi2.o)
                              c:/program files (x86)/atmel/studio/7.0/toolchain/arm/arm-gnu-toolchain/bin/../lib/gcc/arm-none-eabi/5.3.1/armv6-m\libgcc.a(adddf3.o) (__clzsi2)
c:/program files (x86)/atmel/studio/7.0/toolchain/arm/arm-gnu-toolchain/bin/../lib/gcc/arm-none-eabi/5.3.1/../../../../arm-none-eabi/lib/armv6-m\libc_nano.a(lib_a-exit.o)
                              c:/program files (x86)/atmel/studio/7.0/toolchain/arm/arm-gnu-toolchain/bin/../lib/gcc/arm-none-eabi/5.3.1/../../../../arm-none-eabi/lib/armv6-m/crt0.o (exit)
c:/program files (x86)/atmel/studio/7.0/toolchain/arm/arm-gnu-toolchain/bin/../lib/gcc/arm-none-eabi/5.3.1/../../../../arm-none-eabi/lib/armv6-m\libc_nano.a(lib_a-impure.o)
                              c:/program files (x86)/atmel/studio/7.0/toolchain/arm/arm-gnu-toolchain/bin/../lib/gcc/arm-none-eabi/5.3.1/../../../../arm-none-eabi/lib/armv6-m\libc_nano.a(lib_a-exit.o) (_global_impure_ptr)
c:/program files (x86)/atmel/studio/7.0/toolchain/arm/arm-gnu-toolchain/bin/../lib/gcc/arm-none-eabi/5.3.1/../../../../arm-none-eabi/lib/armv6-m\libc_nano.a(lib_a-init.o)
                              c:/program files (x86)/atmel/studio/7.0/toolchain/arm/arm-gnu-toolchain/bin/../lib/gcc/arm-none-eabi/5.3.1/../../../../arm-none-eabi/lib/armv6-m/crt0.o (__libc_init_array)
c:/program files (x86)/atmel/studio/7.0/toolchain/arm/arm-gnu-toolchain/bin/../lib/gcc/arm-none-eabi/5.3.1/../../../../arm-none-eabi/lib/armv6-m\libc_nano.a(lib_a-memcpy-stub.o)
                              src/ASF/sam0/drivers/adc/adc_sam_d_r/adc.o (memcpy)
c:/program files (x86)/atmel/studio/7.0/toolchain/arm/arm-gnu-toolchain/bin/../lib/gcc/arm-none-eabi/5.3.1/../../../../arm-none-eabi/lib/armv6-m\libc_nano.a(lib_a-memset.o)
                              c:/program files (x86)/atmel/studio/7.0/toolchain/arm/arm-gnu-toolchain/bin/../lib/gcc/arm-none-eabi/5.3.1/../../../../arm-none-eabi/lib/armv6-m/crt0.o (memset)
c:/program files (x86)/atmel/studio/7.0/toolchain/arm/arm-gnu-toolchain/bin/../lib/gcc/arm-none-eabi/5.3.1/../../../../arm-none-eabi/lib/armv6-m\libc_nano.a(lib_a-printf.o)
                              src/OCTO_USART.o (printf)
c:/program files (x86)/atmel/studio/7.0/toolchain/arm/arm-gnu-toolchain/bin/../lib/gcc/arm-none-eabi/5.3.1/../../../../arm-none-eabi/lib/armv6-m\libc_nano.a(lib_a-puts.o)
                              src/main.o (puts)
[...]
Memory Configuration

Name             Origin             Length             Attributes
rom              0x00000000         0x00040000         xr
ram              0x20000000         0x00008000         xrw
*default*        0x00000000         0xffffffff

Linker script and memory map

LOAD c:/program files (x86)/atmel/studio/7.0/toolchain/arm/arm-gnu-toolchain/bin/../lib/gcc/arm-none-eabi/5.3.1/armv6-m/crti.o
LOAD c:/program files (x86)/atmel/studio/7.0/toolchain/arm/arm-gnu-toolchain/bin/../lib/gcc/arm-none-eabi/5.3.1/armv6-m/crtbegin.o
LOAD c:/program files (x86)/atmel/studio/7.0/toolchain/arm/arm-gnu-toolchain/bin/../lib/gcc/arm-none-eabi/5.3.1/../../../../arm-none-eabi/lib/armv6-m/crt0.o
LOAD src/ASF/sam0/drivers/extint/extint_callback.o
LOAD src/ASF/sam0/drivers/extint/extint_sam_d_r/extint.o
LOAD src/OCTO_USART.o
LOAD src/ASF/common2/services/delay/sam0/systick_counter.o
LOAD src/ASF/sam0/drivers/rtc/rtc_sam_d_r/rtc_count.o
LOAD src/ASF/sam0/drivers/rtc/rtc_sam_d_r/rtc_count_interrupt.o
LOAD src/ASF/sam0/utils/stdio/read.o
LOAD src/ASF/sam0/utils/stdio/write.o
LOAD src/OCTO_ADC.o
LOAD src/OCTO_DAC.o
LOAD src/OCTO_I2C.o
LOAD src/OCTO_RTC.o
LOAD src/ASF/sam0/drivers/adc/adc_sam_d_r/adc.o
LOAD src/ASF/sam0/drivers/adc/adc_sam_d_r/adc_callback.o
LOAD src/ASF/sam0/drivers/dac/dac_sam_d_c/dac.o
LOAD src/ASF/sam0/drivers/dac/dac_sam_d_c/dac_callback.o
LOAD src/ASF/sam0/drivers/port/port.o
LOAD src/ASF/sam0/drivers/sercom/i2c/i2c_sam0/i2c_master.o
LOAD src/ASF/sam0/drivers/sercom/i2c/i2c_sam0/i2c_master_interrupt.o
LOAD src/ASF/sam0/drivers/sercom/sercom.o
LOAD src/ASF/sam0/drivers/sercom/usart/usart.o
LOAD src/ASF/sam0/drivers/sercom/usart/usart_interrupt.o
LOAD src/ASF/sam0/drivers/sercom/sercom_interrupt.o
LOAD src/ASF/common2/boards/user_board/init.o
LOAD src/ASF/common/utils/interrupt/interrupt_sam_nvic.o
LOAD src/ASF/sam0/drivers/system/clock/clock_samd21_r21_da/clock.o
LOAD src/ASF/sam0/drivers/system/clock/clock_samd21_r21_da/gclk.o
LOAD src/ASF/sam0/drivers/system/interrupt/system_interrupt.o
LOAD src/ASF/sam0/drivers/system/pinmux/pinmux.o
LOAD src/ASF/sam0/drivers/system/system.o
LOAD src/ASF/sam0/utils/cmsis/samd21/source/gcc/startup_samd21.o
LOAD src/ASF/sam0/utils/cmsis/samd21/source/system_samd21.o
LOAD src/ASF/sam0/utils/syscalls/gcc/syscalls.o
LOAD src/main.o
START GROUP
LOAD ../src/ASF/thirdparty/CMSIS/Lib/GCC\libarm_cortexM0l_math.a
LOAD c:/program files (x86)/atmel/studio/7.0/toolchain/arm/arm-gnu-toolchain/bin/../lib/gcc/arm-none-eabi/5.3.1/../../../../arm-none-eabi/lib/armv6-m\libm.a
END GROUP
START GROUP
LOAD c:/program files (x86)/atmel/studio/7.0/toolchain/arm/arm-gnu-toolchain/bin/../lib/gcc/arm-none-eabi/5.3.1/armv6-m\libgcc.a
LOAD c:/program files (x86)/atmel/studio/7.0/toolchain/arm/arm-gnu-toolchain/bin/../lib/gcc/arm-none-eabi/5.3.1/../../../../arm-none-eabi/lib/armv6-m\libc_nano.a
END GROUP
START GROUP
LOAD c:/program files (x86)/atmel/studio/7.0/toolchain/arm/arm-gnu-toolchain/bin/../lib/gcc/arm-none-eabi/5.3.1/armv6-m\libgcc.a
LOAD c:/program files (x86)/atmel/studio/7.0/toolchain/arm/arm-gnu-toolchain/bin/../lib/gcc/arm-none-eabi/5.3.1/../../../../arm-none-eabi/lib/armv6-m\libc_nano.a
END GROUP
LOAD c:/program files (x86)/atmel/studio/7.0/toolchain/arm/arm-gnu-toolchain/bin/../lib/gcc/arm-none-eabi/5.3.1/armv6-m/crtend.o
LOAD c:/program files (x86)/atmel/studio/7.0/toolchain/arm/arm-gnu-toolchain/bin/../lib/gcc/arm-none-eabi/5.3.1/armv6-m/crtn.o
                0x00002000                STACK_SIZE = DEFINED (STACK_SIZE)?STACK_SIZE:DEFINED (__stack_size__)?__stack_size__:0x2000

.text           0x00000000     0x68c4
                0x00000000                . = ALIGN (0x4)
                0x00000000                _sfixed = .
 *(.vectors .vectors.*)
 .vectors       0x00000000       0xb4 src/ASF/sam0/utils/cmsis/samd21/source/gcc/startup_samd21.o
                0x00000000                exception_table
 *(.text .text.* .gnu.linkonce.t.*)
 .text          0x000000b4       0x60 c:/program files (x86)/atmel/studio/7.0/toolchain/arm/arm-gnu-toolchain/bin/../lib/gcc/arm-none-eabi/5.3.1/armv6-m/crtbegin.o
 .text.EIC_Handler
                0x00000114       0x68 src/ASF/sam0/drivers/extint/extint_callback.o
                0x00000114                EIC_Handler
 .text._extint_enable
                0x0000017c       0x18 src/ASF/sam0/drivers/extint/extint_sam_d_r/extint.o
 .text._system_extint_init
                0x00000194       0x6c src/ASF/sam0/drivers/extint/extint_sam_d_r/extint.o
                0x00000194                _system_extint_init
 .text.usart_serial_getchar
                0x00000200       0x2c src/OCTO_USART.o
 .text.usart_serial_putchar
                0x0000022c       0x18 src/OCTO_USART.o
 .text.configure_usart
                0x00000244      0x168 src/OCTO_USART.o
                0x00000244                configure_usart
 .text.configure_usart_callbacks
                0x000003ac       0x34 src/OCTO_USART.o
                0x000003ac                configure_usart_callbacks
 .text.bt_usart_write_job
                0x000003e0       0x18 src/OCTO_USART.o
                0x000003e0                bt_usart_write_job
 .text.bt_usart_receive_job
                0x000003f8       0x1c src/OCTO_USART.o
                0x000003f8                bt_usart_receive_job
 .text.received_bt
                0x00000414       0xb4 src/OCTO_USART.o
                0x00000414                received_bt
 .text.usart_read_callback
                0x000004c8       0x58 src/OCTO_USART.o
                0x000004c8                usart_read_callback
 .text.send_board_info
                0x00000520       0x98 src/OCTO_USART.o
                0x00000520                send_board_info
 .text.clean_array
                0x000005b8       0x18 src/OCTO_USART.o
                0x000005b8                clean_array
 .text.usart_write_callback
                0x000005d0       0x20 src/OCTO_USART.o
                0x000005d0                usart_write_callback
 .text.delay_init
                0x000005f0       0x40 src/ASF/common2/services/delay/sam0/systick_counter.o
                0x000005f0                delay_init
 .text.delay_cycles_us
                0x00000630       0x2c src/ASF/common2/services/delay/sam0/systick_counter.o
                0x00000630                delay_cycles_us
 .text.rtc_count_is_syncing
                0x0000065c        0x8 src/ASF/sam0/drivers/rtc/rtc_sam_d_r/rtc_count.o
 .text.rtc_count_enable
                0x00000664       0x28 src/ASF/sam0/drivers/rtc/rtc_sam_d_r/rtc_count.o
                0x00000664                rtc_count_enable
 .text.rtc_count_disable
                0x0000068c       0x2c src/ASF/sam0/drivers/rtc/rtc_sam_d_r/rtc_count.o
                0x0000068c                rtc_count_disable
 .text.rtc_count_reset
                0x000006b8       0x2c src/ASF/sam0/drivers/rtc/rtc_sam_d_r/rtc_count.o
                0x000006b8                rtc_count_reset
 .text.rtc_count_set_compare
                0x000006e4       0x5c src/ASF/sam0/drivers/rtc/rtc_sam_d_r/rtc_count.o
                0x000006e4                rtc_count_set_compare
 .text.rtc_count_init
                0x00000740       0xe0 src/ASF/sam0/drivers/rtc/rtc_sam_d_r/rtc_count.o
                0x00000740                rtc_count_init
 .text.rtc_count_set_period
                0x00000820       0x24 src/ASF/sam0/drivers/rtc/rtc_sam_d_r/rtc_count.o
                0x00000820                rtc_count_set_period
 .text.rtc_count_register_callback
                0x00000844       0x38 src/ASF/sam0/drivers/rtc/rtc_sam_d_r/rtc_count_interrupt.o
                0x00000844                rtc_count_register_callback
 .text.rtc_count_enable_callback
                0x0000087c       0x28 src/ASF/sam0/drivers/rtc/rtc_sam_d_r/rtc_count_interrupt.o
                0x0000087c                rtc_count_enable_callback
 .text.RTC_Handler
                0x000008a4       0x50 src/ASF/sam0/drivers/rtc/rtc_sam_d_r/rtc_count_interrupt.o
                0x000008a4                RTC_Handler
 .text._read    0x000008f4       0x40 src/ASF/sam0/utils/stdio/read.o
                0x000008f4                _read
 .text._write   0x00000934       0x50 src/ASF/sam0/utils/stdio/write.o
                0x00000934                _write
 .text.configure_adc_VMPPT
                0x00000984       0x60 src/OCTO_ADC.o
                0x00000984                configure_adc_VMPPT
 .text.configure_adc_TEMP
                0x000009e4       0x60 src/OCTO_ADC.o
                0x000009e4                configure_adc_TEMP
 .text.turn_off_adc
                0x00000a44       0x34 src/OCTO_ADC.o
                0x00000a44                turn_off_adc
 .text.get_value_VMPPT
                0x00000a78       0x94 src/OCTO_ADC.o
                0x00000a78                get_value_VMPPT
 .text.get_value_TEMP
                0x00000b0c       0xa4 src/OCTO_ADC.o
                0x00000b0c                get_value_TEMP
 .text.configure_dac
                0x00000bb0       0x38 src/OCTO_DAC.o
                0x00000bb0                configure_dac
 .text.set_led_bright_perthousand
                0x00000be8       0x30 src/OCTO_DAC.o
                0x00000be8                set_led_bright_perthousand
 .text.configure_gas_gauge
                0x00000c18       0xb0 src/OCTO_I2C.o
                0x00000c18                configure_gas_gauge
 .text.gas_gauge_read
                0x00000cc8       0x5c src/OCTO_I2C.o
                0x00000cc8                gas_gauge_read
 .text.rtc_overflow_callback
                0x00000d24       0x10 src/OCTO_RTC.o
                0x00000d24                rtc_overflow_callback
 .text.configure_rtc_count
                0x00000d34       0x64 src/OCTO_RTC.o
                0x00000d34                configure_rtc_count
 .text.get_tick
                0x00000d98        0xc src/OCTO_RTC.o
                0x00000d98                get_tick
 .text.tick_elapsed
                0x00000da4        0xc src/OCTO_RTC.o
                0x00000da4                tick_elapsed
 .text.adc_get_config_defaults
                0x00000db0       0x48 src/ASF/sam0/drivers/adc/adc_sam_d_r/adc.o
                0x00000db0                adc_get_config_defaults
 .text.adc_init
                0x00000df8      0x42c src/ASF/sam0/drivers/adc/adc_sam_d_r/adc.o
                0x00000df8                adc_init
 .text.ADC_Handler
                0x00001224       0xbc src/ASF/sam0/drivers/adc/adc_sam_d_r/adc_callback.o
                0x00001224                ADC_Handler
 .text.dac_is_syncing
                0x000012e0        0x8 src/ASF/sam0/drivers/dac/dac_sam_d_c/dac.o
                0x000012e0                dac_is_syncing
 .text.dac_get_config_defaults
                0x000012e8       0x14 src/ASF/sam0/drivers/dac/dac_sam_d_c/dac.o
                0x000012e8                dac_get_config_defaults
 .text.dac_init
                0x000012fc       0xd8 src/ASF/sam0/drivers/dac/dac_sam_d_c/dac.o
                0x000012fc                dac_init
 .text.dac_enable
                0x000013d4       0x3c src/ASF/sam0/drivers/dac/dac_sam_d_c/dac.o
                0x000013d4                dac_enable
 .text.dac_chan_write
                0x00001410       0x28 src/ASF/sam0/drivers/dac/dac_sam_d_c/dac.o
                0x00001410                dac_chan_write
 .text.DAC_Handler
                0x00001438       0xa4 src/ASF/sam0/drivers/dac/dac_sam_d_c/dac_callback.o
                0x00001438                DAC_Handler
 .text.port_pin_set_config
                0x000014dc       0x24 src/ASF/sam0/drivers/port/port.o
                0x000014dc                port_pin_set_config
 .text._i2c_master_wait_for_sync
                0x00001500        0xc src/ASF/sam0/drivers/sercom/i2c/i2c_sam0/i2c_master.o
 .text.i2c_master_init
                0x0000150c      0x2e0 src/ASF/sam0/drivers/sercom/i2c/i2c_sam0/i2c_master.o
                0x0000150c                i2c_master_init
 .text._i2c_master_address_response
                0x000017ec       0x30 src/ASF/sam0/drivers/sercom/i2c/i2c_sam0/i2c_master.o
                0x000017ec                _i2c_master_address_response
 .text._i2c_master_wait_for_bus
                0x0000181c       0x30 src/ASF/sam0/drivers/sercom/i2c/i2c_sam0/i2c_master.o
                0x0000181c                _i2c_master_wait_for_bus
 .text._i2c_master_send_hs_master_code
                0x0000184c       0x20 src/ASF/sam0/drivers/sercom/i2c/i2c_sam0/i2c_master.o
                0x0000184c                _i2c_master_send_hs_master_code
 .text._i2c_master_read_packet
                0x0000186c      0x198 src/ASF/sam0/drivers/sercom/i2c/i2c_sam0/i2c_master.o
 .text.i2c_master_read_packet_wait
                0x00001a04       0x20 src/ASF/sam0/drivers/sercom/i2c/i2c_sam0/i2c_master.o
                0x00001a04                i2c_master_read_packet_wait
 .text._i2c_master_wait_for_sync
                0x00001a24        0xc src/ASF/sam0/drivers/sercom/i2c/i2c_sam0/i2c_master_interrupt.o
 .text._i2c_master_read
                0x00001a30       0x84 src/ASF/sam0/drivers/sercom/i2c/i2c_sam0/i2c_master_interrupt.o
 .text._i2c_master_write
                0x00001ab4       0x3c src/ASF/sam0/drivers/sercom/i2c/i2c_sam0/i2c_master_interrupt.o
 .text._i2c_master_interrupt_handler
                0x00001af0      0x1d4 src/ASF/sam0/drivers/sercom/i2c/i2c_sam0/i2c_master_interrupt.o
                0x00001af0                _i2c_master_interrupt_handler
 .text._sercom_get_sync_baud_val
                0x00001cc4       0x28 src/ASF/sam0/drivers/sercom/sercom.o
                0x00001cc4                _sercom_get_sync_baud_val
 .text._sercom_get_async_baud_val
                0x00001cec      0x1c8 src/ASF/sam0/drivers/sercom/sercom.o
                0x00001cec                _sercom_get_async_baud_val
 .text.sercom_set_gclk_generator
                0x00001eb4       0x4c src/ASF/sam0/drivers/sercom/sercom.o
                0x00001eb4                sercom_set_gclk_generator
 .text._sercom_get_default_pad
                0x00001f00      0x108 src/ASF/sam0/drivers/sercom/sercom.o
                0x00001f00                _sercom_get_default_pad
 .text._sercom_get_sercom_inst_index
                0x00002008       0x44 src/ASF/sam0/drivers/sercom/sercom.o
                0x00002008                _sercom_get_sercom_inst_index
 .text.usart_init
                0x0000204c      0x338 src/ASF/sam0/drivers/sercom/usart/usart.o
                0x0000204c                usart_init
 .text.usart_write_wait
                0x00002384       0x2c src/ASF/sam0/drivers/sercom/usart/usart.o
                0x00002384                usart_write_wait
 .text.usart_read_wait
                0x000023b0       0x70 src/ASF/sam0/drivers/sercom/usart/usart.o
                0x000023b0                usart_read_wait
 .text._usart_write_buffer
                0x00002420       0x3c src/ASF/sam0/drivers/sercom/usart/usart_interrupt.o
                0x00002420                _usart_write_buffer
 .text._usart_read_buffer
                0x0000245c       0x50 src/ASF/sam0/drivers/sercom/usart/usart_interrupt.o
                0x0000245c                _usart_read_buffer
 .text.usart_register_callback
                0x000024ac       0x18 src/ASF/sam0/drivers/sercom/usart/usart_interrupt.o
                0x000024ac                usart_register_callback
 .text.usart_write_buffer_job
                0x000024c4       0x20 src/ASF/sam0/drivers/sercom/usart/usart_interrupt.o
                0x000024c4                usart_write_buffer_job
 .text.usart_read_buffer_job
                0x000024e4       0x20 src/ASF/sam0/drivers/sercom/usart/usart_interrupt.o
                0x000024e4                usart_read_buffer_job
 .text._usart_interrupt_handler
                0x00002504      0x18c src/ASF/sam0/drivers/sercom/usart/usart_interrupt.o
                0x00002504                _usart_interrupt_handler
 .text._sercom_default_handler
                0x00002690        0x4 src/ASF/sam0/drivers/sercom/sercom_interrupt.o
 .text._sercom_set_handler
                0x00002694       0x40 src/ASF/sam0/drivers/sercom/sercom_interrupt.o
                0x00002694                _sercom_set_handler
 .text._sercom_get_interrupt_vector
                0x000026d4       0x2c src/ASF/sam0/drivers/sercom/sercom_interrupt.o
                0x000026d4                _sercom_get_interrupt_vector
 .text.SERCOM0_Handler
                0x00002700       0x10 src/ASF/sam0/drivers/sercom/sercom_interrupt.o
                0x00002700                SERCOM0_Handler
 .text.SERCOM1_Handler
                0x00002710       0x10 src/ASF/sam0/drivers/sercom/sercom_interrupt.o
                0x00002710                SERCOM1_Handler
 .text.SERCOM2_Handler
                0x00002720       0x10 src/ASF/sam0/drivers/sercom/sercom_interrupt.o
                0x00002720                SERCOM2_Handler
 .text.SERCOM3_Handler
                0x00002730       0x10 src/ASF/sam0/drivers/sercom/sercom_interrupt.o
                0x00002730                SERCOM3_Handler
 .text.system_board_init
                0x00002740       0x64 src/ASF/common2/boards/user_board/init.o
                0x00002740                board_init
                0x00002740                system_board_init
 .text.cpu_irq_enter_critical
                0x000027a4       0x40 src/ASF/common/utils/interrupt/interrupt_sam_nvic.o
                0x000027a4                cpu_irq_enter_critical
 .text.cpu_irq_leave_critical
                0x000027e4       0x30 src/ASF/common/utils/interrupt/interrupt_sam_nvic.o
                0x000027e4                cpu_irq_leave_critical
 .text.system_clock_source_get_hz
                0x00002814       0x90 src/ASF/sam0/drivers/system/clock/clock_samd21_r21_da/clock.o
                0x00002814                system_clock_source_get_hz
 .text.system_clock_source_osc8m_set_config
                0x000028a4       0x3c src/ASF/sam0/drivers/system/clock/clock_samd21_r21_da/clock.o
                0x000028a4                system_clock_source_osc8m_set_config
 .text.system_clock_source_osc32k_set_config
                0x000028e0       0x88 src/ASF/sam0/drivers/system/clock/clock_samd21_r21_da/clock.o
                0x000028e0                system_clock_source_osc32k_set_config
 .text.system_clock_source_enable
                0x00002968       0xa8 src/ASF/sam0/drivers/system/clock/clock_samd21_r21_da/clock.o
                0x00002968                system_clock_source_enable
 .text.system_clock_init
                0x00002a10       0xec src/ASF/sam0/drivers/system/clock/clock_samd21_r21_da/clock.o
                0x00002a10                system_clock_init
 .text.system_gclk_init
                0x00002afc       0x24 src/ASF/sam0/drivers/system/clock/clock_samd21_r21_da/gclk.o
                0x00002afc                system_gclk_init
 .text.system_gclk_gen_set_config
                0x00002b20       0xb8 src/ASF/sam0/drivers/system/clock/clock_samd21_r21_da/gclk.o
                0x00002b20                system_gclk_gen_set_config
 .text.system_gclk_gen_enable
                0x00002bd8       0x44 src/ASF/sam0/drivers/system/clock/clock_samd21_r21_da/gclk.o
                0x00002bd8                system_gclk_gen_enable
 .text.system_gclk_gen_get_hz
                0x00002c1c       0x8c src/ASF/sam0/drivers/system/clock/clock_samd21_r21_da/gclk.o
                0x00002c1c                system_gclk_gen_get_hz
 .text.system_gclk_chan_enable
                0x00002ca8       0x30 src/ASF/sam0/drivers/system/clock/clock_samd21_r21_da/gclk.o
                0x00002ca8                system_gclk_chan_enable
 .text.system_gclk_chan_disable
                0x00002cd8       0x5c src/ASF/sam0/drivers/system/clock/clock_samd21_r21_da/gclk.o
                0x00002cd8                system_gclk_chan_disable
 .text.system_gclk_chan_set_config
                0x00002d34       0x1c src/ASF/sam0/drivers/system/clock/clock_samd21_r21_da/gclk.o
                0x00002d34                system_gclk_chan_set_config
 .text.system_gclk_chan_get_hz
                0x00002d50       0x34 src/ASF/sam0/drivers/system/clock/clock_samd21_r21_da/gclk.o
                0x00002d50                system_gclk_chan_get_hz
 .text._system_pinmux_config
                0x00002d84       0xa8 src/ASF/sam0/drivers/system/pinmux/pinmux.o
 .text.system_pinmux_pin_set_config
                0x00002e2c       0x30 src/ASF/sam0/drivers/system/pinmux/pinmux.o
                0x00002e2c                system_pinmux_pin_set_config
 .text._system_dummy_init
                0x00002e5c        0x4 src/ASF/sam0/drivers/system/system.o
                0x00002e5c                _system_events_init
                0x00002e5c                _system_dummy_init
                0x00002e5c                _system_divas_init
 .text.system_init
                0x00002e60       0x2c src/ASF/sam0/drivers/system/system.o
                0x00002e60                system_init
 .text.Dummy_Handler
                0x00002e8c        0x4 src/ASF/sam0/utils/cmsis/samd21/source/gcc/startup_samd21.o
                0x00002e8c                DMAC_Handler
                0x00002e8c                HardFault_Handler
                0x00002e8c                AC_Handler
                0x00002e8c                SysTick_Handler
                0x00002e8c                PendSV_Handler
                0x00002e8c                NMI_Handler
                0x00002e8c                TCC1_Handler
                0x00002e8c                TCC0_Handler
                0x00002e8c                WDT_Handler
                0x00002e8c                TC4_Handler
                0x00002e8c                USB_Handler
                0x00002e8c                TC3_Handler
                0x00002e8c                Dummy_Handler
                0x00002e8c                PM_Handler
                0x00002e8c                SVC_Handler
                0x00002e8c                TCC2_Handler
                0x00002e8c                EVSYS_Handler
                0x00002e8c                I2S_Handler
                0x00002e8c                NVMCTRL_Handler
                0x00002e8c                PTC_Handler
                0x00002e8c                TC5_Handler
                0x00002e8c                SYSCTRL_Handler
 .text.Reset_Handler
                0x00002e90       0xf8 src/ASF/sam0/utils/cmsis/samd21/source/gcc/startup_samd21.o
                0x00002e90                Reset_Handler
 .text._sbrk    0x00002f88       0x24 src/ASF/sam0/utils/syscalls/gcc/syscalls.o
                0x00002f88                _sbrk
 .text._close   0x00002fac        0x8 src/ASF/sam0/utils/syscalls/gcc/syscalls.o
                0x00002fac                _close
 .text._fstat   0x00002fb4        0xc src/ASF/sam0/utils/syscalls/gcc/syscalls.o
                0x00002fb4                _fstat
 .text._isatty  0x00002fc0        0x4 src/ASF/sam0/utils/syscalls/gcc/syscalls.o
                0x00002fc0                _isatty
 .text._lseek   0x00002fc4        0x4 src/ASF/sam0/utils/syscalls/gcc/syscalls.o
                0x00002fc4                _lseek
 .text.configure_OCTO_peripheral
                0x00002fc8      0x124 src/main.o
                0x00002fc8                configure_OCTO_peripheral
 .text.detect_bcap_touch
                0x000030ec      0x12c src/main.o
                0x000030ec                detect_bcap_touch
 .text.change_light_state
                0x00003218        0xc src/main.o
                0x00003218                change_light_state
 .text.change_light_freq
                0x00003224        0xc src/main.o
                0x00003224                change_light_freq
 .text.change_light_bright
                0x00003230        0xc src/main.o
                0x00003230                change_light_bright
 .text.update_bright
                0x0000323c       0x44 src/main.o
                0x0000323c                update_bright
 .text.turn_lights
                0x00003280       0x20 src/main.o
                0x00003280                turn_lights
 .text.drive_light
                0x000032a0       0x80 src/main.o
                0x000032a0                drive_light
 .text.main     0x00003320       0xc4 src/main.o
                0x00003320                main
 .text          0x000033e4      0x114 c:/program files (x86)/atmel/studio/7.0/toolchain/arm/arm-gnu-toolchain/bin/../lib/gcc/arm-none-eabi/5.3.1/armv6-m\libgcc.a(_udivsi3.o)
                0x000033e4                __aeabi_uidiv
                0x000033e4                __udivsi3
                0x000034f0                __aeabi_uidivmod
 .text          0x000034f8      0x1d4 c:/program files (x86)/atmel/studio/7.0/toolchain/arm/arm-gnu-toolchain/bin/../lib/gcc/arm-none-eabi/5.3.1/armv6-m\libgcc.a(_divsi3.o)
                0x000034f8                __divsi3
                0x000034f8                __aeabi_idiv
                0x000036c4                __aeabi_idivmod
 .text          0x000036cc        0x4 c:/program files (x86)/atmel/studio/7.0/toolchain/arm/arm-gnu-toolchain/bin/../lib/gcc/arm-none-eabi/5.3.1/armv6-m\libgcc.a(_dvmd_tls.o)
                0x000036cc                __aeabi_idiv0
                0x000036cc                __aeabi_ldiv0
 .text          0x000036d0       0x58 c:/program files (x86)/atmel/studio/7.0/toolchain/arm/arm-gnu-toolchain/bin/../lib/gcc/arm-none-eabi/5.3.1/armv6-m\libgcc.a(_muldi3.o)
                0x000036d0                __muldi3
                0x000036d0                __aeabi_lmul
 .text          0x00003728      0x658 c:/program files (x86)/atmel/studio/7.0/toolchain/arm/arm-gnu-toolchain/bin/../lib/gcc/arm-none-eabi/5.3.1/armv6-m\libgcc.a(adddf3.o)
                0x00003728                __aeabi_dadd
 .text          0x00003d80      0x62c c:/program files (x86)/atmel/studio/7.0/toolchain/arm/arm-gnu-toolchain/bin/../lib/gcc/arm-none-eabi/5.3.1/armv6-m\libgcc.a(divdf3.o)
                0x00003d80                __aeabi_ddiv
 .text          0x000043ac      0x4f4 c:/program files (x86)/atmel/studio/7.0/toolchain/arm/arm-gnu-toolchain/bin/../lib/gcc/arm-none-eabi/5.3.1/armv6-m\libgcc.a(muldf3.o)
                0x000043ac                __aeabi_dmul
 .text          0x000048a0      0x6a8 c:/program files (x86)/atmel/studio/7.0/toolchain/arm/arm-gnu-toolchain/bin/../lib/gcc/arm-none-eabi/5.3.1/armv6-m\libgcc.a(subdf3.o)
                0x000048a0                __aeabi_dsub
 .text          0x00004f48       0x6c c:/program files (x86)/atmel/studio/7.0/toolchain/arm/arm-gnu-toolchain/bin/../lib/gcc/arm-none-eabi/5.3.1/armv6-m\libgcc.a(fixdfsi.o)
                0x00004f48                __aeabi_d2iz
 .text          0x00004fb4       0x70 c:/program files (x86)/atmel/studio/7.0/toolchain/arm/arm-gnu-toolchain/bin/../lib/gcc/arm-none-eabi/5.3.1/armv6-m\libgcc.a(floatunsidf.o)
                0x00004fb4                __aeabi_ui2d
 .text          0x00005024       0x3c c:/program files (x86)/atmel/studio/7.0/toolchain/arm/arm-gnu-toolchain/bin/../lib/gcc/arm-none-eabi/5.3.1/armv6-m\libgcc.a(_clzsi2.o)
                0x00005024                __clzsi2
 .text.__libc_init_array
                0x00005060       0x4c c:/program files (x86)/atmel/studio/7.0/toolchain/arm/arm-gnu-toolchain/bin/../lib/gcc/arm-none-eabi/5.3.1/../../../../arm-none-eabi/lib/armv6-m\libc_nano.a(lib_a-init.o)
                0x00005060                __libc_init_array
 .text.memcpy   0x000050ac       0x12 c:/program files (x86)/atmel/studio/7.0/toolchain/arm/arm-gnu-toolchain/bin/../lib/gcc/arm-none-eabi/5.3.1/../../../../arm-none-eabi/lib/armv6-m\libc_nano.a(lib_a-memcpy-stub.o)
                0x000050ac                memcpy
 .text.memset   0x000050be       0x10 c:/program files (x86)/atmel/studio/7.0/toolchain/arm/arm-gnu-toolchain/bin/../lib/gcc/arm-none-eabi/5.3.1/../../../../arm-none-eabi/lib/armv6-m\libc_nano.a(lib_a-memset.o)
                0x000050be                memset
 *fill*         0x000050ce        0x2 
 .text.printf   0x000050d0       0x34 c:/program files (x86)/atmel/studio/7.0/toolchain/arm/arm-gnu-toolchain/bin/../lib/gcc/arm-none-eabi/5.3.1/../../../../arm-none-eabi/lib/armv6-m\libc_nano.a(lib_a-printf.o)
                0x000050d0                iprintf
                0x000050d0                printf
 .text._puts_r  0x00005104       0xc4 c:/program files (x86)/atmel/studio/7.0/toolchain/arm/arm-gnu-toolchain/bin/../lib/gcc/arm-none-eabi/5.3.1/../../../../arm-none-eabi/lib/armv6-m\libc_nano.a(lib_a-puts.o)
                0x00005104                _puts_r
 .text.puts     0x000051c8       0x14 c:/program files (x86)/atmel/studio/7.0/toolchain/arm/arm-gnu-toolchain/bin/../lib/gcc/arm-none-eabi/5.3.1/../../../../arm-none-eabi/lib/armv6-m\libc_nano.a(lib_a-puts.o)
                0x000051c8                puts
 .text.setbuf   0x000051dc       0x12 c:/program files (x86)/atmel/studio/7.0/toolchain/arm/arm-gnu-toolchain/bin/../lib/gcc/arm-none-eabi/5.3.1/../../../../arm-none-eabi/lib/armv6-m\libc_nano.a(lib_a-setbuf.o)
                0x000051dc                setbuf
 *fill*         0x000051ee        0x2 
 .text.setvbuf  0x000051f0      0x160 c:/program files (x86)/atmel/studio/7.0/toolchain/arm/arm-gnu-toolchain/bin/../lib/gcc/arm-none-eabi/5.3.1/../../../../arm-none-eabi/lib/armv6-m\libc_nano.a(lib_a-setvbuf.o)
                0x000051f0                setvbuf
 .text.sprintf  0x00005350       0x44 c:/program files (x86)/atmel/studio/7.0/toolchain/arm/arm-gnu-toolchain/bin/../lib/gcc/arm-none-eabi/5.3.1/../../../../arm-none-eabi/lib/armv6-m\libc_nano.a(lib_a-sprintf.o)
                0x00005350                siprintf
                0x00005350                sprintf
 .text          0x00005394       0x14 c:/program files (x86)/atmel/studio/7.0/toolchain/arm/arm-gnu-toolchain/bin/../lib/gcc/arm-none-eabi/5.3.1/../../../../arm-none-eabi/lib/armv6-m\libc_nano.a(lib_a-strcmp.o)
                0x00005394                strcmp
 .text.__swbuf_r
                0x000053a8       0xb0 c:/program files (x86)/atmel/studio/7.0/toolchain/arm/arm-gnu-toolchain/bin/../lib/gcc/arm-none-eabi/5.3.1/../../../../arm-none-eabi/lib/armv6-m\libc_nano.a(lib_a-wbuf.o)
                0x000053a8                __swbuf_r
 .text.__swsetup_r
                0x00005458       0xec c:/program files (x86)/atmel/studio/7.0/toolchain/arm/arm-gnu-toolchain/bin/../lib/gcc/arm-none-eabi/5.3.1/../../../../arm-none-eabi/lib/armv6-m\libc_nano.a(lib_a-wsetup.o)
                0x00005458                __swsetup_r
 .text.__sflush_r
                0x00005544      0x10c c:/program files (x86)/atmel/studio/7.0/toolchain/arm/arm-gnu-toolchain/bin/../lib/gcc/arm-none-eabi/5.3.1/../../../../arm-none-eabi/lib/armv6-m\libc_nano.a(lib_a-fflush.o)
                0x00005544                __sflush_r
 .text._fflush_r
                0x00005650       0x58 c:/program files (x86)/atmel/studio/7.0/toolchain/arm/arm-gnu-toolchain/bin/../lib/gcc/arm-none-eabi/5.3.1/../../../../arm-none-eabi/lib/armv6-m\libc_nano.a(lib_a-fflush.o)
                0x00005650                _fflush_r
 .text._cleanup_r
                0x000056a8       0x10 c:/program files (x86)/atmel/studio/7.0/toolchain/arm/arm-gnu-toolchain/bin/../lib/gcc/arm-none-eabi/5.3.1/../../../../arm-none-eabi/lib/armv6-m\libc_nano.a(lib_a-findfp.o)
                0x000056a8                _cleanup_r
 .text.std.isra.0
                0x000056b8       0x48 c:/program files (x86)/atmel/studio/7.0/toolchain/arm/arm-gnu-toolchain/bin/../lib/gcc/arm-none-eabi/5.3.1/../../../../arm-none-eabi/lib/armv6-m\libc_nano.a(lib_a-findfp.o)
 .text.__sfmoreglue
                0x00005700       0x2c c:/program files (x86)/atmel/studio/7.0/toolchain/arm/arm-gnu-toolchain/bin/../lib/gcc/arm-none-eabi/5.3.1/../../../../arm-none-eabi/lib/armv6-m\libc_nano.a(lib_a-findfp.o)
                0x00005700                __sfmoreglue
 .text.__sinit  0x0000572c       0x68 c:/program files (x86)/atmel/studio/7.0/toolchain/arm/arm-gnu-toolchain/bin/../lib/gcc/arm-none-eabi/5.3.1/../../../../arm-none-eabi/lib/armv6-m\libc_nano.a(lib_a-findfp.o)
                0x0000572c                __sinit
 .text.__sfp    0x00005794       0x7c c:/program files (x86)/atmel/studio/7.0/toolchain/arm/arm-gnu-toolchain/bin/../lib/gcc/arm-none-eabi/5.3.1/../../../../arm-none-eabi/lib/armv6-m\libc_nano.a(lib_a-findfp.o)
                0x00005794                __sfp
 .text._fwalk_reent
                0x00005810       0x42 c:/program files (x86)/atmel/studio/7.0/toolchain/arm/arm-gnu-toolchain/bin/../lib/gcc/arm-none-eabi/5.3.1/../../../../arm-none-eabi/lib/armv6-m\libc_nano.a(lib_a-fwalk.o)
                0x00005810                _fwalk_reent
 *fill*         0x00005852        0x2 
 .text.__swhatbuf_r
                0x00005854       0x4c c:/program files (x86)/atmel/studio/7.0/toolchain/arm/arm-gnu-toolchain/bin/../lib/gcc/arm-none-eabi/5.3.1/../../../../arm-none-eabi/lib/armv6-m\libc_nano.a(lib_a-makebuf.o)
                0x00005854                __swhatbuf_r
 .text.__smakebuf_r
                0x000058a0       0x7c c:/program files (x86)/atmel/studio/7.0/toolchain/arm/arm-gnu-toolchain/bin/../lib/gcc/arm-none-eabi/5.3.1/../../../../arm-none-eabi/lib/armv6-m\libc_nano.a(lib_a-makebuf.o)
                0x000058a0                __smakebuf_r
 .text.malloc   0x0000591c       0x14 c:/program files (x86)/atmel/studio/7.0/toolchain/arm/arm-gnu-toolchain/bin/../lib/gcc/arm-none-eabi/5.3.1/../../../../arm-none-eabi/lib/armv6-m\libc_nano.a(lib_a-malloc.o)
                0x0000591c                malloc
 .text._free_r  0x00005930       0x8c c:/program files (x86)/atmel/studio/7.0/toolchain/arm/arm-gnu-toolchain/bin/../lib/gcc/arm-none-eabi/5.3.1/../../../../arm-none-eabi/lib/armv6-m\libc_nano.a(lib_a-nano-freer.o)
                0x00005930                _free_r
 .text._malloc_r
                0x000059bc       0xac c:/program files (x86)/atmel/studio/7.0/toolchain/arm/arm-gnu-toolchain/bin/../lib/gcc/arm-none-eabi/5.3.1/../../../../arm-none-eabi/lib/armv6-m\libc_nano.a(lib_a-nano-mallocr.o)
                0x000059bc                _malloc_r
 .text.__ssputs_r
                0x00005a68       0xc4 c:/program files (x86)/atmel/studio/7.0/toolchain/arm/arm-gnu-toolchain/bin/../lib/gcc/arm-none-eabi/5.3.1/../../../../arm-none-eabi/lib/armv6-m\libc_nano.a(lib_a-nano-svfprintf.o)
                0x00005a68                __ssputs_r
 .text._svfprintf_r
                0x00005b2c      0x1fc c:/program files (x86)/atmel/studio/7.0/toolchain/arm/arm-gnu-toolchain/bin/../lib/gcc/arm-none-eabi/5.3.1/../../../../arm-none-eabi/lib/armv6-m\libc_nano.a(lib_a-nano-svfprintf.o)
                0x00005b2c                _svfiprintf_r
                0x00005b2c                _svfprintf_r
 .text.__sfputc_r
                0x00005d28       0x2a c:/program files (x86)/atmel/studio/7.0/toolchain/arm/arm-gnu-toolchain/bin/../lib/gcc/arm-none-eabi/5.3.1/../../../../arm-none-eabi/lib/armv6-m\libc_nano.a(lib_a-nano-vfprintf.o)
 .text.__sfputs_r
                0x00005d52       0x24 c:/program files (x86)/atmel/studio/7.0/toolchain/arm/arm-gnu-toolchain/bin/../lib/gcc/arm-none-eabi/5.3.1/../../../../arm-none-eabi/lib/armv6-m\libc_nano.a(lib_a-nano-vfprintf.o)
                0x00005d52                __sfputs_r
 *fill*         0x00005d76        0x2 
 .text._vfprintf_r
                0x00005d78      0x238 c:/program files (x86)/atmel/studio/7.0/toolchain/arm/arm-gnu-toolchain/bin/../lib/gcc/arm-none-eabi/5.3.1/../../../../arm-none-eabi/lib/armv6-m\libc_nano.a(lib_a-nano-vfprintf.o)
                0x00005d78                _vfprintf_r
                0x00005d78                _vfiprintf_r
 .text._printf_common
                0x00005fb0       0xdc c:/program files (x86)/atmel/studio/7.0/toolchain/arm/arm-gnu-toolchain/bin/../lib/gcc/arm-none-eabi/5.3.1/../../../../arm-none-eabi/lib/armv6-m\libc_nano.a(lib_a-nano-vfprintf_i.o)
                0x00005fb0                _printf_common
 .text._printf_i
                0x0000608c      0x244 c:/program files (x86)/atmel/studio/7.0/toolchain/arm/arm-gnu-toolchain/bin/../lib/gcc/arm-none-eabi/5.3.1/../../../../arm-none-eabi/lib/armv6-m\libc_nano.a(lib_a-nano-vfprintf_i.o)
                0x0000608c                _printf_i
 .text._sbrk_r  0x000062d0       0x24 c:/program files (x86)/atmel/studio/7.0/toolchain/arm/arm-gnu-toolchain/bin/../lib/gcc/arm-none-eabi/5.3.1/../../../../arm-none-eabi/lib/armv6-m\libc_nano.a(lib_a-sbrkr.o)
                0x000062d0                _sbrk_r
 .text.__sread  0x000062f4       0x28 c:/program files (x86)/atmel/studio/7.0/toolchain/arm/arm-gnu-toolchain/bin/../lib/gcc/arm-none-eabi/5.3.1/../../../../arm-none-eabi/lib/armv6-m\libc_nano.a(lib_a-stdio.o)
                0x000062f4                __sread
 .text.__swrite
                0x0000631c       0x38 c:/program files (x86)/atmel/studio/7.0/toolchain/arm/arm-gnu-toolchain/bin/../lib/gcc/arm-none-eabi/5.3.1/../../../../arm-none-eabi/lib/armv6-m\libc_nano.a(lib_a-stdio.o)
                0x0000631c                __swrite
 .text.__sseek  0x00006354       0x2c c:/program files (x86)/atmel/studio/7.0/toolchain/arm/arm-gnu-toolchain/bin/../lib/gcc/arm-none-eabi/5.3.1/../../../../arm-none-eabi/lib/armv6-m\libc_nano.a(lib_a-stdio.o)
                0x00006354                __sseek
 .text.__sclose
                0x00006380        0xc c:/program files (x86)/atmel/studio/7.0/toolchain/arm/arm-gnu-toolchain/bin/../lib/gcc/arm-none-eabi/5.3.1/../../../../arm-none-eabi/lib/armv6-m\libc_nano.a(lib_a-stdio.o)
                0x00006380                __sclose
 .text._write_r
                0x0000638c       0x28 c:/program files (x86)/atmel/studio/7.0/toolchain/arm/arm-gnu-toolchain/bin/../lib/gcc/arm-none-eabi/5.3.1/../../../../arm-none-eabi/lib/armv6-m\libc_nano.a(lib_a-writer.o)
                0x0000638c                _write_r
 .text._close_r
                0x000063b4       0x24 c:/program files (x86)/atmel/studio/7.0/toolchain/arm/arm-gnu-toolchain/bin/../lib/gcc/arm-none-eabi/5.3.1/../../../../arm-none-eabi/lib/armv6-m\libc_nano.a(lib_a-closer.o)
                0x000063b4                _close_r
 .text._fstat_r
                0x000063d8       0x24 c:/program files (x86)/atmel/studio/7.0/toolchain/arm/arm-gnu-toolchain/bin/../lib/gcc/arm-none-eabi/5.3.1/../../../../arm-none-eabi/lib/armv6-m\libc_nano.a(lib_a-fstatr.o)
                0x000063d8                _fstat_r
 .text._isatty_r
                0x000063fc       0x24 c:/program files (x86)/atmel/studio/7.0/toolchain/arm/arm-gnu-toolchain/bin/../lib/gcc/arm-none-eabi/5.3.1/../../../../arm-none-eabi/lib/armv6-m\libc_nano.a(lib_a-isattyr.o)
                0x000063fc                _isatty_r
 .text._lseek_r
                0x00006420       0x28 c:/program files (x86)/atmel/studio/7.0/toolchain/arm/arm-gnu-toolchain/bin/../lib/gcc/arm-none-eabi/5.3.1/../../../../arm-none-eabi/lib/armv6-m\libc_nano.a(lib_a-lseekr.o)
                0x00006420                _lseek_r
 .text.memchr   0x00006448       0x16 c:/program files (x86)/atmel/studio/7.0/toolchain/arm/arm-gnu-toolchain/bin/../lib/gcc/arm-none-eabi/5.3.1/../../../../arm-none-eabi/lib/armv6-m\libc_nano.a(lib_a-memchr-stub.o)
                0x00006448                memchr
 .text.memmove  0x0000645e       0x2a c:/program files (x86)/atmel/studio/7.0/toolchain/arm/arm-gnu-toolchain/bin/../lib/gcc/arm-none-eabi/5.3.1/../../../../arm-none-eabi/lib/armv6-m\libc_nano.a(lib_a-memmove.o)
                0x0000645e                memmove
 .text._realloc_r
                0x00006488       0x4c c:/program files (x86)/atmel/studio/7.0/toolchain/arm/arm-gnu-toolchain/bin/../lib/gcc/arm-none-eabi/5.3.1/../../../../arm-none-eabi/lib/armv6-m\libc_nano.a(lib_a-nano-reallocr.o)
                0x00006488                _realloc_r
 .text._read_r  0x000064d4       0x28 c:/program files (x86)/atmel/studio/7.0/toolchain/arm/arm-gnu-toolchain/bin/../lib/gcc/arm-none-eabi/5.3.1/../../../../arm-none-eabi/lib/armv6-m\libc_nano.a(lib_a-readr.o)
                0x000064d4                _read_r
 .text._malloc_usable_size_r
                0x000064fc       0x16 c:/program files (x86)/atmel/studio/7.0/toolchain/arm/arm-gnu-toolchain/bin/../lib/gcc/arm-none-eabi/5.3.1/../../../../arm-none-eabi/lib/armv6-m\libc_nano.a(lib_a-nano-msizer.o)
                0x000064fc                _malloc_usable_size_r
 *(.glue_7t)
 .glue_7t       0x00006512        0x0 linker stubs
 *(.glue_7)
 .glue_7        0x00006512        0x0 linker stubs
 *(.rodata .rodata* .gnu.linkonce.r.*)
 *fill*         0x00006512        0x2 
 .rodata.str1.4
                0x00006514       0x27 src/OCTO_USART.o
 *fill*         0x0000653b        0x1 
 .rodata        0x0000653c        0xc src/OCTO_I2C.o
 .rodata.adc_init
                0x00006548       0xd4 src/ASF/sam0/drivers/adc/adc_sam_d_r/adc.o
 .rodata        0x0000661c       0x50 src/ASF/sam0/drivers/adc/adc_sam_d_r/adc.o
 .rodata        0x0000666c       0x10 src/ASF/sam0/drivers/sercom/sercom.o
 .rodata        0x0000667c        0x4 src/ASF/sam0/drivers/sercom/sercom_interrupt.o
 .rodata.system_clock_source_get_hz
                0x00006680       0x24 src/ASF/sam0/drivers/system/clock/clock_samd21_r21_da/clock.o
 .rodata.system_clock_source_enable
                0x000066a4       0x24 src/ASF/sam0/drivers/system/clock/clock_samd21_r21_da/clock.o
 .rodata.str1.4
                0x000066c8       0xc0 src/main.o
                                 0xbf (size before relaxing)
 .rodata        0x00006788       0x40 c:/program files (x86)/atmel/studio/7.0/toolchain/arm/arm-gnu-toolchain/bin/../lib/gcc/arm-none-eabi/5.3.1/armv6-m\libgcc.a(divdf3.o)
 .rodata        0x000067c8       0x40 c:/program files (x86)/atmel/studio/7.0/toolchain/arm/arm-gnu-toolchain/bin/../lib/gcc/arm-none-eabi/5.3.1/armv6-m\libgcc.a(muldf3.o)
 .rodata.str1.1
                0x00006808        0x2 c:/program files (x86)/atmel/studio/7.0/toolchain/arm/arm-gnu-toolchain/bin/../lib/gcc/arm-none-eabi/5.3.1/../../../../arm-none-eabi/lib/armv6-m\libc_nano.a(lib_a-impure.o)
 *fill*         0x0000680a        0x2 
 .rodata._global_impure_ptr
                0x0000680c        0x4 c:/program files (x86)/atmel/studio/7.0/toolchain/arm/arm-gnu-toolchain/bin/../lib/gcc/arm-none-eabi/5.3.1/../../../../arm-none-eabi/lib/armv6-m\libc_nano.a(lib_a-impure.o)
                0x0000680c                _global_impure_ptr
 .rodata.__sf_fake_stdin
                0x00006810       0x20 c:/program files (x86)/atmel/studio/7.0/toolchain/arm/arm-gnu-toolchain/bin/../lib/gcc/arm-none-eabi/5.3.1/../../../../arm-none-eabi/lib/armv6-m\libc_nano.a(lib_a-findfp.o)
                0x00006810                __sf_fake_stdin
 .rodata.__sf_fake_stdout
                0x00006830       0x20 c:/program files (x86)/atmel/studio/7.0/toolchain/arm/arm-gnu-toolchain/bin/../lib/gcc/arm-none-eabi/5.3.1/../../../../arm-none-eabi/lib/armv6-m\libc_nano.a(lib_a-findfp.o)
                0x00006830                __sf_fake_stdout
 .rodata.__sf_fake_stderr
                0x00006850       0x20 c:/program files (x86)/atmel/studio/7.0/toolchain/arm/arm-gnu-toolchain/bin/../lib/gcc/arm-none-eabi/5.3.1/../../../../arm-none-eabi/lib/armv6-m\libc_nano.a(lib_a-findfp.o)
                0x00006850                __sf_fake_stderr
 .rodata.str1.1
                0x00006870       0x11 c:/program files (x86)/atmel/studio/7.0/toolchain/arm/arm-gnu-toolchain/bin/../lib/gcc/arm-none-eabi/5.3.1/../../../../arm-none-eabi/lib/armv6-m\libc_nano.a(lib_a-nano-svfprintf.o)
 .rodata.str1.1
                0x00006881       0x11 c:/program files (x86)/atmel/studio/7.0/toolchain/arm/arm-gnu-toolchain/bin/../lib/gcc/arm-none-eabi/5.3.1/../../../../arm-none-eabi/lib/armv6-m\libc_nano.a(lib_a-nano-vfprintf.o)
 .rodata.str1.1
                0x00006881       0x22 c:/program files (x86)/atmel/studio/7.0/toolchain/arm/arm-gnu-toolchain/bin/../lib/gcc/arm-none-eabi/5.3.1/../../../../arm-none-eabi/lib/armv6-m\libc_nano.a(lib_a-nano-vfprintf_i.o)
 *(.ARM.extab* .gnu.linkonce.armextab.*)
                0x000068a4                . = ALIGN (0x4)
 *fill*         0x000068a3        0x1 
 *(.init)
 .init          0x000068a4        0x4 c:/program files (x86)/atmel/studio/7.0/toolchain/arm/arm-gnu-toolchain/bin/../lib/gcc/arm-none-eabi/5.3.1/armv6-m/crti.o
                0x000068a4                _init
 .init          0x000068a8        0x8 c:/program files (x86)/atmel/studio/7.0/toolchain/arm/arm-gnu-toolchain/bin/../lib/gcc/arm-none-eabi/5.3.1/armv6-m/crtn.o
                0x000068b0                . = ALIGN (0x4)
                0x000068b0                __preinit_array_start = .
 *(.preinit_array)
                0x000068b0                __preinit_array_end = .
                0x000068b0                . = ALIGN (0x4)
                0x000068b0                __init_array_start = .
 *(SORT(.init_array.*))
 *(.init_array)
 .init_array    0x000068b0        0x4 c:/program files (x86)/atmel/studio/7.0/toolchain/arm/arm-gnu-toolchain/bin/../lib/gcc/arm-none-eabi/5.3.1/armv6-m/crtbegin.o
                0x000068b4                __init_array_end = .
                0x000068b4                . = ALIGN (0x4)
 *crtbegin.o(.ctors)
 *(EXCLUDE_FILE(*crtend.o) .ctors)
 *(SORT(.ctors.*))
 *crtend.o(.ctors)
                0x000068b4                . = ALIGN (0x4)
 *(.fini)
 .fini          0x000068b4        0x4 c:/program files (x86)/atmel/studio/7.0/toolchain/arm/arm-gnu-toolchain/bin/../lib/gcc/arm-none-eabi/5.3.1/armv6-m/crti.o
                0x000068b4                _fini
 .fini          0x000068b8        0x8 c:/program files (x86)/atmel/studio/7.0/toolchain/arm/arm-gnu-toolchain/bin/../lib/gcc/arm-none-eabi/5.3.1/armv6-m/crtn.o
                0x000068c0                . = ALIGN (0x4)
                0x000068c0                __fini_array_start = .
 *(.fini_array)
 .fini_array    0x000068c0        0x4 c:/program files (x86)/atmel/studio/7.0/toolchain/arm/arm-gnu-toolchain/bin/../lib/gcc/arm-none-eabi/5.3.1/armv6-m/crtbegin.o
 *(SORT(.fini_array.*))
                0x000068c4                __fini_array_end = .
 *crtbegin.o(.dtors)
 *(EXCLUDE_FILE(*crtend.o) .dtors)
 *(SORT(.dtors.*))
 *crtend.o(.dtors)
                0x000068c4                . = ALIGN (0x4)
                0x000068c4                _efixed = .
                [!provide]                PROVIDE (__exidx_start, .)

.vfp11_veneer   0x000068c4        0x0
 .vfp11_veneer  0x000068c4        0x0 linker stubs

.v4_bx          0x000068c4        0x0
 .v4_bx         0x000068c4        0x0 linker stubs

.iplt           0x000068c4        0x0
 .iplt          0x000068c4        0x0 c:/program files (x86)/atmel/studio/7.0/toolchain/arm/arm-gnu-toolchain/bin/../lib/gcc/arm-none-eabi/5.3.1/armv6-m/crtbegin.o

.eh_frame       0x000068c4        0x0
 .eh_frame      0x000068c4        0x0 c:/program files (x86)/atmel/studio/7.0/toolchain/arm/arm-gnu-toolchain/bin/../lib/gcc/arm-none-eabi/5.3.1/armv6-m/crtbegin.o

.rel.dyn        0x000068c4        0x0
 .rel.iplt      0x000068c4        0x0 c:/program files (x86)/atmel/studio/7.0/toolchain/arm/arm-gnu-toolchain/bin/../lib/gcc/arm-none-eabi/5.3.1/armv6-m/crtbegin.o

.jcr            0x000068c4        0x0
 .jcr           0x000068c4        0x0 c:/program files (x86)/atmel/studio/7.0/toolchain/arm/arm-gnu-toolchain/bin/../lib/gcc/arm-none-eabi/5.3.1/armv6-m/crtbegin.o

.igot.plt       0x000068c4        0x0
 .igot.plt      0x000068c4        0x0 c:/program files (x86)/atmel/studio/7.0/toolchain/arm/arm-gnu-toolchain/bin/../lib/gcc/arm-none-eabi/5.3.1/armv6-m/crtbegin.o

.ARM.exidx
 *(.ARM.exidx* .gnu.linkonce.armexidx.*)
                [!provide]                PROVIDE (__exidx_end, .)
                0x000068c4                . = ALIGN (0x4)
                0x000068c4                _etext = .

.relocate       0x20000000       0x70 load address 0x000068c4
                0x20000000                . = ALIGN (0x4)
                0x20000000                _srelocate = .
 *(.ramfunc .ramfunc.*)
 *(.data .data.*)
 .data.cycles_per_us
                0x20000000        0x4 src/ASF/common2/services/delay/sam0/systick_counter.o
 .data.cycles_per_ms
                0x20000004        0x4 src/ASF/common2/services/delay/sam0/systick_counter.o
 .data.read_buffer
                0x20000008        0x2 src/OCTO_I2C.o
 .data.g_interrupt_enabled
                0x2000000a        0x1 src/ASF/common/utils/interrupt/interrupt_sam_nvic.o
                0x2000000a                g_interrupt_enabled
 *fill*         0x2000000b        0x1 
 .data.impure_data
                0x2000000c       0x60 c:/program files (x86)/atmel/studio/7.0/toolchain/arm/arm-gnu-toolchain/bin/../lib/gcc/arm-none-eabi/5.3.1/../../../../arm-none-eabi/lib/armv6-m\libc_nano.a(lib_a-impure.o)
 .data._impure_ptr
                0x2000006c        0x4 c:/program files (x86)/atmel/studio/7.0/toolchain/arm/arm-gnu-toolchain/bin/../lib/gcc/arm-none-eabi/5.3.1/../../../../arm-none-eabi/lib/armv6-m\libc_nano.a(lib_a-impure.o)
                0x2000006c                _impure_ptr
                0x20000070                . = ALIGN (0x4)
                0x20000070                _erelocate = .

.bss            0x20000070      0x1f0 load address 0x00006934
                0x20000070                . = ALIGN (0x4)
                0x20000070                _sbss = .
                0x20000070                _szero = .
 *(.bss .bss.*)
 .bss           0x20000070       0x1c c:/program files (x86)/atmel/studio/7.0/toolchain/arm/arm-gnu-toolchain/bin/../lib/gcc/arm-none-eabi/5.3.1/armv6-m/crtbegin.o
 .bss.bt_start_received
                0x2000008c        0x1 src/OCTO_USART.o
                0x2000008c                bt_start_received
 .bss.bt_connected
                0x2000008d        0x1 src/OCTO_USART.o
                0x2000008d                bt_connected
 .bss.bt_counting
                0x2000008e        0x1 src/OCTO_USART.o
                0x2000008e                bt_counting
 *fill*         0x2000008f        0x1 
 .bss.tick_counter
                0x20000090        0x4 src/OCTO_RTC.o
                0x20000090                tick_counter
 .bss._sercom_config
                0x20000094        0x2 src/ASF/sam0/drivers/sercom/sercom.o
 .bss._handler_table_initialized
                0x20000096        0x1 src/ASF/sam0/drivers/sercom/sercom_interrupt.o
 *fill*         0x20000097        0x1 
 .bss._sercom_interrupt_handlers
                0x20000098       0x10 src/ASF/sam0/drivers/sercom/sercom_interrupt.o
 .bss.cpu_irq_critical_section_counter
                0x200000a8        0x4 src/ASF/common/utils/interrupt/interrupt_sam_nvic.o
 .bss.cpu_irq_prev_interrupt_state
                0x200000ac        0x1 src/ASF/common/utils/interrupt/interrupt_sam_nvic.o
 *fill*         0x200000ad        0x3 
 .bss._system_clock_inst
                0x200000b0       0x18 src/ASF/sam0/drivers/system/clock/clock_samd21_r21_da/clock.o
 .bss.heap.5286
                0x200000c8        0x4 src/ASF/sam0/utils/syscalls/gcc/syscalls.o
 .bss.__malloc_sbrk_start
                0x200000cc        0x4 c:/program files (x86)/atmel/studio/7.0/toolchain/arm/arm-gnu-toolchain/bin/../lib/gcc/arm-none-eabi/5.3.1/../../../../arm-none-eabi/lib/armv6-m\libc_nano.a(lib_a-nano-mallocr.o)
                0x200000cc                __malloc_sbrk_start
 .bss.__malloc_free_list
                0x200000d0        0x4 c:/program files (x86)/atmel/studio/7.0/toolchain/arm/arm-gnu-toolchain/bin/../lib/gcc/arm-none-eabi/5.3.1/../../../../arm-none-eabi/lib/armv6-m\libc_nano.a(lib_a-nano-mallocr.o)
                0x200000d0                __malloc_free_list
 *(COMMON)
 COMMON         0x200000d4        0x1 src/ASF/sam0/drivers/extint/extint_callback.o
                0x200000d4                _current_channel
 *fill*         0x200000d5        0x3 
 COMMON         0x200000d8       0x40 src/ASF/sam0/drivers/extint/extint_sam_d_r/extint.o
                0x200000d8                _extint_dev
 COMMON         0x20000118       0x97 src/OCTO_USART.o
                0x20000118                bt_usart_instance
                0x2000014c                light_state
                0x20000152                bright_reference
                0x20000154                dbg_usart_instance
                0x20000188                rx_buffer
                0x2000018c                led_timer
                0x20000190                bt_message
                0x200001a4                bcap_timer
                0x200001a8                bcap_counter
                0x200001ac                pin_conf
 *fill*         0x200001af        0x1 
 COMMON         0x200001b0        0x4 src/ASF/sam0/drivers/rtc/rtc_sam_d_r/rtc_count.o
                0x200001b0                _rtc_instance
 COMMON         0x200001b4        0x4 src/ASF/sam0/utils/stdio/read.o
                0x200001b4                ptr_get
 COMMON         0x200001b8        0x8 src/ASF/sam0/utils/stdio/write.o
                0x200001b8                ptr_put
                0x200001bc                stdio_base
 COMMON         0x200001c0       0x20 src/OCTO_ADC.o
                0x200001c0                adc_instance
 COMMON         0x200001e0       0x24 src/OCTO_DAC.o
                0x200001e0                dac_instance
 COMMON         0x20000204       0x28 src/OCTO_I2C.o
                0x20000204                gas_gauge_instance
 COMMON         0x2000022c       0x18 src/OCTO_RTC.o
                0x2000022c                rtc_instance
 COMMON         0x20000244        0x4 src/ASF/sam0/drivers/adc/adc_sam_d_r/adc_callback.o
                0x20000244                _adc_instances
 COMMON         0x20000248        0x4 src/ASF/sam0/drivers/dac/dac_sam_d_c/dac_callback.o
                0x20000248                _dac_instances
 COMMON         0x2000024c       0x10 src/ASF/sam0/drivers/sercom/sercom_interrupt.o
                0x2000024c                _sercom_instances
 COMMON         0x2000025c        0x4 c:/program files (x86)/atmel/studio/7.0/toolchain/arm/arm-gnu-toolchain/bin/../lib/gcc/arm-none-eabi/5.3.1/../../../../arm-none-eabi/lib/armv6-m\libc_nano.a(lib_a-reent.o)
                0x2000025c                errno
                0x20000260                . = ALIGN (0x4)
                0x20000260                _ebss = .
                0x20000260                _ezero = .

.stack          0x20000260     0x2000 load address 0x00006b24
                0x20000260                . = ALIGN (0x8)
                0x20000260                _sstack = .
                0x20002260                . = (. + STACK_SIZE)
 *fill*         0x20000260     0x2000 
                0x20002260                . = ALIGN (0x8)
                0x20002260                _estack = .
                0x20002260                . = ALIGN (0x4)
                0x20002260                _end = .
OUTPUT(OCTO.elf elf32-littlearm)

.ARM.attributes
                0x00000000       0x28
 .ARM.attributes
                0x00000000       0x1e c:/program files (x86)/atmel/studio/7.0/toolchain/arm/arm-gnu-toolchain/bin/../lib/gcc/arm-none-eabi/5.3.1/armv6-m/crti.o
 .ARM.attributes
                0x0000001e       0x2c c:/program files (x86)/atmel/studio/7.0/toolchain/arm/arm-gnu-toolchain/bin/../lib/gcc/arm-none-eabi/5.3.1/armv6-m/crtbegin.o
 .ARM.attributes
                0x0000004a       0x32 src/ASF/sam0/drivers/extint/extint_callback.o
 .ARM.attributes
                0x0000007c       0x32 src/ASF/sam0/drivers/extint/extint_sam_d_r/extint.o
 .ARM.attributes
                0x000000ae       0x32 src/OCTO_USART.o
 .ARM.attributes
                0x000000e0       0x32 src/ASF/common2/services/delay/sam0/systick_counter.o
 .ARM.attributes
                0x00000112       0x32 src/ASF/sam0/drivers/rtc/rtc_sam_d_r/rtc_count.o
 .ARM.attributes
                0x00000144       0x32 src/ASF/sam0/drivers/rtc/rtc_sam_d_r/rtc_count_interrupt.o
 .ARM.attributes
                0x00000176       0x32 src/ASF/sam0/utils/stdio/read.o
 .ARM.attributes
                0x000001a8       0x32 src/ASF/sam0/utils/stdio/write.o
 .ARM.attributes
                0x000001da       0x32 src/OCTO_ADC.o
 .ARM.attributes
                0x0000020c       0x32 src/OCTO_DAC.o
 .ARM.attributes
                0x0000023e       0x32 src/OCTO_I2C.o
 .ARM.attributes
                0x00000270       0x32 src/OCTO_RTC.o
 .ARM.attributes
                0x000002a2       0x32 src/ASF/sam0/drivers/adc/adc_sam_d_r/adc.o
 .ARM.attributes
                0x000002d4       0x32 src/ASF/sam0/drivers/adc/adc_sam_d_r/adc_callback.o
 .ARM.attributes
                0x00000306       0x32 src/ASF/sam0/drivers/dac/dac_sam_d_c/dac.o
 .ARM.attributes
                0x00000338       0x32 src/ASF/sam0/drivers/dac/dac_sam_d_c/dac_callback.o
 .ARM.attributes
                0x0000036a       0x32 src/ASF/sam0/drivers/port/port.o
 .ARM.attributes
                0x0000039c       0x32 src/ASF/sam0/drivers/sercom/i2c/i2c_sam0/i2c_master.o
 .ARM.attributes
                0x000003ce       0x32 src/ASF/sam0/drivers/sercom/i2c/i2c_sam0/i2c_master_interrupt.o
 .ARM.attributes
                0x00000400       0x32 src/ASF/sam0/drivers/sercom/sercom.o
 .ARM.attributes
                0x00000432       0x32 src/ASF/sam0/drivers/sercom/usart/usart.o
 .ARM.attributes
                0x00000464       0x32 src/ASF/sam0/drivers/sercom/usart/usart_interrupt.o
 .ARM.attributes
                0x00000496       0x32 src/ASF/sam0/drivers/sercom/sercom_interrupt.o
 .ARM.attributes
                0x000004c8       0x32 src/ASF/common2/boards/user_board/init.o
 .ARM.attributes
                0x000004fa       0x32 src/ASF/common/utils/interrupt/interrupt_sam_nvic.o
 .ARM.attributes
                0x0000052c       0x32 src/ASF/sam0/drivers/system/clock/clock_samd21_r21_da/clock.o
 .ARM.attributes
                0x0000055e       0x32 src/ASF/sam0/drivers/system/clock/clock_samd21_r21_da/gclk.o
 .ARM.attributes
                0x00000590       0x32 src/ASF/sam0/drivers/system/pinmux/pinmux.o
 .ARM.attributes
                0x000005c2       0x32 src/ASF/sam0/drivers/system/system.o
 .ARM.attributes
                0x000005f4       0x32 src/ASF/sam0/utils/cmsis/samd21/source/gcc/startup_samd21.o
 .ARM.attributes
                0x00000626       0x32 src/ASF/sam0/utils/syscalls/gcc/syscalls.o
 .ARM.attributes
                0x00000658       0x32 src/main.o
 .ARM.attributes
                0x0000068a       0x1e c:/program files (x86)/atmel/studio/7.0/toolchain/arm/arm-gnu-toolchain/bin/../lib/gcc/arm-none-eabi/5.3.1/armv6-m\libgcc.a(_udivsi3.o)
 .ARM.attributes
                0x000006a8       0x1e c:/program files (x86)/atmel/studio/7.0/toolchain/arm/arm-gnu-toolchain/bin/../lib/gcc/arm-none-eabi/5.3.1/armv6-m\libgcc.a(_divsi3.o)
 .ARM.attributes
                0x000006c6       0x1e c:/program files (x86)/atmel/studio/7.0/toolchain/arm/arm-gnu-toolchain/bin/../lib/gcc/arm-none-eabi/5.3.1/armv6-m\libgcc.a(_dvmd_tls.o)
 .ARM.attributes
                0x000006e4       0x2c c:/program files (x86)/atmel/studio/7.0/toolchain/arm/arm-gnu-toolchain/bin/../lib/gcc/arm-none-eabi/5.3.1/armv6-m\libgcc.a(_muldi3.o)
 .ARM.attributes
                0x00000710       0x2c c:/program files (x86)/atmel/studio/7.0/toolchain/arm/arm-gnu-toolchain/bin/../lib/gcc/arm-none-eabi/5.3.1/armv6-m\libgcc.a(adddf3.o)
 .ARM.attributes
                0x0000073c       0x2c c:/program files (x86)/atmel/studio/7.0/toolchain/arm/arm-gnu-toolchain/bin/../lib/gcc/arm-none-eabi/5.3.1/armv6-m\libgcc.a(divdf3.o)
 .ARM.attributes
                0x00000768       0x2c c:/program files (x86)/atmel/studio/7.0/toolchain/arm/arm-gnu-toolchain/bin/../lib/gcc/arm-none-eabi/5.3.1/armv6-m\libgcc.a(muldf3.o)
 .ARM.attributes
                0x00000794       0x2c c:/program files (x86)/atmel/studio/7.0/toolchain/arm/arm-gnu-toolchain/bin/../lib/gcc/arm-none-eabi/5.3.1/armv6-m\libgcc.a(subdf3.o)
 .ARM.attributes
                0x000007c0       0x2c c:/program files (x86)/atmel/studio/7.0/toolchain/arm/arm-gnu-toolchain/bin/../lib/gcc/arm-none-eabi/5.3.1/armv6-m\libgcc.a(fixdfsi.o)
 .ARM.attributes
                0x000007ec       0x2c c:/program files (x86)/atmel/studio/7.0/toolchain/arm/arm-gnu-toolchain/bin/../lib/gcc/arm-none-eabi/5.3.1/armv6-m\libgcc.a(floatunsidf.o)
 .ARM.attributes
                0x00000818       0x1e c:/program files (x86)/atmel/studio/7.0/toolchain/arm/arm-gnu-toolchain/bin/../lib/gcc/arm-none-eabi/5.3.1/armv6-m\libgcc.a(_clzsi2.o)
 .ARM.attributes
                0x00000836       0x2c c:/program files (x86)/atmel/studio/7.0/toolchain/arm/arm-gnu-toolchain/bin/../lib/gcc/arm-none-eabi/5.3.1/../../../../arm-none-eabi/lib/armv6-m\libc_nano.a(lib_a-impure.o)
 .ARM.attributes
                0x00000862       0x2c c:/program files (x86)/atmel/studio/7.0/toolchain/arm/arm-gnu-toolchain/bin/../lib/gcc/arm-none-eabi/5.3.1/../../../../arm-none-eabi/lib/armv6-m\libc_nano.a(lib_a-init.o)
 .ARM.attributes
                0x0000088e       0x2c c:/program files (x86)/atmel/studio/7.0/toolchain/arm/arm-gnu-toolchain/bin/../lib/gcc/arm-none-eabi/5.3.1/../../../../arm-none-eabi/lib/armv6-m\libc_nano.a(lib_a-memcpy-stub.o)
 .ARM.attributes
                0x000008ba       0x2c c:/program files (x86)/atmel/studio/7.0/toolchain/arm/arm-gnu-toolchain/bin/../lib/gcc/arm-none-eabi/5.3.1/../../../../arm-none-eabi/lib/armv6-m\libc_nano.a(lib_a-memset.o)
 .ARM.attributes
                0x000008e6       0x2c c:/program files (x86)/atmel/studio/7.0/toolchain/arm/arm-gnu-toolchain/bin/../lib/gcc/arm-none-eabi/5.3.1/../../../../arm-none-eabi/lib/armv6-m\libc_nano.a(lib_a-printf.o)
 .ARM.attributes
                0x00000912       0x2c c:/program files (x86)/atmel/studio/7.0/toolchain/arm/arm-gnu-toolchain/bin/../lib/gcc/arm-none-eabi/5.3.1/../../../../arm-none-eabi/lib/armv6-m\libc_nano.a(lib_a-puts.o)
 .ARM.attributes
                0x0000093e       0x2c c:/program files (x86)/atmel/studio/7.0/toolchain/arm/arm-gnu-toolchain/bin/../lib/gcc/arm-none-eabi/5.3.1/../../../../arm-none-eabi/lib/armv6-m\libc_nano.a(lib_a-setbuf.o)
 .ARM.attributes
                0x0000096a       0x2c c:/program files (x86)/atmel/studio/7.0/toolchain/arm/arm-gnu-toolchain/bin/../lib/gcc/arm-none-eabi/5.3.1/../../../../arm-none-eabi/lib/armv6-m\libc_nano.a(lib_a-setvbuf.o)
 .ARM.attributes
                0x00000996       0x2c c:/program files (x86)/atmel/studio/7.0/toolchain/arm/arm-gnu-toolchain/bin/../lib/gcc/arm-none-eabi/5.3.1/../../../../arm-none-eabi/lib/armv6-m\libc_nano.a(lib_a-sprintf.o)
 .ARM.attributes
                0x000009c2       0x1c c:/program files (x86)/atmel/studio/7.0/toolchain/arm/arm-gnu-toolchain/bin/../lib/gcc/arm-none-eabi/5.3.1/../../../../arm-none-eabi/lib/armv6-m\libc_nano.a(lib_a-strcmp.o)
 .ARM.attributes
                0x000009de       0x2c c:/program files (x86)/atmel/studio/7.0/toolchain/arm/arm-gnu-toolchain/bin/../lib/gcc/arm-none-eabi/5.3.1/../../../../arm-none-eabi/lib/armv6-m\libc_nano.a(lib_a-wbuf.o)
 .ARM.attributes
                0x00000a0a       0x2c c:/program files (x86)/atmel/studio/7.0/toolchain/arm/arm-gnu-toolchain/bin/../lib/gcc/arm-none-eabi/5.3.1/../../../../arm-none-eabi/lib/armv6-m\libc_nano.a(lib_a-wsetup.o)
 .ARM.attributes
                0x00000a36       0x2c c:/program files (x86)/atmel/studio/7.0/toolchain/arm/arm-gnu-toolchain/bin/../lib/gcc/arm-none-eabi/5.3.1/../../../../arm-none-eabi/lib/armv6-m\libc_nano.a(lib_a-fflush.o)
 .ARM.attributes
                0x00000a62       0x2c c:/program files (x86)/atmel/studio/7.0/toolchain/arm/arm-gnu-toolchain/bin/../lib/gcc/arm-none-eabi/5.3.1/../../../../arm-none-eabi/lib/armv6-m\libc_nano.a(lib_a-findfp.o)
 .ARM.attributes
                0x00000a8e       0x2c c:/program files (x86)/atmel/studio/7.0/toolchain/arm/arm-gnu-toolchain/bin/../lib/gcc/arm-none-eabi/5.3.1/../../../../arm-none-eabi/lib/armv6-m\libc_nano.a(lib_a-fwalk.o)
 .ARM.attributes
                0x00000aba       0x2c c:/program files (x86)/atmel/studio/7.0/toolchain/arm/arm-gnu-toolchain/bin/../lib/gcc/arm-none-eabi/5.3.1/../../../../arm-none-eabi/lib/armv6-m\libc_nano.a(lib_a-makebuf.o)
 .ARM.attributes
                0x00000ae6       0x2c c:/program files (x86)/atmel/studio/7.0/toolchain/arm/arm-gnu-toolchain/bin/../lib/gcc/arm-none-eabi/5.3.1/../../../../arm-none-eabi/lib/armv6-m\libc_nano.a(lib_a-malloc.o)
 .ARM.attributes
                0x00000b12       0x2c c:/program files (x86)/atmel/studio/7.0/toolchain/arm/arm-gnu-toolchain/bin/../lib/gcc/arm-none-eabi/5.3.1/../../../../arm-none-eabi/lib/armv6-m\libc_nano.a(lib_a-nano-freer.o)
 .ARM.attributes
                0x00000b3e       0x2c c:/program files (x86)/atmel/studio/7.0/toolchain/arm/arm-gnu-toolchain/bin/../lib/gcc/arm-none-eabi/5.3.1/../../../../arm-none-eabi/lib/armv6-m\libc_nano.a(lib_a-nano-mallocr.o)
 .ARM.attributes
                0x00000b6a       0x2c c:/program files (x86)/atmel/studio/7.0/toolchain/arm/arm-gnu-toolchain/bin/../lib/gcc/arm-none-eabi/5.3.1/../../../../arm-none-eabi/lib/armv6-m\libc_nano.a(lib_a-nano-svfprintf.o)
 .ARM.attributes
                0x00000b96       0x2c c:/program files (x86)/atmel/studio/7.0/toolchain/arm/arm-gnu-toolchain/bin/../lib/gcc/arm-none-eabi/5.3.1/../../../../arm-none-eabi/lib/armv6-m\libc_nano.a(lib_a-nano-vfprintf.o)
 .ARM.attributes
                0x00000bc2       0x2c c:/program files (x86)/atmel/studio/7.0/toolchain/arm/arm-gnu-toolchain/bin/../lib/gcc/arm-none-eabi/5.3.1/../../../../arm-none-eabi/lib/armv6-m\libc_nano.a(lib_a-nano-vfprintf_i.o)
 .ARM.attributes
                0x00000bee       0x2c c:/program files (x86)/atmel/studio/7.0/toolchain/arm/arm-gnu-toolchain/bin/../lib/gcc/arm-none-eabi/5.3.1/../../../../arm-none-eabi/lib/armv6-m\libc_nano.a(lib_a-sbrkr.o)
 .ARM.attributes
                0x00000c1a       0x2c c:/program files (x86)/atmel/studio/7.0/toolchain/arm/arm-gnu-toolchain/bin/../lib/gcc/arm-none-eabi/5.3.1/../../../../arm-none-eabi/lib/armv6-m\libc_nano.a(lib_a-stdio.o)
 .ARM.attributes
                0x00000c46       0x2c c:/program files (x86)/atmel/studio/7.0/toolchain/arm/arm-gnu-toolchain/bin/../lib/gcc/arm-none-eabi/5.3.1/../../../../arm-none-eabi/lib/armv6-m\libc_nano.a(lib_a-writer.o)
 .ARM.attributes
                0x00000c72       0x2c c:/program files (x86)/atmel/studio/7.0/toolchain/arm/arm-gnu-toolchain/bin/../lib/gcc/arm-none-eabi/5.3.1/../../../../arm-none-eabi/lib/armv6-m\libc_nano.a(lib_a-closer.o)
 .ARM.attributes
                0x00000c9e       0x2c c:/program files (x86)/atmel/studio/7.0/toolchain/arm/arm-gnu-toolchain/bin/../lib/gcc/arm-none-eabi/5.3.1/../../../../arm-none-eabi/lib/armv6-m\libc_nano.a(lib_a-fstatr.o)
 .ARM.attributes
                0x00000cca       0x2c c:/program files (x86)/atmel/studio/7.0/toolchain/arm/arm-gnu-toolchain/bin/../lib/gcc/arm-none-eabi/5.3.1/../../../../arm-none-eabi/lib/armv6-m\libc_nano.a(lib_a-isattyr.o)
 .ARM.attributes
                0x00000cf6       0x2c c:/program files (x86)/atmel/studio/7.0/toolchain/arm/arm-gnu-toolchain/bin/../lib/gcc/arm-none-eabi/5.3.1/../../../../arm-none-eabi/lib/armv6-m\libc_nano.a(lib_a-lseekr.o)
 .ARM.attributes
                0x00000d22       0x2c c:/program files (x86)/atmel/studio/7.0/toolchain/arm/arm-gnu-toolchain/bin/../lib/gcc/arm-none-eabi/5.3.1/../../../../arm-none-eabi/lib/armv6-m\libc_nano.a(lib_a-memchr-stub.o)
 .ARM.attributes
                0x00000d4e       0x2c c:/program files (x86)/atmel/studio/7.0/toolchain/arm/arm-gnu-toolchain/bin/../lib/gcc/arm-none-eabi/5.3.1/../../../../arm-none-eabi/lib/armv6-m\libc_nano.a(lib_a-memmove.o)
 .ARM.attributes
                0x00000d7a       0x2c c:/program files (x86)/atmel/studio/7.0/toolchain/arm/arm-gnu-toolchain/bin/../lib/gcc/arm-none-eabi/5.3.1/../../../../arm-none-eabi/lib/armv6-m\libc_nano.a(lib_a-nano-reallocr.o)
 .ARM.attributes
                0x00000da6       0x2c c:/program files (x86)/atmel/studio/7.0/toolchain/arm/arm-gnu-toolchain/bin/../lib/gcc/arm-none-eabi/5.3.1/../../../../arm-none-eabi/lib/armv6-m\libc_nano.a(lib_a-readr.o)
 .ARM.attributes
                0x00000dd2       0x2c c:/program files (x86)/atmel/studio/7.0/toolchain/arm/arm-gnu-toolchain/bin/../lib/gcc/arm-none-eabi/5.3.1/../../../../arm-none-eabi/lib/armv6-m\libc_nano.a(lib_a-reent.o)
 .ARM.attributes
                0x00000dfe       0x2c c:/program files (x86)/atmel/studio/7.0/toolchain/arm/arm-gnu-toolchain/bin/../lib/gcc/arm-none-eabi/5.3.1/../../../../arm-none-eabi/lib/armv6-m\libc_nano.a(lib_a-nano-msizer.o)
 .ARM.attributes
                0x00000e2a       0x1e c:/program files (x86)/atmel/studio/7.0/toolchain/arm/arm-gnu-toolchain/bin/../lib/gcc/arm-none-eabi/5.3.1/armv6-m/crtn.o

.comment        0x00000000       0x59
 .comment       0x00000000       0x59 src/ASF/sam0/drivers/extint/extint_callback.o
                                 0x5a (size before relaxing)
 .comment       0x00000059       0x5a src/ASF/sam0/drivers/extint/extint_sam_d_r/extint.o
 .comment       0x00000059       0x5a src/OCTO_USART.o
 .comment       0x00000059       0x5a src/ASF/common2/services/delay/sam0/systick_counter.o
 .comment       0x00000059       0x5a src/ASF/sam0/drivers/rtc/rtc_sam_d_r/rtc_count.o
 .comment       0x00000059       0x5a src/ASF/sam0/drivers/rtc/rtc_sam_d_r/rtc_count_interrupt.o
 .comment       0x00000059       0x5a src/ASF/sam0/utils/stdio/read.o
 .comment       0x00000059       0x5a src/ASF/sam0/utils/stdio/write.o
 .comment       0x00000059       0x5a src/OCTO_ADC.o
 .comment       0x00000059       0x5a src/OCTO_DAC.o
 .comment       0x00000059       0x5a src/OCTO_I2C.o
 .comment       0x00000059       0x5a src/OCTO_RTC.o
 .comment       0x00000059       0x5a src/ASF/sam0/drivers/adc/adc_sam_d_r/adc.o
 .comment       0x00000059       0x5a src/ASF/sam0/drivers/adc/adc_sam_d_r/adc_callback.o
 .comment       0x00000059       0x5a src/ASF/sam0/drivers/dac/dac_sam_d_c/dac.o
 .comment       0x00000059       0x5a src/ASF/sam0/drivers/dac/dac_sam_d_c/dac_callback.o
 .comment       0x00000059       0x5a src/ASF/sam0/drivers/port/port.o
 .comment       0x00000059       0x5a src/ASF/sam0/drivers/sercom/i2c/i2c_sam0/i2c_master.o
 .comment       0x00000059       0x5a src/ASF/sam0/drivers/sercom/i2c/i2c_sam0/i2c_master_interrupt.o
 .comment       0x00000059       0x5a src/ASF/sam0/drivers/sercom/sercom.o
 .comment       0x00000059       0x5a src/ASF/sam0/drivers/sercom/usart/usart.o
 .comment       0x00000059       0x5a src/ASF/sam0/drivers/sercom/usart/usart_interrupt.o
 .comment       0x00000059       0x5a src/ASF/sam0/drivers/sercom/sercom_interrupt.o
 .comment       0x00000059       0x5a src/ASF/common2/boards/user_board/init.o
 .comment       0x00000059       0x5a src/ASF/common/utils/interrupt/interrupt_sam_nvic.o
 .comment       0x00000059       0x5a src/ASF/sam0/drivers/system/clock/clock_samd21_r21_da/clock.o
 .comment       0x00000059       0x5a src/ASF/sam0/drivers/system/clock/clock_samd21_r21_da/gclk.o
 .comment       0x00000059       0x5a src/ASF/sam0/drivers/system/pinmux/pinmux.o
 .comment       0x00000059       0x5a src/ASF/sam0/drivers/system/system.o
 .comment       0x00000059       0x5a src/ASF/sam0/utils/cmsis/samd21/source/gcc/startup_samd21.o
 .comment       0x00000059       0x5a src/ASF/sam0/utils/syscalls/gcc/syscalls.o
 .comment       0x00000059       0x5a src/main.o

.debug_info     0x00000000    0x3c0e1
 .debug_info    0x00000000     0x10b9 src/ASF/sam0/drivers/extint/extint_callback.o
 .debug_info    0x000010b9     0x21dd src/ASF/sam0/drivers/extint/extint_sam_d_r/extint.o
 .debug_info    0x00003296     0x4339 src/OCTO_USART.o
 .debug_info    0x000075cf      0x26b src/ASF/common2/services/delay/sam0/systick_counter.o
 .debug_info    0x0000783a     0x2b29 src/ASF/sam0/drivers/rtc/rtc_sam_d_r/rtc_count.o
 .debug_info    0x0000a363     0x18a3 src/ASF/sam0/drivers/rtc/rtc_sam_d_r/rtc_count_interrupt.o
 .debug_info    0x0000bc06      0x1c4 src/ASF/sam0/utils/stdio/read.o
 .debug_info    0x0000bdca      0x1c1 src/ASF/sam0/utils/stdio/write.o
 .debug_info    0x0000bf8b     0x2842 src/OCTO_ADC.o
 .debug_info    0x0000e7cd     0x148f src/OCTO_DAC.o
 .debug_info    0x0000fc5c     0x336b src/OCTO_I2C.o
 .debug_info    0x00012fc7     0x2325 src/OCTO_RTC.o
 .debug_info    0x000152ec     0x352e src/ASF/sam0/drivers/adc/adc_sam_d_r/adc.o
 .debug_info    0x0001881a     0x12ef src/ASF/sam0/drivers/adc/adc_sam_d_r/adc_callback.o
 .debug_info    0x00019b09     0x2b49 src/ASF/sam0/drivers/dac/dac_sam_d_c/dac.o
 .debug_info    0x0001c652      0xe8f src/ASF/sam0/drivers/dac/dac_sam_d_c/dac_callback.o
 .debug_info    0x0001d4e1      0x984 src/ASF/sam0/drivers/port/port.o
 .debug_info    0x0001de65     0x465c src/ASF/sam0/drivers/sercom/i2c/i2c_sam0/i2c_master.o
 .debug_info    0x000224c1     0x289b src/ASF/sam0/drivers/sercom/i2c/i2c_sam0/i2c_master_interrupt.o
 .debug_info    0x00024d5c     0x253b src/ASF/sam0/drivers/sercom/sercom.o
 .debug_info    0x00027297     0x41a1 src/ASF/sam0/drivers/sercom/usart/usart.o
 .debug_info    0x0002b438     0x2789 src/ASF/sam0/drivers/sercom/usart/usart_interrupt.o
 .debug_info    0x0002dbc1     0x22c7 src/ASF/sam0/drivers/sercom/sercom_interrupt.o
 .debug_info    0x0002fe88     0x141b src/ASF/common2/boards/user_board/init.o
 .debug_info    0x000312a3      0x1ea src/ASF/common/utils/interrupt/interrupt_sam_nvic.o
 .debug_info    0x0003148d     0x2ed0 src/ASF/sam0/drivers/system/clock/clock_samd21_r21_da/clock.o
 .debug_info    0x0003435d     0x155a src/ASF/sam0/drivers/system/clock/clock_samd21_r21_da/gclk.o
 .debug_info    0x000358b7      0xae5 src/ASF/sam0/drivers/system/pinmux/pinmux.o
 .debug_info    0x0003639c      0x17c src/ASF/sam0/drivers/system/system.o
 .debug_info    0x00036518     0x3a83 src/ASF/sam0/utils/cmsis/samd21/source/gcc/startup_samd21.o
 .debug_info    0x00039f9b      0x428 src/ASF/sam0/utils/syscalls/gcc/syscalls.o
 .debug_info    0x0003a3c3     0x1d1e src/main.o

.debug_abbrev   0x00000000     0x5c81
 .debug_abbrev  0x00000000      0x299 src/ASF/sam0/drivers/extint/extint_callback.o
 .debug_abbrev  0x00000299      0x40f src/ASF/sam0/drivers/extint/extint_sam_d_r/extint.o
 .debug_abbrev  0x000006a8      0x459 src/OCTO_USART.o
 .debug_abbrev  0x00000b01      0x13e src/ASF/common2/services/delay/sam0/systick_counter.o
 .debug_abbrev  0x00000c3f      0x3ca src/ASF/sam0/drivers/rtc/rtc_sam_d_r/rtc_count.o
 .debug_abbrev  0x00001009      0x279 src/ASF/sam0/drivers/rtc/rtc_sam_d_r/rtc_count_interrupt.o
 .debug_abbrev  0x00001282      0x10a src/ASF/sam0/utils/stdio/read.o
 .debug_abbrev  0x0000138c       0xf7 src/ASF/sam0/utils/stdio/write.o
 .debug_abbrev  0x00001483      0x395 src/OCTO_ADC.o
 .debug_abbrev  0x00001818      0x2a3 src/OCTO_DAC.o
 .debug_abbrev  0x00001abb      0x382 src/OCTO_I2C.o
 .debug_abbrev  0x00001e3d      0x33e src/OCTO_RTC.o
 .debug_abbrev  0x0000217b      0x3b5 src/ASF/sam0/drivers/adc/adc_sam_d_r/adc.o
 .debug_abbrev  0x00002530      0x307 src/ASF/sam0/drivers/adc/adc_sam_d_r/adc_callback.o
 .debug_abbrev  0x00002837      0x3c8 src/ASF/sam0/drivers/dac/dac_sam_d_c/dac.o
 .debug_abbrev  0x00002bff      0x324 src/ASF/sam0/drivers/dac/dac_sam_d_c/dac_callback.o
 .debug_abbrev  0x00002f23      0x1dc src/ASF/sam0/drivers/port/port.o
 .debug_abbrev  0x000030ff      0x489 src/ASF/sam0/drivers/sercom/i2c/i2c_sam0/i2c_master.o
 .debug_abbrev  0x00003588      0x3a6 src/ASF/sam0/drivers/sercom/i2c/i2c_sam0/i2c_master_interrupt.o
 .debug_abbrev  0x0000392e      0x308 src/ASF/sam0/drivers/sercom/sercom.o
 .debug_abbrev  0x00003c36      0x3f8 src/ASF/sam0/drivers/sercom/usart/usart.o
 .debug_abbrev  0x0000402e      0x37f src/ASF/sam0/drivers/sercom/usart/usart_interrupt.o
 .debug_abbrev  0x000043ad      0x239 src/ASF/sam0/drivers/sercom/sercom_interrupt.o
 .debug_abbrev  0x000045e6      0x2c8 src/ASF/common2/boards/user_board/init.o
 .debug_abbrev  0x000048ae       0xf6 src/ASF/common/utils/interrupt/interrupt_sam_nvic.o
 .debug_abbrev  0x000049a4      0x3bf src/ASF/sam0/drivers/system/clock/clock_samd21_r21_da/clock.o
 .debug_abbrev  0x00004d63      0x338 src/ASF/sam0/drivers/system/clock/clock_samd21_r21_da/gclk.o
 .debug_abbrev  0x0000509b      0x2d2 src/ASF/sam0/drivers/system/pinmux/pinmux.o
 .debug_abbrev  0x0000536d       0xbb src/ASF/sam0/drivers/system/system.o
 .debug_abbrev  0x00005428      0x217 src/ASF/sam0/utils/cmsis/samd21/source/gcc/startup_samd21.o
 .debug_abbrev  0x0000563f      0x144 src/ASF/sam0/utils/syscalls/gcc/syscalls.o
 .debug_abbrev  0x00005783      0x4fe src/main.o

.debug_loc      0x00000000     0x8a1b
 .debug_loc     0x00000000      0x219 src/ASF/sam0/drivers/extint/extint_callback.o
 .debug_loc     0x00000219      0x413 src/ASF/sam0/drivers/extint/extint_sam_d_r/extint.o
 .debug_loc     0x0000062c      0x68a src/OCTO_USART.o
 .debug_loc     0x00000cb6       0xe4 src/ASF/common2/services/delay/sam0/systick_counter.o
 .debug_loc     0x00000d9a      0x75f src/ASF/sam0/drivers/rtc/rtc_sam_d_r/rtc_count.o
 .debug_loc     0x000014f9      0x1de src/ASF/sam0/drivers/rtc/rtc_sam_d_r/rtc_count_interrupt.o
 .debug_loc     0x000016d7       0xf0 src/ASF/sam0/utils/stdio/read.o
 .debug_loc     0x000017c7      0x130 src/ASF/sam0/utils/stdio/write.o
 .debug_loc     0x000018f7      0x87a src/OCTO_ADC.o
 .debug_loc     0x00002171       0xd5 src/OCTO_DAC.o
 .debug_loc     0x00002246      0x1eb src/OCTO_I2C.o
 .debug_loc     0x00002431       0x80 src/OCTO_RTC.o
 .debug_loc     0x000024b1      0x8aa src/ASF/sam0/drivers/adc/adc_sam_d_r/adc.o
 .debug_loc     0x00002d5b      0x2f9 src/ASF/sam0/drivers/adc/adc_sam_d_r/adc_callback.o
 .debug_loc     0x00003054      0x6dc src/ASF/sam0/drivers/dac/dac_sam_d_c/dac.o
 .debug_loc     0x00003730      0x3c6 src/ASF/sam0/drivers/dac/dac_sam_d_c/dac_callback.o
 .debug_loc     0x00003af6      0x13d src/ASF/sam0/drivers/port/port.o
 .debug_loc     0x00003c33      0xdcf src/ASF/sam0/drivers/sercom/i2c/i2c_sam0/i2c_master.o
 .debug_loc     0x00004a02      0x5fb src/ASF/sam0/drivers/sercom/i2c/i2c_sam0/i2c_master_interrupt.o
 .debug_loc     0x00004ffd      0x900 src/ASF/sam0/drivers/sercom/sercom.o
 .debug_loc     0x000058fd      0xc45 src/ASF/sam0/drivers/sercom/usart/usart.o
 .debug_loc     0x00006542      0x5bb src/ASF/sam0/drivers/sercom/usart/usart_interrupt.o
 .debug_loc     0x00006afd      0x170 src/ASF/sam0/drivers/sercom/sercom_interrupt.o
 .debug_loc     0x00006c6d      0x16a src/ASF/common2/boards/user_board/init.o
 .debug_loc     0x00006dd7      0xf1d src/ASF/sam0/drivers/system/clock/clock_samd21_r21_da/clock.o
 .debug_loc     0x00007cf4      0x4e3 src/ASF/sam0/drivers/system/clock/clock_samd21_r21_da/gclk.o
 .debug_loc     0x000081d7      0x37a src/ASF/sam0/drivers/system/pinmux/pinmux.o
 .debug_loc     0x00008551       0x20 src/ASF/sam0/drivers/system/system.o
 .debug_loc     0x00008571       0x20 src/ASF/sam0/utils/cmsis/samd21/source/gcc/startup_samd21.o
 .debug_loc     0x00008591      0x11d src/ASF/sam0/utils/syscalls/gcc/syscalls.o
 .debug_loc     0x000086ae      0x36d src/main.o

.debug_aranges  0x00000000      0x9b8
 .debug_aranges
                0x00000000       0x48 src/ASF/sam0/drivers/extint/extint_callback.o
 .debug_aranges
                0x00000048       0x50 src/ASF/sam0/drivers/extint/extint_sam_d_r/extint.o
 .debug_aranges
                0x00000098       0x70 src/OCTO_USART.o
 .debug_aranges
                0x00000108       0x30 src/ASF/common2/services/delay/sam0/systick_counter.o
 .debug_aranges
                0x00000138       0x88 src/ASF/sam0/drivers/rtc/rtc_sam_d_r/rtc_count.o
 .debug_aranges
                0x000001c0       0x40 src/ASF/sam0/drivers/rtc/rtc_sam_d_r/rtc_count_interrupt.o
 .debug_aranges
                0x00000200       0x20 src/ASF/sam0/utils/stdio/read.o
 .debug_aranges
                0x00000220       0x20 src/ASF/sam0/utils/stdio/write.o
 .debug_aranges
                0x00000240       0x40 src/OCTO_ADC.o
 .debug_aranges
                0x00000280       0x28 src/OCTO_DAC.o
 .debug_aranges
                0x000002a8       0x28 src/OCTO_I2C.o
 .debug_aranges
                0x000002d0       0x38 src/OCTO_RTC.o
 .debug_aranges
                0x00000308       0x38 src/ASF/sam0/drivers/adc/adc_sam_d_r/adc.o
 .debug_aranges
                0x00000340       0x48 src/ASF/sam0/drivers/adc/adc_sam_d_r/adc_callback.o
 .debug_aranges
                0x00000388       0xa8 src/ASF/sam0/drivers/dac/dac_sam_d_c/dac.o
 .debug_aranges
                0x00000430       0x60 src/ASF/sam0/drivers/dac/dac_sam_d_c/dac_callback.o
 .debug_aranges
                0x00000490       0x28 src/ASF/sam0/drivers/port/port.o
 .debug_aranges
                0x000004b8       0xa0 src/ASF/sam0/drivers/sercom/i2c/i2c_sam0/i2c_master.o
 .debug_aranges
                0x00000558       0x90 src/ASF/sam0/drivers/sercom/i2c/i2c_sam0/i2c_master_interrupt.o
 .debug_aranges
                0x000005e8       0x40 src/ASF/sam0/drivers/sercom/sercom.o
 .debug_aranges
                0x00000628       0x40 src/ASF/sam0/drivers/sercom/usart/usart.o
 .debug_aranges
                0x00000668       0x70 src/ASF/sam0/drivers/sercom/usart/usart_interrupt.o
 .debug_aranges
                0x000006d8       0x50 src/ASF/sam0/drivers/sercom/sercom_interrupt.o
 .debug_aranges
                0x00000728       0x20 src/ASF/common2/boards/user_board/init.o
 .debug_aranges
                0x00000748       0x28 src/ASF/common/utils/interrupt/interrupt_sam_nvic.o
 .debug_aranges
                0x00000770       0x78 src/ASF/sam0/drivers/system/clock/clock_samd21_r21_da/clock.o
 .debug_aranges
                0x000007e8       0x80 src/ASF/sam0/drivers/system/clock/clock_samd21_r21_da/gclk.o
 .debug_aranges
                0x00000868       0x40 src/ASF/sam0/drivers/system/pinmux/pinmux.o
 .debug_aranges
                0x000008a8       0x28 src/ASF/sam0/drivers/system/system.o
 .debug_aranges
                0x000008d0       0x28 src/ASF/sam0/utils/cmsis/samd21/source/gcc/startup_samd21.o
 .debug_aranges
                0x000008f8       0x60 src/ASF/sam0/utils/syscalls/gcc/syscalls.o
 .debug_aranges
                0x00000958       0x60 src/main.o

.debug_ranges   0x00000000      0x9f8
 .debug_ranges  0x00000000       0x60 src/ASF/sam0/drivers/extint/extint_callback.o
 .debug_ranges  0x00000060       0x40 src/ASF/sam0/drivers/extint/extint_sam_d_r/extint.o
 .debug_ranges  0x000000a0       0x60 src/OCTO_USART.o
 .debug_ranges  0x00000100       0x50 src/ASF/common2/services/delay/sam0/systick_counter.o
 .debug_ranges  0x00000150       0x78 src/ASF/sam0/drivers/rtc/rtc_sam_d_r/rtc_count.o
 .debug_ranges  0x000001c8       0x30 src/ASF/sam0/drivers/rtc/rtc_sam_d_r/rtc_count_interrupt.o
 .debug_ranges  0x000001f8       0x10 src/ASF/sam0/utils/stdio/read.o
 .debug_ranges  0x00000208       0x10 src/ASF/sam0/utils/stdio/write.o
 .debug_ranges  0x00000218       0x30 src/OCTO_ADC.o
 .debug_ranges  0x00000248       0x18 src/OCTO_DAC.o
 .debug_ranges  0x00000260       0x18 src/OCTO_I2C.o
 .debug_ranges  0x00000278       0x28 src/OCTO_RTC.o
 .debug_ranges  0x000002a0       0x88 src/ASF/sam0/drivers/adc/adc_sam_d_r/adc.o
 .debug_ranges  0x00000328       0x38 src/ASF/sam0/drivers/adc/adc_sam_d_r/adc_callback.o
 .debug_ranges  0x00000360       0xb8 src/ASF/sam0/drivers/dac/dac_sam_d_c/dac.o
 .debug_ranges  0x00000418       0x50 src/ASF/sam0/drivers/dac/dac_sam_d_c/dac_callback.o
 .debug_ranges  0x00000468       0x18 src/ASF/sam0/drivers/port/port.o
 .debug_ranges  0x00000480       0xc0 src/ASF/sam0/drivers/sercom/i2c/i2c_sam0/i2c_master.o
 .debug_ranges  0x00000540       0x98 src/ASF/sam0/drivers/sercom/i2c/i2c_sam0/i2c_master_interrupt.o
 .debug_ranges  0x000005d8       0x60 src/ASF/sam0/drivers/sercom/sercom.o
 .debug_ranges  0x00000638       0xe0 src/ASF/sam0/drivers/sercom/usart/usart.o
 .debug_ranges  0x00000718       0x60 src/ASF/sam0/drivers/sercom/usart/usart_interrupt.o
 .debug_ranges  0x00000778       0x40 src/ASF/sam0/drivers/sercom/sercom_interrupt.o
 .debug_ranges  0x000007b8       0x10 src/ASF/common2/boards/user_board/init.o
 .debug_ranges  0x000007c8       0x18 src/ASF/common/utils/interrupt/interrupt_sam_nvic.o
 .debug_ranges  0x000007e0       0x68 src/ASF/sam0/drivers/system/clock/clock_samd21_r21_da/clock.o
 .debug_ranges  0x00000848       0x70 src/ASF/sam0/drivers/system/clock/clock_samd21_r21_da/gclk.o
 .debug_ranges  0x000008b8       0x30 src/ASF/sam0/drivers/system/pinmux/pinmux.o
 .debug_ranges  0x000008e8       0x18 src/ASF/sam0/drivers/system/system.o
 .debug_ranges  0x00000900       0x18 src/ASF/sam0/utils/cmsis/samd21/source/gcc/startup_samd21.o
 .debug_ranges  0x00000918       0x50 src/ASF/sam0/utils/syscalls/gcc/syscalls.o
 .debug_ranges  0x00000968       0x90 src/main.o

.debug_macro    0x00000000    0x1e3e4
 .debug_macro   0x00000000      0x4e4 src/ASF/sam0/drivers/extint/extint_callback.o
 .debug_macro   0x000004e4      0x85c src/ASF/sam0/drivers/extint/extint_callback.o
 .debug_macro   0x00000d40      0x16d src/ASF/sam0/drivers/extint/extint_callback.o
 .debug_macro   0x00000ead      0x644 src/ASF/sam0/drivers/extint/extint_callback.o
 .debug_macro   0x000014f1       0x22 src/ASF/sam0/drivers/extint/extint_callback.o
 .debug_macro   0x00001513       0x87 src/ASF/sam0/drivers/extint/extint_callback.o
 .debug_macro   0x0000159a       0x44 src/ASF/sam0/drivers/extint/extint_callback.o
 .debug_macro   0x000015de       0xfd src/ASF/sam0/drivers/extint/extint_callback.o
 .debug_macro   0x000016db       0x22 src/ASF/sam0/drivers/extint/extint_callback.o
 .debug_macro   0x000016fd      0x1df src/ASF/sam0/drivers/extint/extint_callback.o
 .debug_macro   0x000018dc       0x10 src/ASF/sam0/drivers/extint/extint_callback.o
 .debug_macro   0x000018ec       0x76 src/ASF/sam0/drivers/extint/extint_callback.o
 .debug_macro   0x00001962       0x16 src/ASF/sam0/drivers/extint/extint_callback.o
 .debug_macro   0x00001978      0x6e5 src/ASF/sam0/drivers/extint/extint_callback.o
 .debug_macro   0x0000205d      0xde2 src/ASF/sam0/drivers/extint/extint_callback.o
 .debug_macro   0x00002e3f       0x22 src/ASF/sam0/drivers/extint/extint_callback.o
 .debug_macro   0x00002e61       0x40 src/ASF/sam0/drivers/extint/extint_callback.o
 .debug_macro   0x00002ea1       0x3a src/ASF/sam0/drivers/extint/extint_callback.o
 .debug_macro   0x00002edb       0x1f src/ASF/sam0/drivers/extint/extint_callback.o
 .debug_macro   0x00002efa      0x250 src/ASF/sam0/drivers/extint/extint_callback.o
 .debug_macro   0x0000314a      0x682 src/ASF/sam0/drivers/extint/extint_callback.o
 .debug_macro   0x000037cc      0x8c1 src/ASF/sam0/drivers/extint/extint_callback.o
 .debug_macro   0x0000408d      0x235 src/ASF/sam0/drivers/extint/extint_callback.o
 .debug_macro   0x000042c2      0xd66 src/ASF/sam0/drivers/extint/extint_callback.o
 .debug_macro   0x00005028      0x4ce src/ASF/sam0/drivers/extint/extint_callback.o
 .debug_macro   0x000054f6      0x9fb src/ASF/sam0/drivers/extint/extint_callback.o
 .debug_macro   0x00005ef1      0x82e src/ASF/sam0/drivers/extint/extint_callback.o
 .debug_macro   0x0000671f      0x462 src/ASF/sam0/drivers/extint/extint_callback.o
 .debug_macro   0x00006b81       0x5e src/ASF/sam0/drivers/extint/extint_callback.o
 .debug_macro   0x00006bdf      0x907 src/ASF/sam0/drivers/extint/extint_callback.o
 .debug_macro   0x000074e6      0x226 src/ASF/sam0/drivers/extint/extint_callback.o
 .debug_macro   0x0000770c      0x9d3 src/ASF/sam0/drivers/extint/extint_callback.o
 .debug_macro   0x000080df       0x5e src/ASF/sam0/drivers/extint/extint_callback.o
 .debug_macro   0x0000813d      0x682 src/ASF/sam0/drivers/extint/extint_callback.o
 .debug_macro   0x000087bf      0x3b8 src/ASF/sam0/drivers/extint/extint_callback.o
 .debug_macro   0x00008b77      0xc55 src/ASF/sam0/drivers/extint/extint_callback.o
 .debug_macro   0x000097cc     0x1093 src/ASF/sam0/drivers/extint/extint_callback.o
 .debug_macro   0x0000a85f      0xc4a src/ASF/sam0/drivers/extint/extint_callback.o
 .debug_macro   0x0000b4a9      0x6c2 src/ASF/sam0/drivers/extint/extint_callback.o
 .debug_macro   0x0000bb6b     0x1b4e src/ASF/sam0/drivers/extint/extint_callback.o
 .debug_macro   0x0000d6b9     0x144d src/ASF/sam0/drivers/extint/extint_callback.o
 .debug_macro   0x0000eb06      0x351 src/ASF/sam0/drivers/extint/extint_callback.o
 .debug_macro   0x0000ee57       0x7c src/ASF/sam0/drivers/extint/extint_callback.o
 .debug_macro   0x0000eed3       0xa0 src/ASF/sam0/drivers/extint/extint_callback.o
 .debug_macro   0x0000ef73       0x4c src/ASF/sam0/drivers/extint/extint_callback.o
 .debug_macro   0x0000efbf       0xca src/ASF/sam0/drivers/extint/extint_callback.o
 .debug_macro   0x0000f089       0x94 src/ASF/sam0/drivers/extint/extint_callback.o
 .debug_macro   0x0000f11d       0x58 src/ASF/sam0/drivers/extint/extint_callback.o
 .debug_macro   0x0000f175      0x38a src/ASF/sam0/drivers/extint/extint_callback.o
 .debug_macro   0x0000f4ff       0x82 src/ASF/sam0/drivers/extint/extint_callback.o
 .debug_macro   0x0000f581      0x19a src/ASF/sam0/drivers/extint/extint_callback.o
 .debug_macro   0x0000f71b       0xb8 src/ASF/sam0/drivers/extint/extint_callback.o
 .debug_macro   0x0000f7d3       0xa0 src/ASF/sam0/drivers/extint/extint_callback.o
 .debug_macro   0x0000f873       0xbe src/ASF/sam0/drivers/extint/extint_callback.o
 .debug_macro   0x0000f931       0x1c src/ASF/sam0/drivers/extint/extint_callback.o
 .debug_macro   0x0000f94d       0x1c src/ASF/sam0/drivers/extint/extint_callback.o
 .debug_macro   0x0000f969       0x1c src/ASF/sam0/drivers/extint/extint_callback.o
 .debug_macro   0x0000f985       0x82 src/ASF/sam0/drivers/extint/extint_callback.o
 .debug_macro   0x0000fa07      0x164 src/ASF/sam0/drivers/extint/extint_callback.o
 .debug_macro   0x0000fb6b       0xdc src/ASF/sam0/drivers/extint/extint_callback.o
 .debug_macro   0x0000fc47      0x132 src/ASF/sam0/drivers/extint/extint_callback.o
 .debug_macro   0x0000fd79      0x132 src/ASF/sam0/drivers/extint/extint_callback.o
 .debug_macro   0x0000feab      0x132 src/ASF/sam0/drivers/extint/extint_callback.o
 .debug_macro   0x0000ffdd      0x132 src/ASF/sam0/drivers/extint/extint_callback.o
 .debug_macro   0x0001010f      0x11e src/ASF/sam0/drivers/extint/extint_callback.o
 .debug_macro   0x0001022d       0xe2 src/ASF/sam0/drivers/extint/extint_callback.o
 .debug_macro   0x0001030f       0xe2 src/ASF/sam0/drivers/extint/extint_callback.o
 .debug_macro   0x000103f1       0xe2 src/ASF/sam0/drivers/extint/extint_callback.o
 .debug_macro   0x000104d3      0x136 src/ASF/sam0/drivers/extint/extint_callback.o
 .debug_macro   0x00010609      0x106 src/ASF/sam0/drivers/extint/extint_callback.o
 .debug_macro   0x0001070f       0xfa src/ASF/sam0/drivers/extint/extint_callback.o
 .debug_macro   0x00010809      0x40f src/ASF/sam0/drivers/extint/extint_callback.o
 .debug_macro   0x00010c18       0x40 src/ASF/sam0/drivers/extint/extint_callback.o
 .debug_macro   0x00010c58      0x345 src/ASF/sam0/drivers/extint/extint_callback.o
 .debug_macro   0x00010f9d      0xf7d src/ASF/sam0/drivers/extint/extint_callback.o
 .debug_macro   0x00011f1a       0x51 src/ASF/sam0/drivers/extint/extint_callback.o
 .debug_macro   0x00011f6b       0x52 src/ASF/sam0/drivers/extint/extint_callback.o
 .debug_macro   0x00011fbd       0x35 src/ASF/sam0/drivers/extint/extint_callback.o
 .debug_macro   0x00011ff2       0x9c src/ASF/sam0/drivers/extint/extint_callback.o
 .debug_macro   0x0001208e       0x16 src/ASF/sam0/drivers/extint/extint_callback.o
 .debug_macro   0x000120a4       0x35 src/ASF/sam0/drivers/extint/extint_callback.o
 .debug_macro   0x000120d9      0x330 src/ASF/sam0/drivers/extint/extint_callback.o
 .debug_macro   0x00012409       0x10 src/ASF/sam0/drivers/extint/extint_callback.o
 .debug_macro   0x00012419       0x52 src/ASF/sam0/drivers/extint/extint_callback.o
 .debug_macro   0x0001246b       0x16 src/ASF/sam0/drivers/extint/extint_callback.o
 .debug_macro   0x00012481       0x43 src/ASF/sam0/drivers/extint/extint_callback.o
 .debug_macro   0x000124c4      0x187 src/ASF/sam0/drivers/extint/extint_callback.o
 .debug_macro   0x0001264b       0x22 src/ASF/sam0/drivers/extint/extint_callback.o
 .debug_macro   0x0001266d       0x3a src/ASF/sam0/drivers/extint/extint_callback.o
 .debug_macro   0x000126a7       0x10 src/ASF/sam0/drivers/extint/extint_callback.o
 .debug_macro   0x000126b7       0x40 src/ASF/sam0/drivers/extint/extint_callback.o
 .debug_macro   0x000126f7       0x6c src/ASF/sam0/drivers/extint/extint_callback.o
 .debug_macro   0x00012763       0x16 src/ASF/sam0/drivers/extint/extint_callback.o
 .debug_macro   0x00012779      0x182 src/ASF/sam0/drivers/extint/extint_callback.o
 .debug_macro   0x000128fb       0x16 src/ASF/sam0/drivers/extint/extint_callback.o
 .debug_macro   0x00012911       0x16 src/ASF/sam0/drivers/extint/extint_callback.o
 .debug_macro   0x00012927       0x29 src/ASF/sam0/drivers/extint/extint_callback.o
 .debug_macro   0x00012950       0x51 src/ASF/sam0/drivers/extint/extint_callback.o
 .debug_macro   0x000129a1       0x3f src/ASF/sam0/drivers/extint/extint_callback.o
 .debug_macro   0x000129e0      0x3df src/ASF/sam0/drivers/extint/extint_callback.o
 .debug_macro   0x00012dbf       0x18 src/ASF/sam0/drivers/extint/extint_callback.o
 .debug_macro   0x00012dd7       0x19 src/ASF/sam0/drivers/extint/extint_callback.o
 .debug_macro   0x00012df0      0x53f src/ASF/sam0/drivers/extint/extint_sam_d_r/extint.o
 .debug_macro   0x0001332f       0x11 src/ASF/sam0/drivers/extint/extint_sam_d_r/extint.o
 .debug_macro   0x00013340       0x2e src/ASF/sam0/drivers/extint/extint_sam_d_r/extint.o
 .debug_macro   0x0001336e       0x1f src/ASF/sam0/drivers/extint/extint_sam_d_r/extint.o